 TWSDNetPay

 Timestamp is 6241628d (Mon Mar 28 15:23:57 2022)

 Preferred load address is 10000000

 Start         Length     Name                   Class
 0001:00000000 0004360eH .text                   CODE
 0001:00043610 000029f8H .text$x                 CODE
 0001:00046010 000003a1H .text$yc                CODE
 0001:000463c0 00000195H .text$yd                CODE
 0002:00000000 000003c8H .idata$5                DATA
 0002:000003c8 00000004H .CRT$XCA                DATA
 0002:000003cc 00000018H .CRT$XCC                DATA
 0002:000003e4 0000000cH .CRT$XCL                DATA
 0002:000003f0 0000004cH .CRT$XCU                DATA
 0002:0000043c 00000004H .CRT$XCZ                DATA
 0002:00000440 00000004H .CRT$XIA                DATA
 0002:00000444 00000014H .CRT$XIC                DATA
 0002:00000458 00000004H .CRT$XID                DATA
 0002:0000045c 00000004H .CRT$XIZ                DATA
 0002:00000460 00000004H .CRT$XPA                DATA
 0002:00000464 00000004H .CRT$XPX                DATA
 0002:00000468 00000004H .CRT$XPXA               DATA
 0002:0000046c 00000004H .CRT$XPZ                DATA
 0002:00000470 00000004H .CRT$XTA                DATA
 0002:00000474 00000004H .CRT$XTZ                DATA
 0002:00000480 00004968H .rdata                  DATA
 0002:00004de8 00000054H .rdata$debug            DATA
 0002:00004e3c 000017c8H .rdata$r                DATA
 0002:00006610 000002b8H .rdata$sxdata           DATA
 0002:000068c8 00000004H .rtc$IAA                DATA
 0002:000068cc 00000004H .rtc$IZZ                DATA
 0002:000068d0 00000004H .rtc$TAA                DATA
 0002:000068d4 00000004H .rtc$TZZ                DATA
 0002:000068d8 00003b88H .xdata$x                DATA
 0002:0000a460 00000000H ATL$__a                 DATA
 0002:0000a460 00000000H ATL$__z                 DATA
 0002:0000a460 00000020H .didat$2                DATA
 0002:0000a480 00000020H .didat$3                DATA
 0002:0000a4a0 0000000cH .didat$4                DATA
 0002:0000a4ac 00000030H .didat$6                DATA
 0002:0000a4dc 0000000cH .didat$7                DATA
 0002:0000a4e8 00000078H .idata$2                DATA
 0002:0000a560 00000014H .idata$3                DATA
 0002:0000a574 000003c8H .idata$4                DATA
 0002:0000a93c 00000fe0H .idata$6                DATA
 0002:0000b920 0000071bH .edata                  DATA
 0003:00000000 0000238dH .data                   DATA
 0003:00002390 0000000cH .didat$5                DATA
 0003:000023a0 00003d5cH .bss                    DATA
 0004:00000000 00000058H .rsrc$01                DATA
 0004:00000060 00000280H .rsrc$02                DATA

  Address         Publics by Value              Rva+Base       Lib:Object

 0000:00000000       __except_list              00000000     <absolute>
 0000:000000ae       ___safe_se_handler_count   000000ae     <absolute>
 0000:00000000       ___ImageBase               10000000     <linker-defined>
 0001:00000000       ??1bad_alloc@std@@UAE@XZ   10001000 f i CommonFrameMain.obj
 0001:00000010       ??_Ebad_alloc@std@@UAEPAXI@Z 10001010 f i  CIL library: CIL module
 0001:00000010       ??_Gbad_alloc@std@@UAEPAXI@Z 10001010 f i CommonFrameMain.obj
 0001:00000040       ??3@YAXPAX0@Z              10001040 f i CommonFrameMain.obj
 0001:00000050       ?compare@?$char_traits@D@std@@SAHPBD0I@Z 10001050 f i CommonFrameMain.obj
 0001:000000e0       ??0logic_error@std@@QAE@ABV?$basic_string@DU?$char_traits@D@std@@V?$allocator@D@2@@1@@Z 100010e0 f i CommonFrameMain.obj
 0001:00000150       ?what@runtime_error@std@@UBEPBDXZ 10001150 f i CommonFrameMain.obj
 0001:00000150       ?what@logic_error@std@@UBEPBDXZ 10001150 f i CommonFrameMain.obj
 0001:00000160       ??1out_of_range@std@@UAE@XZ 10001160 f i CommonFrameMain.obj
 0001:00000160       ??1length_error@std@@UAE@XZ 10001160 f i CommonFrameMain.obj
 0001:000001a0       ??_Elength_error@std@@UAEPAXI@Z 100011a0 f i  CIL library: CIL module
 0001:000001a0       ??_Glength_error@std@@UAEPAXI@Z 100011a0 f i CommonFrameMain.obj
 0001:000001a0       ??_Eout_of_range@std@@UAEPAXI@Z 100011a0 f i  CIL library: CIL module
 0001:000001a0       ??_Glogic_error@std@@UAEPAXI@Z 100011a0 f i CommonFrameMain.obj
 0001:000001a0       ??_Elogic_error@std@@UAEPAXI@Z 100011a0 f i  CIL library: CIL module
 0001:000001a0       ??_Gout_of_range@std@@UAEPAXI@Z 100011a0 f i CommonFrameMain.obj
 0001:000001f0       ??0runtime_error@std@@QAE@ABV?$basic_string@DU?$char_traits@D@std@@V?$allocator@D@2@@1@@Z 100011f0 f i CommonFrameMain.obj
 0001:00000260       ??_Gfailure@ios_base@std@@UAEPAXI@Z 10001260 f i CommonFrameMain.obj
 0001:00000260       ??_Gruntime_error@std@@UAEPAXI@Z 10001260 f i CommonFrameMain.obj
 0001:00000260       ??_Efailure@ios_base@std@@UAEPAXI@Z 10001260 f i  CIL library: CIL module
 0001:00000260       ??_Eruntime_error@std@@UAEPAXI@Z 10001260 f i  CIL library: CIL module
 0001:000002b0       ??0_Locinfo@std@@QAE@PBD@Z 100012b0 f i CommonFrameMain.obj
 0001:00000340       ??1_Locinfo@std@@QAE@XZ    10001340 f i CommonFrameMain.obj
 0001:00000420       ??0runtime_error@std@@QAE@ABV01@@Z 10001420 f i CommonFrameMain.obj
 0001:000004a0       ?_Incref@facet@locale@std@@QAEXXZ 100014a0 f i CommonFrameMain.obj
 0001:000004d0       ?_Decref@facet@locale@std@@QAEPAV123@XZ 100014d0 f i CommonFrameMain.obj
 0001:00000510       ??1facet@locale@std@@UAE@XZ 10001510 f i CommonFrameMain.obj
 0001:00000520       ??1locale@std@@QAE@XZ      10001520 f i CommonFrameMain.obj
 0001:00000570       ??_Gfacet@locale@std@@UAEPAXI@Z 10001570 f i CommonFrameMain.obj
 0001:00000570       ??_E?$num_put@DV?$ostreambuf_iterator@DU?$char_traits@D@std@@@std@@@std@@MAEPAXI@Z 10001570 f i  CIL library: CIL module
 0001:00000570       ??_G?$codecvt@DDH@std@@MAEPAXI@Z 10001570 f i CommonFrameMain.obj
 0001:00000570       ??_E?$codecvt@DDH@std@@MAEPAXI@Z 10001570 f i  CIL library: CIL module
 0001:00000570       ??_Efacet@locale@std@@UAEPAXI@Z 10001570 f i  CIL library: CIL module
 0001:00000570       ??_G?$num_put@DV?$ostreambuf_iterator@DU?$char_traits@D@std@@@std@@@std@@MAEPAXI@Z 10001570 f i json_writer.obj
 0001:00000590       ?do_always_noconv@codecvt_base@std@@MBE_NXZ 10001590 f i CommonFrameMain.obj
 0001:000005a0       ?do_max_length@codecvt_base@std@@MBEHXZ 100015a0 f i CommonFrameMain.obj
 0001:000005a0       ?do_encoding@codecvt_base@std@@MBEHXZ 100015a0 f i CommonFrameMain.obj
 0001:000005b0       ??1codecvt_base@std@@UAE@XZ 100015b0 f i CommonFrameMain.obj
 0001:000005b0       ??1ctype_base@std@@UAE@XZ  100015b0 f i CommonFrameMain.obj
 0001:000005c0       ??0out_of_range@std@@QAE@ABV01@@Z 100015c0 f i CommonFrameMain.obj
 0001:000005e0       ??0logic_error@std@@QAE@ABV01@@Z 100015e0 f i CommonFrameMain.obj
 0001:00000660       ??0?$ctype@D@std@@QAE@PBF_NI@Z 10001660 f i CommonFrameMain.obj
 0001:00000710       ?_Getcat@?$ctype@D@std@@SAIPAPBVfacet@locale@2@@Z 10001710 f i CommonFrameMain.obj
 0001:00000780       ?do_tolower@?$ctype@D@std@@MBEDD@Z 10001780 f i CommonFrameMain.obj
 0001:000007a0       ?do_tolower@?$ctype@D@std@@MBEPBDPADPBD@Z 100017a0 f i CommonFrameMain.obj
 0001:000007d0       ?do_toupper@?$ctype@D@std@@MBEDD@Z 100017d0 f i CommonFrameMain.obj
 0001:000007f0       ?do_toupper@?$ctype@D@std@@MBEPBDPADPBD@Z 100017f0 f i CommonFrameMain.obj
 0001:00000820       ?do_widen@?$ctype@D@std@@MBEDD@Z 10001820 f i CommonFrameMain.obj
 0001:00000830       ?do_widen@?$ctype@D@std@@MBEPBDPBD0PAD@Z 10001830 f i CommonFrameMain.obj
 0001:00000860       ?_Do_widen_s@?$ctype@D@std@@MBEPBDPBD0PADI@Z 10001860 f i CommonFrameMain.obj
 0001:000008a0       ?do_narrow@?$ctype@D@std@@MBEDDD@Z 100018a0 f i CommonFrameMain.obj
 0001:000008b0       ?do_narrow@?$ctype@D@std@@MBEPBDPBD0DPAD@Z 100018b0 f i CommonFrameMain.obj
 0001:000008e0       ?_Do_narrow_s@?$ctype@D@std@@MBEPBDPBD0DPADI@Z 100018e0 f i CommonFrameMain.obj
 0001:00000920       ??_G?$ctype@D@std@@MAEPAXI@Z 10001920 f i CommonFrameMain.obj
 0001:00000920       ??_E?$ctype@D@std@@MAEPAXI@Z 10001920 f i  CIL library: CIL module
 0001:00000970       ??1runtime_error@std@@UAE@XZ 10001970 f i CommonFrameMain.obj
 0001:00000970       ??1failure@ios_base@std@@UAE@XZ 10001970 f i CommonFrameMain.obj
 0001:000009b0       ?clear@ios_base@std@@QAEXH_N@Z 100019b0 f i CommonFrameMain.obj
 0001:00000ae0       ?getloc@ios_base@std@@QBE?AVlocale@2@XZ 10001ae0 f i CommonFrameMain.obj
 0001:00000b10       ?_Init@ios_base@std@@IAEXXZ 10001b10 f i CommonFrameMain.obj
 0001:00000ba0       ??0failure@ios_base@std@@QAE@ABV012@@Z 10001ba0 f i CommonFrameMain.obj
 0001:00000bc0       ??1FastWriter@Json@@UAE@XZ 10001bc0 f i CommonFrameMain.obj
 0001:00000c00       ??_GFastWriter@Json@@UAEPAXI@Z 10001c00 f i CommonFrameMain.obj
 0001:00000c00       ??_EFastWriter@Json@@UAEPAXI@Z 10001c00 f i  CIL library: CIL module
 0001:00000c50       ??1CScopeLock@@QAE@XZ      10001c50 f i CommonFrameMain.obj
 0001:00000c60       ??$_Fputc@D@std@@YA_NDPAU_iobuf@@@Z 10001c60 f i CommonFrameMain.obj
 0001:00000c80       ?GetCurTimeStr@@YA?BV?$basic_string@DU?$char_traits@D@std@@V?$allocator@D@2@@std@@XZ 10001c80 f   CommonFrameMain.obj
 0001:00000d50       ?Debug_log@@YAXABV?$basic_string@DU?$char_traits@D@std@@V?$allocator@D@2@@std@@@Z 10001d50 f   CommonFrameMain.obj
 0001:00000e90       ??_D?$basic_ofstream@DU?$char_traits@D@std@@@std@@QAEXXZ 10001e90 f i CommonFrameMain.obj
 0001:00000eb0       ?recvFromBus_X@@YAHHPADHH@Z 10001eb0 f   CommonFrameMain.obj
 0001:00000ed0       ?instance@CommonFrameMain@@SAPAV1@XZ 10001ed0 f   CommonFrameMain.obj
 0001:00000f60       ??1CommonFrameMain@@UAE@XZ 10001f60 f   CommonFrameMain.obj
 0001:00001100       ??_ECommonFrameMain@@UAEPAXI@Z 10002100 f i  CIL library: CIL module
 0001:00001100       ??_GCommonFrameMain@@UAEPAXI@Z 10002100 f i CommonFrameMain.obj
 0001:00001120       ??1EventInit@CommonFrameMain@@QAE@XZ 10002120 f i CommonFrameMain.obj
 0001:00001120       ??1NetPayInit1@CommonFrameMain@@QAE@XZ 10002120 f i CommonFrameMain.obj
 0001:00001120       ??1NetPayInit4@CommonFrameMain@@QAE@XZ 10002120 f i CommonFrameMain.obj
 0001:000011a0       ??1NetPayInit2@CommonFrameMain@@QAE@XZ 100021a0 f i CommonFrameMain.obj
 0001:000011a0       ??1NetPayInit3@CommonFrameMain@@QAE@XZ 100021a0 f i CommonFrameMain.obj
 0001:00001220       ??1?$map@V?$basic_string@DU?$char_traits@D@std@@V?$allocator@D@2@@std@@HU?$less@V?$basic_string@DU?$char_traits@D@std@@V?$allocator@D@2@@std@@@2@V?$allocator@U?$pair@$$CBV?$basic_string@DU?$char_traits@D@std@@V?$allocator@D@2@@std@@H@std@@@2@@std@@QAE@XZ 10002220 f i CommonFrameMain.obj
 0001:00001220       ??1?$map@V?$basic_string@DU?$char_traits@D@std@@V?$allocator@D@2@@std@@PAUHINSTANCE__@@U?$less@V?$basic_string@DU?$char_traits@D@std@@V?$allocator@D@2@@std@@@2@V?$allocator@U?$pair@$$CBV?$basic_string@DU?$char_traits@D@std@@V?$allocator@D@2@@std@@PAUHINSTANCE__@@@std@@@2@@std@@QAE@XZ 10002220 f i CommonFrameMain.obj
 0001:00001230       ??0CommonFrameMain@@AAE@XZ 10002230 f   CommonFrameMain.obj
 0001:000016f0       ?ParseConfigDll@CommonFrameMain@@QAE?AV?$set@V?$basic_string@DU?$char_traits@D@std@@V?$allocator@D@2@@std@@U?$less@V?$basic_string@DU?$char_traits@D@std@@V?$allocator@D@2@@std@@@2@V?$allocator@V?$basic_string@DU?$char_traits@D@std@@V?$allocator@D@2@@std@@@2@@std@@ABV?$basic_string@DU?$char_traits@D@std@@V?$allocator@D@2@@3@@Z 100026f0 f   CommonFrameMain.obj
 0001:00001e90       ??1?$set@V?$basic_string@DU?$char_traits@D@std@@V?$allocator@D@2@@std@@U?$less@V?$basic_string@DU?$char_traits@D@std@@V?$allocator@D@2@@std@@@2@V?$allocator@V?$basic_string@DU?$char_traits@D@std@@V?$allocator@D@2@@std@@@2@@std@@QAE@XZ 10002e90 f i CommonFrameMain.obj
 0001:00001ea0       ??_D?$basic_ifstream@DU?$char_traits@D@std@@@std@@QAEXXZ 10002ea0 f i CommonFrameMain.obj
 0001:00001ec0       ??1Reader@Json@@QAE@XZ     10002ec0 f i CommonFrameMain.obj
 0001:00001f20       ?recvFromBus@CommonFrameMain@@QAEHHPADHH@Z 10002f20 f   CommonFrameMain.obj
 0001:00001fe0       ?threadFun@CommonFrameMain@@SAHPAX@Z 10002fe0 f   CommonFrameMain.obj
 0001:00002030       ?tryUpdateDLL@CommonFrameMain@@QAEXXZ 10003030 f   CommonFrameMain.obj
 0001:00003c20       ?moveFile2loadLib@CommonFrameMain@@QAEXV?$basic_string@DU?$char_traits@D@std@@V?$allocator@D@2@@std@@@Z 10004c20 f   CommonFrameMain.obj
 0001:00003d40       ?loadLib@CommonFrameMain@@QAEXV?$basic_string@DU?$char_traits@D@std@@V?$allocator@D@2@@std@@AA_N@Z 10004d40 f   CommonFrameMain.obj
 0001:00004440       ??1?$pair@V?$basic_string@DU?$char_traits@D@std@@V?$allocator@D@2@@std@@PAUHINSTANCE__@@@std@@QAE@XZ 10005440 f i CommonFrameMain.obj
 0001:00004440       ?destroy@?$allocator@V?$basic_string@DU?$char_traits@D@std@@V?$allocator@D@2@@std@@@std@@QAEXPAV?$basic_string@DU?$char_traits@D@std@@V?$allocator@D@2@@2@@Z 10005440 f i CommonFrameMain.obj
 0001:00004440       ??1?$pair@$$CBV?$basic_string@DU?$char_traits@D@std@@V?$allocator@D@2@@std@@PAUHINSTANCE__@@@std@@QAE@XZ 10005440 f i CommonFrameMain.obj
 0001:00004440       ??1?$pair@$$CBV?$basic_string@DU?$char_traits@D@std@@V?$allocator@D@2@@std@@H@std@@QAE@XZ 10005440 f i CommonFrameMain.obj
 0001:00004440       ??1?$pair@V?$basic_string@DU?$char_traits@D@std@@V?$allocator@D@2@@std@@H@std@@QAE@XZ 10005440 f i CommonFrameMain.obj
 0001:00004470       ?unLoadLib@CommonFrameMain@@QAEXV?$basic_string@DU?$char_traits@D@std@@V?$allocator@D@2@@std@@@Z 10005470 f   CommonFrameMain.obj
 0001:00004a60       ?readFileName@CommonFrameMain@@AAEXXZ 10005a60 f   CommonFrameMain.obj
 0001:00004c30       ?IF_InitEnvironment@@YG_NABIABQAUHWND__@@0PBD222ABH@Z 10005c30 f   CommonFrameMain.obj
 0001:00005420       ?IF_InitEnvironment2@@YG_NABIABQAUHWND__@@PBD222ABHP6GXHH@Z@Z 10006420 f   CommonFrameMain.obj
 0001:00005830       ?IF_InitEnvironment3@@YG_NABIABQAUHWND__@@PBD222ABHPAXP6GXHH4@Z@Z 10006830 f   CommonFrameMain.obj
 0001:00005c60       ?IF_InitEnvironment4@@YG_NABIABQAUHWND__@@0PBD222ABHAAH4@Z 10006c60 f   CommonFrameMain.obj
 0001:000061c0       ?IF_Destroy@@YG_NXZ        100071c0 f   CommonFrameMain.obj
 0001:00006400       ?IF_GetLastErrorDesc@@YGPBDXZ 10007400 f   CommonFrameMain.obj
 0001:000065c0       ?IF_StartGetAccountInfo@@YG_NABH@Z 100075c0 f   CommonFrameMain.obj
 0001:00006730       ?IF_StopGetAccountInfo@@YG_NXZ 10007730 f   CommonFrameMain.obj
 0001:00006890       ?IF_GetAccountInfo@@YG_NPADAAHABH@Z 10007890 f   CommonFrameMain.obj
 0001:00006a20       ?IF_DebitMoney@@YG_NPBDABH1@Z 10007a20 f   CommonFrameMain.obj
 0001:00006bb0       ?IF_DebitCancel@@YG_NPBDABH1@Z 10007bb0 f   CommonFrameMain.obj
 0001:00006d40       ?IF_DebitCancel2@@YG_NPBDABH1@Z 10007d40 f   CommonFrameMain.obj
 0001:00006ed0       ?IF_GetDebitResult@@YG_NPADAAHABH@Z 10007ed0 f   CommonFrameMain.obj
 0001:00007060       ?IF_SetMMI@@YG_NPBDABH1@Z  10008060 f   CommonFrameMain.obj
 0001:000071f0       ?IF_GetParam@@YG_NPBDABH1PADAAH@Z 100081f0 f   CommonFrameMain.obj
 0001:00007390       ?IF_GetComponentStatus@@YG_NAAI@Z 10008390 f   CommonFrameMain.obj
 0001:00007500       ?IF_TranslateData@@YG_NPBDABH1@Z 10008500 f   CommonFrameMain.obj
 0001:00007690       ?IF_GetCancelResult@@YG_NPADAAHABH@Z 10008690 f   CommonFrameMain.obj
 0001:00007820       ?IF_TransferImage@@YG_NPBDABH1@Z 10008820 f   CommonFrameMain.obj
 0001:000079b0       ?IF_QueryAgentDebit@@YG_NPBDABH1AAH@Z 100089b0 f   CommonFrameMain.obj
 0001:00007b40       ?InitUpdateCore@@YAXABIABQAUHWND__@@0PBD222ABH@Z 10008b40 f   CommonFrameMain.obj
 0001:00007ca0       ?loadCommonBus@CommonFrameMain@@AAEXXZ 10008ca0 f   CommonFrameMain.obj
 0001:00007de0       ?IF_ITCEntryTrade@@YGHPBDABH1PADAAHH@Z 10008de0 f   CommonFrameMain.obj
 0001:00007f90       ?IF_ITCEntryQuery@@YGHPBDABH1PADAAHH_N@Z 10008f90 f   CommonFrameMain.obj
 0001:00008140       ?IF_ITCExitQuery@@YGHPBDABH1PADAAHH_N@Z 10009140 f   CommonFrameMain.obj
 0001:000082f0       ?IF_ITCExitTrade@@YGHPBDABH1PADAAHH@Z 100092f0 f   CommonFrameMain.obj
 0001:000084a0       ?IF_ITCQueryPath@@YGHPBDABH1PADAAHH@Z 100094a0 f   CommonFrameMain.obj
 0001:00008650       ?IF_GetServerTime@@YG_NAAIABH@Z 10009650 f   CommonFrameMain.obj
 0001:000087d0       ?IF_CompletionTicketNo@@YG_NPBDABH1@Z 100097d0 f   CommonFrameMain.obj
 0001:00008960       ?IF_SetVehicleStatus@@YG_NPBDABH1@Z 10009960 f   CommonFrameMain.obj
 0001:00008af0       ?IF_PrinterTicket@@YG_NPBDAAHABH@Z 10009af0 f   CommonFrameMain.obj
 0001:00008c80       ?IF_ReadCardInfo@@YG_NPADAAHABH@Z 10009c80 f   CommonFrameMain.obj
 0001:00008e10       ?IF_WriteCardInfo@@YG_NPADAAHABH@Z 10009e10 f   CommonFrameMain.obj
 0001:00008fa0       ?IF_TMP_SetUnipayEncrypt@@YG_NHPBDPAD@Z 10009fa0 f   CommonFrameMain.obj
 0001:00009120       ?IF_QueryVirtualCardDebit@@YG_NPBDABH1AAHPAD@Z 1000a120 f   CommonFrameMain.obj
 0001:000092c0       ?IF_AuditPayIdenfitier@@YG_NPBDAAH@Z 1000a2c0 f   CommonFrameMain.obj
 0001:00009440       ?IF_GetAuditResult@@YG_NPADAAH@Z 1000a440 f   CommonFrameMain.obj
 0001:000095c0       ?IF_QueryAgentDebitEtcUp@@YGHPBDABH1AAH1@Z 1000a5c0 f   CommonFrameMain.obj
 0001:00009770       ?IF_QueryAgentDebitResultEtcUp@@YGHPBDABH1PADAAHH@Z 1000a770 f   CommonFrameMain.obj
 0001:00009920       ?IF_DebitMoneyEtcUp@@YGHPBDABH1PADAAHH@Z 1000a920 f   CommonFrameMain.obj
 0001:00009ad0       ?IF_EventInitEnvironment3@@YG_NABIABQAUHWND__@@0PBD222ABHPAXP6AXHH4@Z@Z 1000aad0 f   CommonFrameMain.obj
 0001:00009dc0       ?IF_EventDestroy@@YG_NXZ   1000adc0 f   CommonFrameMain.obj
 0001:00009f20       ?IF_EventGetLastErrorDesc@@YGPBDXZ 1000af20 f   CommonFrameMain.obj
 0001:0000a0e0       ?IF_EventGetComponentStatus@@YG_NAAI@Z 1000b0e0 f   CommonFrameMain.obj
 0001:0000a250       ?IF_EventDealStart@@YG_NPBDABH1@Z 1000b250 f   CommonFrameMain.obj
 0001:0000a3e0       ?IF_EventCheckVehQueue@@YG_NPBDABH1@Z 1000b3e0 f   CommonFrameMain.obj
 0001:0000a570       ?IF_EventCheckVehInfo@@YG_NPBDABH1@Z 1000b570 f   CommonFrameMain.obj
 0001:0000a700       ?IF_EventCheckEntryInfo@@YG_NPBDABH1@Z 1000b700 f   CommonFrameMain.obj
 0001:0000a890       ?IF_EventShowFeeInfo@@YG_NPBDABH1@Z 1000b890 f   CommonFrameMain.obj
 0001:0000aa20       ?IF_EventPayResultDisplay@@YG_NPBDABH1@Z 1000ba20 f   CommonFrameMain.obj
 0001:0000abb0       ?IF_EventDealStop@@YG_NPBDABH1@Z 1000bbb0 f   CommonFrameMain.obj
 0001:0000ad40       ?IF_EventStartScan@@YG_NABH@Z 1000bd40 f   CommonFrameMain.obj
 0001:0000aeb0       ?IF_EventStopScan@@YG_NXZ  1000beb0 f   CommonFrameMain.obj
 0001:0000b010       ?IF_EventCardOperationNotify@@YG_NPBDABH1@Z 1000c010 f   CommonFrameMain.obj
 0001:0000b1a0       ?IF_EventModifyVehQueue@@YG_NPBDABH1@Z 1000c1a0 f   CommonFrameMain.obj
 0001:0000b330       ?IF_EventFeeAuthorize@@YG_NPBDABH1@Z 1000c330 f   CommonFrameMain.obj
 0001:0000b4c0       ?IF_EventFreeVoicePlay@@YG_NPBDABH1@Z 1000c4c0 f   CommonFrameMain.obj
 0001:0000b650       ?IF_EventAuthorize@@YG_NPBDABH1@Z 1000c650 f   CommonFrameMain.obj
 0001:0000b7e0       ?IF_EventDelVehQueueResult@@YG_NPBDABH1@Z 1000c7e0 f   CommonFrameMain.obj
 0001:0000b970       ?InitNetPay@CommonFrameMain@@QAEXXZ 1000c970 f   CommonFrameMain.obj
 0001:0000bc50       ?deleteOldDllBakFile@CommonFrameMain@@AAEXXZ 1000cc50 f   CommonFrameMain.obj
 0001:0000bd70       ?IF_TransferCashInvoiceData@@YG_NPBDABH1@Z 1000cd70 f   CommonFrameMain.obj
 0001:0000bf00       ?IF_CancelCashInvoiceData@@YG_NPBDABH1@Z 1000cf00 f   CommonFrameMain.obj
 0001:0000c090       ??0?$basic_string@DU?$char_traits@D@std@@V?$allocator@D@2@@std@@QAE@PBD@Z 1000d090 f i CommonFrameMain.obj
 0001:0000c0d0       ??1?$basic_string@DU?$char_traits@D@std@@V?$allocator@D@2@@std@@QAE@XZ 1000d0d0 f i CommonFrameMain.obj
 0001:0000c100       ?clear@?$basic_string@DU?$char_traits@D@std@@V?$allocator@D@2@@std@@QAEXXZ 1000d100 f i CommonFrameMain.obj
 0001:0000c1a0       ?substr@?$basic_string@DU?$char_traits@D@std@@V?$allocator@D@2@@std@@QBE?AV12@II@Z 1000d1a0 f i CommonFrameMain.obj
 0001:0000c1d0       ??1?$basic_ostream@DU?$char_traits@D@std@@@std@@UAE@XZ 1000d1d0 f i CommonFrameMain.obj
 0001:0000c1e0       ?put@?$basic_ostream@DU?$char_traits@D@std@@@std@@QAEAAV12@D@Z 1000d1e0 f i CommonFrameMain.obj
 0001:0000c300       ?write@?$basic_ostream@DU?$char_traits@D@std@@@std@@QAEAAV12@PBDH@Z 1000d300 f i CommonFrameMain.obj
 0001:0000c400       ?flush@?$basic_ostream@DU?$char_traits@D@std@@@std@@QAEAAV12@XZ 1000d400 f i CommonFrameMain.obj
 0001:0000c460       ??1?$basic_ios@DU?$char_traits@D@std@@@std@@UAE@XZ 1000d460 f i CommonFrameMain.obj
 0001:0000c470       ??1?$basic_istream@DU?$char_traits@D@std@@@std@@UAE@XZ 1000d470 f i CommonFrameMain.obj
 0001:0000c480       ??1?$basic_streambuf@DU?$char_traits@D@std@@@std@@UAE@XZ 1000d480 f i CommonFrameMain.obj
 0001:0000c500       ?overflow@?$basic_streambuf@DU?$char_traits@D@std@@@std@@MAEHH@Z 1000d500 f i CommonFrameMain.obj
 0001:0000c500       ?pbackfail@?$basic_streambuf@DU?$char_traits@D@std@@@std@@MAEHH@Z 1000d500 f i CommonFrameMain.obj
 0001:0000c510       ?underflow@?$basic_streambuf@DU?$char_traits@D@std@@@std@@MAEHXZ 1000d510 f i CommonFrameMain.obj
 0001:0000c520       ?uflow@?$basic_streambuf@DU?$char_traits@D@std@@@std@@MAEHXZ 1000d520 f i CommonFrameMain.obj
 0001:0000c550       ?xsgetn@?$basic_streambuf@DU?$char_traits@D@std@@@std@@MAEHPADH@Z 1000d550 f i CommonFrameMain.obj
 0001:0000c570       ?_Xsgetn_s@?$basic_streambuf@DU?$char_traits@D@std@@@std@@MAEHPADIH@Z 1000d570 f i CommonFrameMain.obj
 0001:0000c610       ?xsputn@?$basic_streambuf@DU?$char_traits@D@std@@@std@@MAEHPBDH@Z 1000d610 f i CommonFrameMain.obj
 0001:0000c6b0       ?seekoff@?$basic_streambuf@DU?$char_traits@D@std@@@std@@MAE?AV?$fpos@H@2@JHH@Z 1000d6b0 f i CommonFrameMain.obj
 0001:0000c6d0       ?seekpos@?$basic_streambuf@DU?$char_traits@D@std@@@std@@MAE?AV?$fpos@H@2@V32@H@Z 1000d6d0 f i CommonFrameMain.obj
 0001:0000c6f0       ?setbuf@?$basic_streambuf@DU?$char_traits@D@std@@@std@@MAEPAV12@PADH@Z 1000d6f0 f i CommonFrameMain.obj
 0001:0000c700       ?sync@?$basic_streambuf@DU?$char_traits@D@std@@@std@@MAEHXZ 1000d700 f i CommonFrameMain.obj
 0001:0000c700       ?showmanyc@?$basic_streambuf@DU?$char_traits@D@std@@@std@@MAEHXZ 1000d700 f i CommonFrameMain.obj
 0001:0000c710       ?imbue@?$basic_streambuf@DU?$char_traits@D@std@@@std@@MAEXABVlocale@2@@Z 1000d710 f i CommonFrameMain.obj
 0001:0000c720       ?_Tidy@?$vector@V?$basic_string@DU?$char_traits@D@std@@V?$allocator@D@2@@std@@V?$allocator@V?$basic_string@DU?$char_traits@D@std@@V?$allocator@D@2@@std@@@2@@std@@IAEXXZ 1000d720 f i CommonFrameMain.obj
 0001:0000c720       ??1?$vector@V?$basic_string@DU?$char_traits@D@std@@V?$allocator@D@2@@std@@V?$allocator@V?$basic_string@DU?$char_traits@D@std@@V?$allocator@D@2@@std@@@2@@std@@QAE@XZ 1000d720 f i CommonFrameMain.obj
 0001:0000c760       ?insert@?$_Tree@V?$_Tmap_traits@V?$basic_string@DU?$char_traits@D@std@@V?$allocator@D@2@@std@@PAUHINSTANCE__@@U?$less@V?$basic_string@DU?$char_traits@D@std@@V?$allocator@D@2@@std@@@2@V?$allocator@U?$pair@$$CBV?$basic_string@DU?$char_traits@D@std@@V?$allocator@D@2@@std@@PAUHINSTANCE__@@@std@@@2@$0A@@std@@@std@@QAE?AU?$pair@Viterator@?$_Tree@V?$_Tmap_traits@V?$basic_string@DU?$char_traits@D@std@@V?$allocator@D@2@@std@@PAUHINSTANCE__@@U?$less@V?$basic_string@DU?$char_traits@D@std@@V?$allocator@D@2@@std@@@2@V?$allocator@U?$pair@$$CBV?$basic_string@DU?$char_traits@D@std@@V?$allocator@D@2@@std@@PAUHINSTANCE__@@@std@@@2@$0A@@std@@@std@@_N@2@ABU?$pair@$$CBV?$basic_string@DU?$char_traits@D@std@@V?$allocator@D@2@@std@@PAUHINSTANCE__@@@2@@Z 1000d760 f i CommonFrameMain.obj
 0001:0000c760       ?insert@?$_Tree@V?$_Tmap_traits@V?$basic_string@DU?$char_traits@D@std@@V?$allocator@D@2@@std@@HU?$less@V?$basic_string@DU?$char_traits@D@std@@V?$allocator@D@2@@std@@@2@V?$allocator@U?$pair@$$CBV?$basic_string@DU?$char_traits@D@std@@V?$allocator@D@2@@std@@H@std@@@2@$0A@@std@@@std@@QAE?AU?$pair@Viterator@?$_Tree@V?$_Tmap_traits@V?$basic_string@DU?$char_traits@D@std@@V?$allocator@D@2@@std@@HU?$less@V?$basic_string@DU?$char_traits@D@std@@V?$allocator@D@2@@std@@@2@V?$allocator@U?$pair@$$CBV?$basic_string@DU?$char_traits@D@std@@V?$allocator@D@2@@std@@H@std@@@2@$0A@@std@@@std@@_N@2@ABU?$pair@$$CBV?$basic_string@DU?$char_traits@D@std@@V?$allocator@D@2@@std@@H@2@@Z 1000d760 f i CommonFrameMain.obj
 0001:0000c8b0       ?erase@?$_Tree@V?$_Tmap_traits@V?$basic_string@DU?$char_traits@D@std@@V?$allocator@D@2@@std@@PAUHINSTANCE__@@U?$less@V?$basic_string@DU?$char_traits@D@std@@V?$allocator@D@2@@std@@@2@V?$allocator@U?$pair@$$CBV?$basic_string@DU?$char_traits@D@std@@V?$allocator@D@2@@std@@PAUHINSTANCE__@@@std@@@2@$0A@@std@@@std@@QAE?AViterator@12@V312@@Z 1000d8b0 f i CommonFrameMain.obj
 0001:0000c8b0       ?erase@?$_Tree@V?$_Tmap_traits@V?$basic_string@DU?$char_traits@D@std@@V?$allocator@D@2@@std@@HU?$less@V?$basic_string@DU?$char_traits@D@std@@V?$allocator@D@2@@std@@@2@V?$allocator@U?$pair@$$CBV?$basic_string@DU?$char_traits@D@std@@V?$allocator@D@2@@std@@H@std@@@2@$0A@@std@@@std@@QAE?AViterator@12@V312@@Z 1000d8b0 f i CommonFrameMain.obj
 0001:0000cbc0       ?find@?$_Tree@V?$_Tmap_traits@V?$basic_string@DU?$char_traits@D@std@@V?$allocator@D@2@@std@@PAUHINSTANCE__@@U?$less@V?$basic_string@DU?$char_traits@D@std@@V?$allocator@D@2@@std@@@2@V?$allocator@U?$pair@$$CBV?$basic_string@DU?$char_traits@D@std@@V?$allocator@D@2@@std@@PAUHINSTANCE__@@@std@@@2@$0A@@std@@@std@@QAE?AViterator@12@ABV?$basic_string@DU?$char_traits@D@std@@V?$allocator@D@2@@2@@Z 1000dbc0 f i CommonFrameMain.obj
 0001:0000cc30       ??1?$list@V?$basic_string@DU?$char_traits@D@std@@V?$allocator@D@2@@std@@V?$allocator@V?$basic_string@DU?$char_traits@D@std@@V?$allocator@D@2@@std@@@2@@std@@QAE@XZ 1000dc30 f i CommonFrameMain.obj
 0001:0000cc50       ?clear@?$list@V?$basic_string@DU?$char_traits@D@std@@V?$allocator@D@2@@std@@V?$allocator@V?$basic_string@DU?$char_traits@D@std@@V?$allocator@D@2@@std@@@2@@std@@QAEXXZ 1000dc50 f i CommonFrameMain.obj
 0001:0000ccb0       ??0?$basic_ofstream@DU?$char_traits@D@std@@@std@@QAE@XZ 1000dcb0 f i CommonFrameMain.obj
 0001:0000cd90       ??0?$basic_ofstream@DU?$char_traits@D@std@@@std@@QAE@PBDHH@Z 1000dd90 f i CommonFrameMain.obj
 0001:0000cea0       ??1?$basic_ofstream@DU?$char_traits@D@std@@@std@@UAE@XZ 1000dea0 f i CommonFrameMain.obj
 0001:0000cf10       ??1?$basic_filebuf@DU?$char_traits@D@std@@@std@@UAE@XZ 1000df10 f i CommonFrameMain.obj
 0001:0000cf80       ?overflow@?$basic_filebuf@DU?$char_traits@D@std@@@std@@MAEHH@Z 1000df80 f i CommonFrameMain.obj
 0001:0000d360       ?pbackfail@?$basic_filebuf@DU?$char_traits@D@std@@@std@@MAEHH@Z 1000e360 f i CommonFrameMain.obj
 0001:0000d3d0       ?underflow@?$basic_filebuf@DU?$char_traits@D@std@@@std@@MAEHXZ 1000e3d0 f i CommonFrameMain.obj
 0001:0000d420       ?uflow@?$basic_filebuf@DU?$char_traits@D@std@@@std@@MAEHXZ 1000e420 f i CommonFrameMain.obj
 0001:0000d7a0       ?seekoff@?$basic_filebuf@DU?$char_traits@D@std@@@std@@MAE?AV?$fpos@H@2@JHH@Z 1000e7a0 f i CommonFrameMain.obj
 0001:0000d880       ?seekpos@?$basic_filebuf@DU?$char_traits@D@std@@@std@@MAE?AV?$fpos@H@2@V32@H@Z 1000e880 f i CommonFrameMain.obj
 0001:0000d970       ?setbuf@?$basic_filebuf@DU?$char_traits@D@std@@@std@@MAEPAV?$basic_streambuf@DU?$char_traits@D@std@@@2@PADH@Z 1000e970 f i CommonFrameMain.obj
 0001:0000d9c0       ?sync@?$basic_filebuf@DU?$char_traits@D@std@@@std@@MAEHXZ 1000e9c0 f i CommonFrameMain.obj
 0001:0000d9f0       ?imbue@?$basic_filebuf@DU?$char_traits@D@std@@@std@@MAEXABVlocale@2@@Z 1000e9f0 f i CommonFrameMain.obj
 0001:0000da30       ??0?$_Tree@V?$_Tset_traits@V?$basic_string@DU?$char_traits@D@std@@V?$allocator@D@2@@std@@U?$less@V?$basic_string@DU?$char_traits@D@std@@V?$allocator@D@2@@std@@@2@V?$allocator@V?$basic_string@DU?$char_traits@D@std@@V?$allocator@D@2@@std@@@2@$0A@@std@@@std@@QAE@ABV01@@Z 1000ea30 f i CommonFrameMain.obj
 0001:0000dac0       ?insert@?$_Tree@V?$_Tset_traits@V?$basic_string@DU?$char_traits@D@std@@V?$allocator@D@2@@std@@U?$less@V?$basic_string@DU?$char_traits@D@std@@V?$allocator@D@2@@std@@@2@V?$allocator@V?$basic_string@DU?$char_traits@D@std@@V?$allocator@D@2@@std@@@2@$0A@@std@@@std@@QAE?AU?$pair@Viterator@?$_Tree@V?$_Tset_traits@V?$basic_string@DU?$char_traits@D@std@@V?$allocator@D@2@@std@@U?$less@V?$basic_string@DU?$char_traits@D@std@@V?$allocator@D@2@@std@@@2@V?$allocator@V?$basic_string@DU?$char_traits@D@std@@V?$allocator@D@2@@std@@@2@$0A@@std@@@std@@_N@2@ABV?$basic_string@DU?$char_traits@D@std@@V?$allocator@D@2@@2@@Z 1000eac0 f i CommonFrameMain.obj
 0001:0000dc30       ??0?$basic_ifstream@DU?$char_traits@D@std@@@std@@QAE@PBDHH@Z 1000ec30 f i CommonFrameMain.obj
 0001:0000dd40       ??1?$basic_ifstream@DU?$char_traits@D@std@@@std@@UAE@XZ 1000ed40 f i CommonFrameMain.obj
 0001:0000ddb0       ??_G?$basic_ostream@DU?$char_traits@D@std@@@std@@UAEPAXI@Z 1000edb0 f i CommonFrameMain.obj
 0001:0000ddb0       ??_E?$basic_ostream@DU?$char_traits@D@std@@@std@@UAEPAXI@Z 1000edb0 f i  CIL library: CIL module
 0001:0000ddf0       ??_E?$basic_ios@DU?$char_traits@D@std@@@std@@UAEPAXI@Z 1000edf0 f i  CIL library: CIL module
 0001:0000ddf0       ??_Gios_base@std@@UAEPAXI@Z 1000edf0 f i CommonFrameMain.obj
 0001:0000ddf0       ??_G?$basic_ios@DU?$char_traits@D@std@@@std@@UAEPAXI@Z 1000edf0 f i CommonFrameMain.obj
 0001:0000ddf0       ??_Eios_base@std@@UAEPAXI@Z 1000edf0 f i  CIL library: CIL module
 0001:0000de20       ??_E?$basic_istream@DU?$char_traits@D@std@@@std@@UAEPAXI@Z 1000ee20 f i  CIL library: CIL module
 0001:0000de20       ??_G?$basic_istream@DU?$char_traits@D@std@@@std@@UAEPAXI@Z 1000ee20 f i CommonFrameMain.obj
 0001:0000de60       ??_E?$basic_streambuf@DU?$char_traits@D@std@@@std@@UAEPAXI@Z 1000ee60 f i  CIL library: CIL module
 0001:0000de60       ??_G?$basic_streambuf@DU?$char_traits@D@std@@@std@@UAEPAXI@Z 1000ee60 f i CommonFrameMain.obj
 0001:0000de80       ??_G?$basic_ofstream@DU?$char_traits@D@std@@@std@@UAEPAXI@Z 1000ee80 f i CommonFrameMain.obj
 0001:0000de80       ??_E?$basic_ofstream@DU?$char_traits@D@std@@@std@@UAEPAXI@Z 1000ee80 f i  CIL library: CIL module
 0001:0000dec0       ??_E?$basic_filebuf@DU?$char_traits@D@std@@@std@@UAEPAXI@Z 1000eec0 f i  CIL library: CIL module
 0001:0000dec0       ??_G?$basic_filebuf@DU?$char_traits@D@std@@@std@@UAEPAXI@Z 1000eec0 f i CommonFrameMain.obj
 0001:0000dee0       ??_G?$basic_ifstream@DU?$char_traits@D@std@@@std@@UAEPAXI@Z 1000eee0 f i CommonFrameMain.obj
 0001:0000dee0       ??_E?$basic_ifstream@DU?$char_traits@D@std@@@std@@UAEPAXI@Z 1000eee0 f i  CIL library: CIL module
 0001:0000df20       ?append@?$basic_string@DU?$char_traits@D@std@@V?$allocator@D@2@@std@@QAEAAV12@ABV12@II@Z 1000ef20 f i CommonFrameMain.obj
 0001:0000e010       ?append@?$basic_string@DU?$char_traits@D@std@@V?$allocator@D@2@@std@@QAEAAV12@PBDI@Z 1000f010 f i CommonFrameMain.obj
 0001:0000e100       ?append@?$basic_string@DU?$char_traits@D@std@@V?$allocator@D@2@@std@@QAEAAV12@ID@Z 1000f100 f i CommonFrameMain.obj
 0001:0000e1a0       ?assign@?$basic_string@DU?$char_traits@D@std@@V?$allocator@D@2@@std@@QAEAAV12@ABV12@II@Z 1000f1a0 f i CommonFrameMain.obj
 0001:0000e280       ?assign@?$basic_string@DU?$char_traits@D@std@@V?$allocator@D@2@@std@@QAEAAV12@PBD@Z 1000f280 f i CommonFrameMain.obj
 0001:0000e280       ??4?$basic_string@DU?$char_traits@D@std@@V?$allocator@D@2@@std@@QAEAAV01@PBD@Z 1000f280 f i CommonFrameMain.obj
 0001:0000e2b0       ?erase@?$basic_string@DU?$char_traits@D@std@@V?$allocator@D@2@@std@@QAEAAV12@II@Z 1000f2b0 f i CommonFrameMain.obj
 0001:0000e340       ?erase@?$basic_string@DU?$char_traits@D@std@@V?$allocator@D@2@@std@@QAE?AV?$_String_iterator@DU?$char_traits@D@std@@V?$allocator@D@2@@2@V32@0@Z 1000f340 f i CommonFrameMain.obj
 0001:0000e440       ?begin@?$basic_string@DU?$char_traits@D@std@@V?$allocator@D@2@@std@@QAE?AV?$_String_iterator@DU?$char_traits@D@std@@V?$allocator@D@2@@2@XZ 1000f440 f i CommonFrameMain.obj
 0001:0000e490       ?find@?$basic_string@DU?$char_traits@D@std@@V?$allocator@D@2@@std@@QBEIPBDII@Z 1000f490 f i CommonFrameMain.obj
 0001:0000e540       ?_Tidy@?$basic_string@DU?$char_traits@D@std@@V?$allocator@D@2@@std@@IAEX_NI@Z 1000f540 f i CommonFrameMain.obj
 0001:0000e590       ?_Myptr@?$basic_string@DU?$char_traits@D@std@@V?$allocator@D@2@@std@@IBEPBDXZ 1000f590 f i CommonFrameMain.obj
 0001:0000e5a0       ??0?$basic_ostream@DU?$char_traits@D@std@@@std@@QAE@PAV?$basic_streambuf@DU?$char_traits@D@std@@@1@_N@Z 1000f5a0 f i CommonFrameMain.obj
 0001:0000e630       ??0?$basic_istream@DU?$char_traits@D@std@@@std@@QAE@PAV?$basic_streambuf@DU?$char_traits@D@std@@@1@_N@Z 1000f630 f i CommonFrameMain.obj
 0001:0000e6c0       ?_Gnavail@?$basic_streambuf@DU?$char_traits@D@std@@@std@@IBEHXZ 1000f6c0 f i CommonFrameMain.obj
 0001:0000e6e0       ?_Pnavail@?$basic_streambuf@DU?$char_traits@D@std@@@std@@IBEHXZ 1000f6e0 f i CommonFrameMain.obj
 0001:0000e700       ?_Tidy@?$deque@PAVValue@Json@@V?$allocator@PAVValue@Json@@@std@@@std@@IAEXXZ 1000f700 f i CommonFrameMain.obj
 0001:0000e770       ?_Tidy@?$deque@VErrorInfo@Reader@Json@@V?$allocator@VErrorInfo@Reader@Json@@@std@@@std@@IAEXXZ 1000f770 f i CommonFrameMain.obj
 0001:0000e810       ?_Insert@?$_Tree@V?$_Tmap_traits@V?$basic_string@DU?$char_traits@D@std@@V?$allocator@D@2@@std@@HU?$less@V?$basic_string@DU?$char_traits@D@std@@V?$allocator@D@2@@std@@@2@V?$allocator@U?$pair@$$CBV?$basic_string@DU?$char_traits@D@std@@V?$allocator@D@2@@std@@H@std@@@2@$0A@@std@@@std@@IAE?AViterator@12@_NPAU_Node@?$_Tree_nod@V?$_Tmap_traits@V?$basic_string@DU?$char_traits@D@std@@V?$allocator@D@2@@std@@HU?$less@V?$basic_string@DU?$char_traits@D@std@@V?$allocator@D@2@@std@@@2@V?$allocator@U?$pair@$$CBV?$basic_string@DU?$char_traits@D@std@@V?$allocator@D@2@@std@@H@std@@@2@$0A@@std@@@2@ABU?$pair@$$CBV?$basic_string@DU?$char_traits@D@std@@V?$allocator@D@2@@std@@H@2@@Z 1000f810 f i CommonFrameMain.obj
 0001:0000e810       ?_Insert@?$_Tree@V?$_Tmap_traits@V?$basic_string@DU?$char_traits@D@std@@V?$allocator@D@2@@std@@PAUHINSTANCE__@@U?$less@V?$basic_string@DU?$char_traits@D@std@@V?$allocator@D@2@@std@@@2@V?$allocator@U?$pair@$$CBV?$basic_string@DU?$char_traits@D@std@@V?$allocator@D@2@@std@@PAUHINSTANCE__@@@std@@@2@$0A@@std@@@std@@IAE?AViterator@12@_NPAU_Node@?$_Tree_nod@V?$_Tmap_traits@V?$basic_string@DU?$char_traits@D@std@@V?$allocator@D@2@@std@@PAUHINSTANCE__@@U?$less@V?$basic_string@DU?$char_traits@D@std@@V?$allocator@D@2@@std@@@2@V?$allocator@U?$pair@$$CBV?$basic_string@DU?$char_traits@D@std@@V?$allocator@D@2@@std@@PAUHINSTANCE__@@@std@@@2@$0A@@std@@@2@ABU?$pair@$$CBV?$basic_string@DU?$char_traits@D@std@@V?$allocator@D@2@@std@@PAUHINSTANCE__@@@2@@Z 1000f810 f i CommonFrameMain.obj
 0001:0000ea50       ?_Rrotate@?$_Tree@V?$_Tmap_traits@V?$basic_string@DU?$char_traits@D@std@@V?$allocator@D@2@@std@@HU?$less@V?$basic_string@DU?$char_traits@D@std@@V?$allocator@D@2@@std@@@2@V?$allocator@U?$pair@$$CBV?$basic_string@DU?$char_traits@D@std@@V?$allocator@D@2@@std@@H@std@@@2@$0A@@std@@@std@@IAEXPAU_Node@?$_Tree_nod@V?$_Tmap_traits@V?$basic_string@DU?$char_traits@D@std@@V?$allocator@D@2@@std@@HU?$less@V?$basic_string@DU?$char_traits@D@std@@V?$allocator@D@2@@std@@@2@V?$allocator@U?$pair@$$CBV?$basic_string@DU?$char_traits@D@std@@V?$allocator@D@2@@std@@H@std@@@2@$0A@@std@@@2@@Z 1000fa50 f i CommonFrameMain.obj
 0001:0000ea50       ?_Rrotate@?$_Tree@V?$_Tmap_traits@V?$basic_string@DU?$char_traits@D@std@@V?$allocator@D@2@@std@@PAUHINSTANCE__@@U?$less@V?$basic_string@DU?$char_traits@D@std@@V?$allocator@D@2@@std@@@2@V?$allocator@U?$pair@$$CBV?$basic_string@DU?$char_traits@D@std@@V?$allocator@D@2@@std@@PAUHINSTANCE__@@@std@@@2@$0A@@std@@@std@@IAEXPAU_Node@?$_Tree_nod@V?$_Tmap_traits@V?$basic_string@DU?$char_traits@D@std@@V?$allocator@D@2@@std@@PAUHINSTANCE__@@U?$less@V?$basic_string@DU?$char_traits@D@std@@V?$allocator@D@2@@std@@@2@V?$allocator@U?$pair@$$CBV?$basic_string@DU?$char_traits@D@std@@V?$allocator@D@2@@std@@PAUHINSTANCE__@@@std@@@2@$0A@@std@@@2@@Z 1000fa50 f i CommonFrameMain.obj
 0001:0000eaa0       ?_Tidy@?$_Tree@V?$_Tmap_traits@V?$basic_string@DU?$char_traits@D@std@@V?$allocator@D@2@@std@@PAUHINSTANCE__@@U?$less@V?$basic_string@DU?$char_traits@D@std@@V?$allocator@D@2@@std@@@2@V?$allocator@U?$pair@$$CBV?$basic_string@DU?$char_traits@D@std@@V?$allocator@D@2@@std@@PAUHINSTANCE__@@@std@@@2@$0A@@std@@@std@@IAEXXZ 1000faa0 f i CommonFrameMain.obj
 0001:0000eaa0       ?_Tidy@?$_Tree@V?$_Tmap_traits@V?$basic_string@DU?$char_traits@D@std@@V?$allocator@D@2@@std@@HU?$less@V?$basic_string@DU?$char_traits@D@std@@V?$allocator@D@2@@std@@@2@V?$allocator@U?$pair@$$CBV?$basic_string@DU?$char_traits@D@std@@V?$allocator@D@2@@std@@H@std@@@2@$0A@@std@@@std@@IAEXXZ 1000faa0 f i CommonFrameMain.obj
 0001:0000eae0       ?_Buynode@?$list@V?$basic_string@DU?$char_traits@D@std@@V?$allocator@D@2@@std@@V?$allocator@V?$basic_string@DU?$char_traits@D@std@@V?$allocator@D@2@@std@@@2@@std@@IAEPAU_Node@?$_List_nod@V?$basic_string@DU?$char_traits@D@std@@V?$allocator@D@2@@std@@V?$allocator@V?$basic_string@DU?$char_traits@D@std@@V?$allocator@D@2@@std@@@2@@2@XZ 1000fae0 f i CommonFrameMain.obj
 0001:0000eb00       ?open@?$basic_filebuf@DU?$char_traits@D@std@@@std@@QAEPAV12@PBDHH@Z 1000fb00 f i CommonFrameMain.obj
 0001:0000ebe0       ?close@?$basic_filebuf@DU?$char_traits@D@std@@@std@@QAEPAV12@XZ 1000fbe0 f i CommonFrameMain.obj
 0001:0000ec70       ?_Init@?$basic_filebuf@DU?$char_traits@D@std@@@std@@IAEXPAU_iobuf@@W4_Initfl@12@@Z 1000fc70 f i CommonFrameMain.obj
 0001:0000ed10       ?_Endwrite@?$basic_filebuf@DU?$char_traits@D@std@@@std@@IAE_NXZ 1000fd10 f i CommonFrameMain.obj
 0001:0000f050       ?_Copy@?$_Tree@V?$_Tset_traits@V?$basic_string@DU?$char_traits@D@std@@V?$allocator@D@2@@std@@U?$less@V?$basic_string@DU?$char_traits@D@std@@V?$allocator@D@2@@std@@@2@V?$allocator@V?$basic_string@DU?$char_traits@D@std@@V?$allocator@D@2@@std@@@2@$0A@@std@@@std@@IAEXABV12@@Z 10010050 f i CommonFrameMain.obj
 0001:0000f0c0       ?_Insert@?$_Tree@V?$_Tset_traits@V?$basic_string@DU?$char_traits@D@std@@V?$allocator@D@2@@std@@U?$less@V?$basic_string@DU?$char_traits@D@std@@V?$allocator@D@2@@std@@@2@V?$allocator@V?$basic_string@DU?$char_traits@D@std@@V?$allocator@D@2@@std@@@2@$0A@@std@@@std@@IAE?AViterator@12@_NPAU_Node@?$_Tree_nod@V?$_Tset_traits@V?$basic_string@DU?$char_traits@D@std@@V?$allocator@D@2@@std@@U?$less@V?$basic_string@DU?$char_traits@D@std@@V?$allocator@D@2@@std@@@2@V?$allocator@V?$basic_string@DU?$char_traits@D@std@@V?$allocator@D@2@@std@@@2@$0A@@std@@@2@ABV?$basic_string@DU?$char_traits@D@std@@V?$allocator@D@2@@2@@Z 100100c0 f i CommonFrameMain.obj
 0001:0000f300       ?_Tidy@?$_Tree@V?$_Tset_traits@V?$basic_string@DU?$char_traits@D@std@@V?$allocator@D@2@@std@@U?$less@V?$basic_string@DU?$char_traits@D@std@@V?$allocator@D@2@@std@@@2@V?$allocator@V?$basic_string@DU?$char_traits@D@std@@V?$allocator@D@2@@std@@@2@$0A@@std@@@std@@IAEXXZ 10010300 f i CommonFrameMain.obj
 0001:0000f340       ??D?$_String_iterator@DU?$char_traits@D@std@@V?$allocator@D@2@@std@@QBEAADXZ 10010340 f i CommonFrameMain.obj
 0001:0000f380       ??0sentry@?$basic_ostream@DU?$char_traits@D@std@@@std@@QAE@AAV12@@Z 10010380 f i CommonFrameMain.obj
 0001:0000f410       ??1sentry@?$basic_ostream@DU?$char_traits@D@std@@@std@@QAE@XZ 10010410 f i CommonFrameMain.obj
 0001:0000f480       ?do_in@?$codecvt@DDH@std@@MBEHAAHPBD1AAPBDPAD3AAPAD@Z 10010480 f i CommonFrameMain.obj
 0001:0000f480       ?do_out@?$codecvt@DDH@std@@MBEHAAHPBD1AAPBDPAD3AAPAD@Z 10010480 f i CommonFrameMain.obj
 0001:0000f4a0       ?do_unshift@?$codecvt@DDH@std@@MBEHAAHPAD1AAPAD@Z 100104a0 f i CommonFrameMain.obj
 0001:0000f4c0       ?do_length@?$codecvt@DDH@std@@MBEHABHPBD1I@Z 100104c0 f i CommonFrameMain.obj
 0001:0000f4e0       ??0length_error@std@@QAE@ABV01@@Z 100104e0 f i CommonFrameMain.obj
 0001:0000f500       ?assign@?$basic_string@DU?$char_traits@D@std@@V?$allocator@D@2@@std@@QAEAAV12@PBDI@Z 10010500 f i CommonFrameMain.obj
 0001:0000f5d0       ?_Chassign@?$basic_string@DU?$char_traits@D@std@@V?$allocator@D@2@@std@@IAEXIID@Z 100105d0 f i CommonFrameMain.obj
 0001:0000f620       ?_Grow@?$basic_string@DU?$char_traits@D@std@@V?$allocator@D@2@@std@@IAE_NI_N@Z 10010620 f i CommonFrameMain.obj
 0001:0000f6e0       ?_Osfx@?$basic_ostream@DU?$char_traits@D@std@@@std@@QAEXXZ 100106e0 f i CommonFrameMain.obj
 0001:0000f740       ??0?$basic_streambuf@DU?$char_traits@D@std@@@std@@IAE@XZ 10010740 f i CommonFrameMain.obj
 0001:0000f840       ?getloc@?$basic_streambuf@DU?$char_traits@D@std@@@std@@QBE?AVlocale@2@XZ 10010840 f i CommonFrameMain.obj
 0001:0000f870       ?_Init@?$basic_streambuf@DU?$char_traits@D@std@@@std@@IAEXXZ 10010870 f i CommonFrameMain.obj
 0001:0000f8d0       ?pop_back@?$deque@VErrorInfo@Reader@Json@@V?$allocator@VErrorInfo@Reader@Json@@@std@@@std@@QAEXXZ 100108d0 f i CommonFrameMain.obj
 0001:0000f930       ?erase@?$_Tree@V?$_Tmap_traits@V?$basic_string@DU?$char_traits@D@std@@V?$allocator@D@2@@std@@HU?$less@V?$basic_string@DU?$char_traits@D@std@@V?$allocator@D@2@@std@@@2@V?$allocator@U?$pair@$$CBV?$basic_string@DU?$char_traits@D@std@@V?$allocator@D@2@@std@@H@std@@@2@$0A@@std@@@std@@QAE?AViterator@12@V312@0@Z 10010930 f i CommonFrameMain.obj
 0001:0000f930       ?erase@?$_Tree@V?$_Tmap_traits@V?$basic_string@DU?$char_traits@D@std@@V?$allocator@D@2@@std@@PAUHINSTANCE__@@U?$less@V?$basic_string@DU?$char_traits@D@std@@V?$allocator@D@2@@std@@@2@V?$allocator@U?$pair@$$CBV?$basic_string@DU?$char_traits@D@std@@V?$allocator@D@2@@std@@PAUHINSTANCE__@@@std@@@2@$0A@@std@@@std@@QAE?AViterator@12@V312@0@Z 10010930 f i CommonFrameMain.obj
 0001:0000fa00       ?_Buynode@?$_Tree@V?$_Tmap_traits@V?$basic_string@DU?$char_traits@D@std@@V?$allocator@D@2@@std@@PAUHINSTANCE__@@U?$less@V?$basic_string@DU?$char_traits@D@std@@V?$allocator@D@2@@std@@@2@V?$allocator@U?$pair@$$CBV?$basic_string@DU?$char_traits@D@std@@V?$allocator@D@2@@std@@PAUHINSTANCE__@@@std@@@2@$0A@@std@@@std@@IAEPAU_Node@?$_Tree_nod@V?$_Tmap_traits@V?$basic_string@DU?$char_traits@D@std@@V?$allocator@D@2@@std@@PAUHINSTANCE__@@U?$less@V?$basic_string@DU?$char_traits@D@std@@V?$allocator@D@2@@std@@@2@V?$allocator@U?$pair@$$CBV?$basic_string@DU?$char_traits@D@std@@V?$allocator@D@2@@std@@PAUHINSTANCE__@@@std@@@2@$0A@@std@@@2@PAU342@00ABU?$pair@$$CBV?$basic_string@DU?$char_traits@D@std@@V?$allocator@D@2@@std@@PAUHINSTANCE__@@@2@D@Z 10010a00 f i CommonFrameMain.obj
 0001:0000fa00       ?_Buynode@?$_Tree@V?$_Tmap_traits@V?$basic_string@DU?$char_traits@D@std@@V?$allocator@D@2@@std@@HU?$less@V?$basic_string@DU?$char_traits@D@std@@V?$allocator@D@2@@std@@@2@V?$allocator@U?$pair@$$CBV?$basic_string@DU?$char_traits@D@std@@V?$allocator@D@2@@std@@H@std@@@2@$0A@@std@@@std@@IAEPAU_Node@?$_Tree_nod@V?$_Tmap_traits@V?$basic_string@DU?$char_traits@D@std@@V?$allocator@D@2@@std@@HU?$less@V?$basic_string@DU?$char_traits@D@std@@V?$allocator@D@2@@std@@@2@V?$allocator@U?$pair@$$CBV?$basic_string@DU?$char_traits@D@std@@V?$allocator@D@2@@std@@H@std@@@2@$0A@@std@@@2@PAU342@00ABU?$pair@$$CBV?$basic_string@DU?$char_traits@D@std@@V?$allocator@D@2@@std@@H@2@D@Z 10010a00 f i CommonFrameMain.obj
 0001:0000fac0       ?_Lbound@?$_Tree@V?$_Tmap_traits@V?$basic_string@DU?$char_traits@D@std@@V?$allocator@D@2@@std@@PAUHINSTANCE__@@U?$less@V?$basic_string@DU?$char_traits@D@std@@V?$allocator@D@2@@std@@@2@V?$allocator@U?$pair@$$CBV?$basic_string@DU?$char_traits@D@std@@V?$allocator@D@2@@std@@PAUHINSTANCE__@@@std@@@2@$0A@@std@@@std@@IBEPAU_Node@?$_Tree_nod@V?$_Tmap_traits@V?$basic_string@DU?$char_traits@D@std@@V?$allocator@D@2@@std@@PAUHINSTANCE__@@U?$less@V?$basic_string@DU?$char_traits@D@std@@V?$allocator@D@2@@std@@@2@V?$allocator@U?$pair@$$CBV?$basic_string@DU?$char_traits@D@std@@V?$allocator@D@2@@std@@PAUHINSTANCE__@@@std@@@2@$0A@@std@@@2@ABV?$basic_string@DU?$char_traits@D@std@@V?$allocator@D@2@@2@@Z 10010ac0 f i CommonFrameMain.obj
 0001:0000fac0       ?_Lbound@?$_Tree@V?$_Tmap_traits@V?$basic_string@DU?$char_traits@D@std@@V?$allocator@D@2@@std@@HU?$less@V?$basic_string@DU?$char_traits@D@std@@V?$allocator@D@2@@std@@@2@V?$allocator@U?$pair@$$CBV?$basic_string@DU?$char_traits@D@std@@V?$allocator@D@2@@std@@H@std@@@2@$0A@@std@@@std@@IBEPAU_Node@?$_Tree_nod@V?$_Tmap_traits@V?$basic_string@DU?$char_traits@D@std@@V?$allocator@D@2@@std@@HU?$less@V?$basic_string@DU?$char_traits@D@std@@V?$allocator@D@2@@std@@@2@V?$allocator@U?$pair@$$CBV?$basic_string@DU?$char_traits@D@std@@V?$allocator@D@2@@std@@H@std@@@2@$0A@@std@@@2@ABV?$basic_string@DU?$char_traits@D@std@@V?$allocator@D@2@@2@@Z 10010ac0 f i CommonFrameMain.obj
 0001:0000fb50       ?_Lrotate@?$_Tree@V?$_Tmap_traits@V?$basic_string@DU?$char_traits@D@std@@V?$allocator@D@2@@std@@HU?$less@V?$basic_string@DU?$char_traits@D@std@@V?$allocator@D@2@@std@@@2@V?$allocator@U?$pair@$$CBV?$basic_string@DU?$char_traits@D@std@@V?$allocator@D@2@@std@@H@std@@@2@$0A@@std@@@std@@IAEXPAU_Node@?$_Tree_nod@V?$_Tmap_traits@V?$basic_string@DU?$char_traits@D@std@@V?$allocator@D@2@@std@@HU?$less@V?$basic_string@DU?$char_traits@D@std@@V?$allocator@D@2@@std@@@2@V?$allocator@U?$pair@$$CBV?$basic_string@DU?$char_traits@D@std@@V?$allocator@D@2@@std@@H@std@@@2@$0A@@std@@@2@@Z 10010b50 f i CommonFrameMain.obj
 0001:0000fb50       ?_Lrotate@?$_Tree@V?$_Tmap_traits@V?$basic_string@DU?$char_traits@D@std@@V?$allocator@D@2@@std@@PAUHINSTANCE__@@U?$less@V?$basic_string@DU?$char_traits@D@std@@V?$allocator@D@2@@std@@@2@V?$allocator@U?$pair@$$CBV?$basic_string@DU?$char_traits@D@std@@V?$allocator@D@2@@std@@PAUHINSTANCE__@@@std@@@2@$0A@@std@@@std@@IAEXPAU_Node@?$_Tree_nod@V?$_Tmap_traits@V?$basic_string@DU?$char_traits@D@std@@V?$allocator@D@2@@std@@PAUHINSTANCE__@@U?$less@V?$basic_string@DU?$char_traits@D@std@@V?$allocator@D@2@@std@@@2@V?$allocator@U?$pair@$$CBV?$basic_string@DU?$char_traits@D@std@@V?$allocator@D@2@@std@@PAUHINSTANCE__@@@std@@@2@$0A@@std@@@2@@Z 10010b50 f i CommonFrameMain.obj
 0001:0000fba0       ?_Buynode@?$list@V?$basic_string@DU?$char_traits@D@std@@V?$allocator@D@2@@std@@V?$allocator@V?$basic_string@DU?$char_traits@D@std@@V?$allocator@D@2@@std@@@2@@std@@IAEPAU_Node@?$_List_nod@V?$basic_string@DU?$char_traits@D@std@@V?$allocator@D@2@@std@@V?$allocator@V?$basic_string@DU?$char_traits@D@std@@V?$allocator@D@2@@std@@@2@@2@PAU342@0ABV?$basic_string@DU?$char_traits@D@std@@V?$allocator@D@2@@2@@Z 10010ba0 f i CommonFrameMain.obj
 0001:0000fc40       ?_Incsize@?$list@V?$basic_string@DU?$char_traits@D@std@@V?$allocator@D@2@@std@@V?$allocator@V?$basic_string@DU?$char_traits@D@std@@V?$allocator@D@2@@std@@@2@@std@@IAEXI@Z 10010c40 f i CommonFrameMain.obj
 0001:0000fce0       ?erase@?$_Tree@V?$_Tset_traits@V?$basic_string@DU?$char_traits@D@std@@V?$allocator@D@2@@std@@U?$less@V?$basic_string@DU?$char_traits@D@std@@V?$allocator@D@2@@std@@@2@V?$allocator@V?$basic_string@DU?$char_traits@D@std@@V?$allocator@D@2@@std@@@2@$0A@@std@@@std@@QAE?AViterator@12@V312@0@Z 10010ce0 f i CommonFrameMain.obj
 0001:0000fdb0       ?_Copy@?$_Tree@V?$_Tset_traits@V?$basic_string@DU?$char_traits@D@std@@V?$allocator@D@2@@std@@U?$less@V?$basic_string@DU?$char_traits@D@std@@V?$allocator@D@2@@std@@@2@V?$allocator@V?$basic_string@DU?$char_traits@D@std@@V?$allocator@D@2@@std@@@2@$0A@@std@@@std@@IAEPAU_Node@?$_Tree_nod@V?$_Tset_traits@V?$basic_string@DU?$char_traits@D@std@@V?$allocator@D@2@@std@@U?$less@V?$basic_string@DU?$char_traits@D@std@@V?$allocator@D@2@@std@@@2@V?$allocator@V?$basic_string@DU?$char_traits@D@std@@V?$allocator@D@2@@std@@@2@$0A@@std@@@2@PAU342@0@Z 10010db0 f i CommonFrameMain.obj
 0001:0000fe70       ?_Lrotate@?$_Tree@V?$_Tmap_traits@VCZString@Value@Json@@V23@U?$less@VCZString@Value@Json@@@std@@V?$allocator@U?$pair@$$CBVCZString@Value@Json@@V23@@std@@@5@$0A@@std@@@std@@IAEXPAU_Node@?$_Tree_nod@V?$_Tmap_traits@VCZString@Value@Json@@V23@U?$less@VCZString@Value@Json@@@std@@V?$allocator@U?$pair@$$CBVCZString@Value@Json@@V23@@std@@@5@$0A@@std@@@2@@Z 10010e70 f i json_value.obj
 0001:0000fe70       ?_Lrotate@?$_Tree@V?$_Tset_traits@V?$basic_string@DU?$char_traits@D@std@@V?$allocator@D@2@@std@@U?$less@V?$basic_string@DU?$char_traits@D@std@@V?$allocator@D@2@@std@@@2@V?$allocator@V?$basic_string@DU?$char_traits@D@std@@V?$allocator@D@2@@std@@@2@$0A@@std@@@std@@IAEXPAU_Node@?$_Tree_nod@V?$_Tset_traits@V?$basic_string@DU?$char_traits@D@std@@V?$allocator@D@2@@std@@U?$less@V?$basic_string@DU?$char_traits@D@std@@V?$allocator@D@2@@std@@@2@V?$allocator@V?$basic_string@DU?$char_traits@D@std@@V?$allocator@D@2@@std@@@2@$0A@@std@@@2@@Z 10010e70 f i CommonFrameMain.obj
 0001:0000fec0       ?_Buynode@?$_Tree@V?$_Tset_traits@V?$basic_string@DU?$char_traits@D@std@@V?$allocator@D@2@@std@@U?$less@V?$basic_string@DU?$char_traits@D@std@@V?$allocator@D@2@@std@@@2@V?$allocator@V?$basic_string@DU?$char_traits@D@std@@V?$allocator@D@2@@std@@@2@$0A@@std@@@std@@IAEPAU_Node@?$_Tree_nod@V?$_Tset_traits@V?$basic_string@DU?$char_traits@D@std@@V?$allocator@D@2@@std@@U?$less@V?$basic_string@DU?$char_traits@D@std@@V?$allocator@D@2@@std@@@2@V?$allocator@V?$basic_string@DU?$char_traits@D@std@@V?$allocator@D@2@@std@@@2@$0A@@std@@@2@XZ 10010ec0 f i CommonFrameMain.obj
 0001:0000ff00       ?_Buynode@?$_Tree@V?$_Tset_traits@V?$basic_string@DU?$char_traits@D@std@@V?$allocator@D@2@@std@@U?$less@V?$basic_string@DU?$char_traits@D@std@@V?$allocator@D@2@@std@@@2@V?$allocator@V?$basic_string@DU?$char_traits@D@std@@V?$allocator@D@2@@std@@@2@$0A@@std@@@std@@IAEPAU_Node@?$_Tree_nod@V?$_Tset_traits@V?$basic_string@DU?$char_traits@D@std@@V?$allocator@D@2@@std@@U?$less@V?$basic_string@DU?$char_traits@D@std@@V?$allocator@D@2@@std@@@2@V?$allocator@V?$basic_string@DU?$char_traits@D@std@@V?$allocator@D@2@@std@@@2@$0A@@std@@@2@PAU342@00ABV?$basic_string@DU?$char_traits@D@std@@V?$allocator@D@2@@2@D@Z 10010f00 f i CommonFrameMain.obj
 0001:0000ffb0       ?_Inc@const_iterator@?$_Tree@V?$_Tmap_traits@VCZString@Value@Json@@V23@U?$less@VCZString@Value@Json@@@std@@V?$allocator@U?$pair@$$CBVCZString@Value@Json@@V23@@std@@@5@$0A@@std@@@std@@QAEXXZ 10010fb0 f i json_value.obj
 0001:0000ffb0       ?_Inc@const_iterator@?$_Tree@V?$_Tset_traits@V?$basic_string@DU?$char_traits@D@std@@V?$allocator@D@2@@std@@U?$less@V?$basic_string@DU?$char_traits@D@std@@V?$allocator@D@2@@std@@@2@V?$allocator@V?$basic_string@DU?$char_traits@D@std@@V?$allocator@D@2@@std@@@2@$0A@@std@@@std@@QAEXXZ 10010fb0 f i CommonFrameMain.obj
 0001:00010020       ??1_Sentry_base@?$basic_ostream@DU?$char_traits@D@std@@@std@@QAE@XZ 10011020 f i CommonFrameMain.obj
 0001:00010040       ?_Copy@?$basic_string@DU?$char_traits@D@std@@V?$allocator@D@2@@std@@IAEXII@Z 10011040 f i CommonFrameMain.obj
 0001:00010180       ?widen@?$basic_ios@DU?$char_traits@D@std@@@std@@QBEDD@Z 10011180 f i CommonFrameMain.obj
 0001:00010240       ?_Buynode@?$_Tree@V?$_Tmap_traits@V?$basic_string@DU?$char_traits@D@std@@V?$allocator@D@2@@std@@PAUHINSTANCE__@@U?$less@V?$basic_string@DU?$char_traits@D@std@@V?$allocator@D@2@@std@@@2@V?$allocator@U?$pair@$$CBV?$basic_string@DU?$char_traits@D@std@@V?$allocator@D@2@@std@@PAUHINSTANCE__@@@std@@@2@$0A@@std@@@std@@IAEPAU_Node@?$_Tree_nod@V?$_Tmap_traits@V?$basic_string@DU?$char_traits@D@std@@V?$allocator@D@2@@std@@PAUHINSTANCE__@@U?$less@V?$basic_string@DU?$char_traits@D@std@@V?$allocator@D@2@@std@@@2@V?$allocator@U?$pair@$$CBV?$basic_string@DU?$char_traits@D@std@@V?$allocator@D@2@@std@@PAUHINSTANCE__@@@std@@@2@$0A@@std@@@2@XZ 10011240 f i CommonFrameMain.obj
 0001:00010240       ?_Buynode@?$_Tree@V?$_Tmap_traits@V?$basic_string@DU?$char_traits@D@std@@V?$allocator@D@2@@std@@HU?$less@V?$basic_string@DU?$char_traits@D@std@@V?$allocator@D@2@@std@@@2@V?$allocator@U?$pair@$$CBV?$basic_string@DU?$char_traits@D@std@@V?$allocator@D@2@@std@@H@std@@@2@$0A@@std@@@std@@IAEPAU_Node@?$_Tree_nod@V?$_Tmap_traits@V?$basic_string@DU?$char_traits@D@std@@V?$allocator@D@2@@std@@HU?$less@V?$basic_string@DU?$char_traits@D@std@@V?$allocator@D@2@@std@@@2@V?$allocator@U?$pair@$$CBV?$basic_string@DU?$char_traits@D@std@@V?$allocator@D@2@@std@@H@std@@@2@$0A@@std@@@2@XZ 10011240 f i CommonFrameMain.obj
 0001:00010280       ?erase@?$_Tree@V?$_Tset_traits@V?$basic_string@DU?$char_traits@D@std@@V?$allocator@D@2@@std@@U?$less@V?$basic_string@DU?$char_traits@D@std@@V?$allocator@D@2@@std@@@2@V?$allocator@V?$basic_string@DU?$char_traits@D@std@@V?$allocator@D@2@@std@@@2@$0A@@std@@@std@@QAE?AViterator@12@V312@@Z 10011280 f i CommonFrameMain.obj
 0001:00010590       ?_Erase@?$_Tree@V?$_Tset_traits@V?$basic_string@DU?$char_traits@D@std@@V?$allocator@D@2@@std@@U?$less@V?$basic_string@DU?$char_traits@D@std@@V?$allocator@D@2@@std@@@2@V?$allocator@V?$basic_string@DU?$char_traits@D@std@@V?$allocator@D@2@@std@@@2@$0A@@std@@@std@@IAEXPAU_Node@?$_Tree_nod@V?$_Tset_traits@V?$basic_string@DU?$char_traits@D@std@@V?$allocator@D@2@@std@@U?$less@V?$basic_string@DU?$char_traits@D@std@@V?$allocator@D@2@@std@@@2@V?$allocator@V?$basic_string@DU?$char_traits@D@std@@V?$allocator@D@2@@std@@@2@$0A@@std@@@2@@Z 10011590 f i CommonFrameMain.obj
 0001:000105f0       ?_Lbound@?$_Tree@V?$_Tset_traits@V?$basic_string@DU?$char_traits@D@std@@V?$allocator@D@2@@std@@U?$less@V?$basic_string@DU?$char_traits@D@std@@V?$allocator@D@2@@std@@@2@V?$allocator@V?$basic_string@DU?$char_traits@D@std@@V?$allocator@D@2@@std@@@2@$0A@@std@@@std@@IBEPAU_Node@?$_Tree_nod@V?$_Tset_traits@V?$basic_string@DU?$char_traits@D@std@@V?$allocator@D@2@@std@@U?$less@V?$basic_string@DU?$char_traits@D@std@@V?$allocator@D@2@@std@@@2@V?$allocator@V?$basic_string@DU?$char_traits@D@std@@V?$allocator@D@2@@std@@@2@$0A@@std@@@2@ABV?$basic_string@DU?$char_traits@D@std@@V?$allocator@D@2@@2@@Z 100115f0 f i CommonFrameMain.obj
 0001:00010680       ?_Ubound@?$_Tree@V?$_Tset_traits@V?$basic_string@DU?$char_traits@D@std@@V?$allocator@D@2@@std@@U?$less@V?$basic_string@DU?$char_traits@D@std@@V?$allocator@D@2@@std@@@2@V?$allocator@V?$basic_string@DU?$char_traits@D@std@@V?$allocator@D@2@@std@@@2@$0A@@std@@@std@@IBEPAU_Node@?$_Tree_nod@V?$_Tset_traits@V?$basic_string@DU?$char_traits@D@std@@V?$allocator@D@2@@std@@U?$less@V?$basic_string@DU?$char_traits@D@std@@V?$allocator@D@2@@std@@@2@V?$allocator@V?$basic_string@DU?$char_traits@D@std@@V?$allocator@D@2@@std@@@2@$0A@@std@@@2@ABV?$basic_string@DU?$char_traits@D@std@@V?$allocator@D@2@@2@@Z 10011680 f i CommonFrameMain.obj
 0001:00010720       ?_Dec@const_iterator@?$_Tree@V?$_Tset_traits@V?$basic_string@DU?$char_traits@D@std@@V?$allocator@D@2@@std@@U?$less@V?$basic_string@DU?$char_traits@D@std@@V?$allocator@D@2@@std@@@2@V?$allocator@V?$basic_string@DU?$char_traits@D@std@@V?$allocator@D@2@@std@@@2@$0A@@std@@@std@@QAEXXZ 10011720 f i CommonFrameMain.obj
 0001:00010720       ?_Dec@const_iterator@?$_Tree@V?$_Tmap_traits@VCZString@Value@Json@@V23@U?$less@VCZString@Value@Json@@@std@@V?$allocator@U?$pair@$$CBVCZString@Value@Json@@V23@@std@@@5@$0A@@std@@@std@@QAEXXZ 10011720 f i json_value.obj
 0001:000107a0       ?_Dec@const_iterator@?$_Tree@V?$_Tmap_traits@V?$basic_string@DU?$char_traits@D@std@@V?$allocator@D@2@@std@@PAUHINSTANCE__@@U?$less@V?$basic_string@DU?$char_traits@D@std@@V?$allocator@D@2@@std@@@2@V?$allocator@U?$pair@$$CBV?$basic_string@DU?$char_traits@D@std@@V?$allocator@D@2@@std@@PAUHINSTANCE__@@@std@@@2@$0A@@std@@@std@@QAEXXZ 100117a0 f i CommonFrameMain.obj
 0001:000107a0       ?_Dec@const_iterator@?$_Tree@V?$_Tmap_traits@V?$basic_string@DU?$char_traits@D@std@@V?$allocator@D@2@@std@@HU?$less@V?$basic_string@DU?$char_traits@D@std@@V?$allocator@D@2@@std@@@2@V?$allocator@U?$pair@$$CBV?$basic_string@DU?$char_traits@D@std@@V?$allocator@D@2@@std@@H@std@@@2@$0A@@std@@@std@@QAEXXZ 100117a0 f i CommonFrameMain.obj
 0001:00010820       ?_Inc@const_iterator@?$_Tree@V?$_Tmap_traits@V?$basic_string@DU?$char_traits@D@std@@V?$allocator@D@2@@std@@HU?$less@V?$basic_string@DU?$char_traits@D@std@@V?$allocator@D@2@@std@@@2@V?$allocator@U?$pair@$$CBV?$basic_string@DU?$char_traits@D@std@@V?$allocator@D@2@@std@@H@std@@@2@$0A@@std@@@std@@QAEXXZ 10011820 f i CommonFrameMain.obj
 0001:00010820       ?_Inc@const_iterator@?$_Tree@V?$_Tmap_traits@V?$basic_string@DU?$char_traits@D@std@@V?$allocator@D@2@@std@@PAUHINSTANCE__@@U?$less@V?$basic_string@DU?$char_traits@D@std@@V?$allocator@D@2@@std@@@2@V?$allocator@U?$pair@$$CBV?$basic_string@DU?$char_traits@D@std@@V?$allocator@D@2@@std@@PAUHINSTANCE__@@@std@@@2@$0A@@std@@@std@@QAEXXZ 10011820 f i CommonFrameMain.obj
 0001:00010890       ?allocate@?$allocator@D@std@@QAEPADI@Z 10011890 f i CommonFrameMain.obj
 0001:000108f0       ?_Erase@?$_Tree@V?$_Tmap_traits@V?$basic_string@DU?$char_traits@D@std@@V?$allocator@D@2@@std@@HU?$less@V?$basic_string@DU?$char_traits@D@std@@V?$allocator@D@2@@std@@@2@V?$allocator@U?$pair@$$CBV?$basic_string@DU?$char_traits@D@std@@V?$allocator@D@2@@std@@H@std@@@2@$0A@@std@@@std@@IAEXPAU_Node@?$_Tree_nod@V?$_Tmap_traits@V?$basic_string@DU?$char_traits@D@std@@V?$allocator@D@2@@std@@HU?$less@V?$basic_string@DU?$char_traits@D@std@@V?$allocator@D@2@@std@@@2@V?$allocator@U?$pair@$$CBV?$basic_string@DU?$char_traits@D@std@@V?$allocator@D@2@@std@@H@std@@@2@$0A@@std@@@2@@Z 100118f0 f i CommonFrameMain.obj
 0001:000108f0       ?_Erase@?$_Tree@V?$_Tmap_traits@V?$basic_string@DU?$char_traits@D@std@@V?$allocator@D@2@@std@@PAUHINSTANCE__@@U?$less@V?$basic_string@DU?$char_traits@D@std@@V?$allocator@D@2@@std@@@2@V?$allocator@U?$pair@$$CBV?$basic_string@DU?$char_traits@D@std@@V?$allocator@D@2@@std@@PAUHINSTANCE__@@@std@@@2@$0A@@std@@@std@@IAEXPAU_Node@?$_Tree_nod@V?$_Tmap_traits@V?$basic_string@DU?$char_traits@D@std@@V?$allocator@D@2@@std@@PAUHINSTANCE__@@U?$less@V?$basic_string@DU?$char_traits@D@std@@V?$allocator@D@2@@std@@@2@V?$allocator@U?$pair@$$CBV?$basic_string@DU?$char_traits@D@std@@V?$allocator@D@2@@std@@PAUHINSTANCE__@@@std@@@2@$0A@@std@@@2@@Z 100118f0 f i CommonFrameMain.obj
 0001:00010950       ?_Max@?$_Tree@V?$_Tmap_traits@V?$basic_string@DU?$char_traits@D@std@@V?$allocator@D@2@@std@@HU?$less@V?$basic_string@DU?$char_traits@D@std@@V?$allocator@D@2@@std@@@2@V?$allocator@U?$pair@$$CBV?$basic_string@DU?$char_traits@D@std@@V?$allocator@D@2@@std@@H@std@@@2@$0A@@std@@@std@@KAPAU_Node@?$_Tree_nod@V?$_Tmap_traits@V?$basic_string@DU?$char_traits@D@std@@V?$allocator@D@2@@std@@HU?$less@V?$basic_string@DU?$char_traits@D@std@@V?$allocator@D@2@@std@@@2@V?$allocator@U?$pair@$$CBV?$basic_string@DU?$char_traits@D@std@@V?$allocator@D@2@@std@@H@std@@@2@$0A@@std@@@2@PAU342@@Z 10011950 f i CommonFrameMain.obj
 0001:00010950       ?_Max@?$_Tree@V?$_Tmap_traits@V?$basic_string@DU?$char_traits@D@std@@V?$allocator@D@2@@std@@PAUHINSTANCE__@@U?$less@V?$basic_string@DU?$char_traits@D@std@@V?$allocator@D@2@@std@@@2@V?$allocator@U?$pair@$$CBV?$basic_string@DU?$char_traits@D@std@@V?$allocator@D@2@@std@@PAUHINSTANCE__@@@std@@@2@$0A@@std@@@std@@KAPAU_Node@?$_Tree_nod@V?$_Tmap_traits@V?$basic_string@DU?$char_traits@D@std@@V?$allocator@D@2@@std@@PAUHINSTANCE__@@U?$less@V?$basic_string@DU?$char_traits@D@std@@V?$allocator@D@2@@std@@@2@V?$allocator@U?$pair@$$CBV?$basic_string@DU?$char_traits@D@std@@V?$allocator@D@2@@std@@PAUHINSTANCE__@@@std@@@2@$0A@@std@@@2@PAU342@@Z 10011950 f i CommonFrameMain.obj
 0001:00010970       ??$use_facet@V?$ctype@D@std@@@std@@YAABV?$ctype@D@0@ABVlocale@0@@Z 10011970 f i CommonFrameMain.obj
 0001:00010ac0       ??$?6DU?$char_traits@D@std@@V?$allocator@D@1@@std@@YAAAV?$basic_ostream@DU?$char_traits@D@std@@@0@AAV10@ABV?$basic_string@DU?$char_traits@D@std@@V?$allocator@D@2@@0@@Z 10011ac0 f i CommonFrameMain.obj
 0001:00010d30       ??$?6U?$char_traits@D@std@@@std@@YAAAV?$basic_ostream@DU?$char_traits@D@std@@@0@AAV10@PBD@Z 10011d30 f i CommonFrameMain.obj
 0001:00010f70       ??$?0V?$istreambuf_iterator@DU?$char_traits@D@std@@@std@@@?$basic_string@DU?$char_traits@D@std@@V?$allocator@D@2@@std@@QAE@V?$istreambuf_iterator@DU?$char_traits@D@std@@@1@0@Z 10011f70 f i CommonFrameMain.obj
 0001:00010fd0       ??$?HDU?$char_traits@D@std@@V?$allocator@D@1@@std@@YA?AV?$basic_string@DU?$char_traits@D@std@@V?$allocator@D@2@@0@ABV10@PBD@Z 10011fd0 f i CommonFrameMain.obj
 0001:00011080       ??$sprintf_s@$0HL@@@YAHAAY0HL@DPBDZZ 10012080 f i CommonFrameMain.obj
 0001:000110a0       ??$?HDU?$char_traits@D@std@@V?$allocator@D@1@@std@@YA?AV?$basic_string@DU?$char_traits@D@std@@V?$allocator@D@2@@0@PBDABV10@@Z 100120a0 f i CommonFrameMain.obj
 0001:00011150       ??$?HDU?$char_traits@D@std@@V?$allocator@D@1@@std@@YA?AV?$basic_string@DU?$char_traits@D@std@@V?$allocator@D@2@@0@ABV10@0@Z 10012150 f i CommonFrameMain.obj
 0001:00011200       ??$use_facet@V?$codecvt@DDH@std@@@std@@YAABV?$codecvt@DDH@0@ABVlocale@0@@Z 10012200 f i CommonFrameMain.obj
 0001:00011350       ??$?MDU?$char_traits@D@std@@V?$allocator@D@1@@std@@YA_NABV?$basic_string@DU?$char_traits@D@std@@V?$allocator@D@2@@0@0@Z 10012350 f i CommonFrameMain.obj
 0001:000113b0       ??$_Construct@V?$basic_string@DU?$char_traits@D@std@@V?$allocator@D@2@@std@@V12@@std@@YAXPAV?$basic_string@DU?$char_traits@D@std@@V?$allocator@D@2@@0@ABV10@@Z 100123b0 f i CommonFrameMain.obj
 0001:00011410       ??0bad_alloc@std@@QAE@ABV01@@Z 10012410 f i CommonFrameMain.obj
 0001:00011430       ??1ErrorInfo@Reader@Json@@QAE@XZ 10012430 f i CommonFrameMain.obj
 0001:00011460       ??Y?$basic_string@DU?$char_traits@D@std@@V?$allocator@D@2@@std@@QAEAAV01@PBD@Z 10012460 f i CommonFrameMain.obj
 0001:00011480       ?_Getcat@?$codecvt@DDH@std@@SAIPAPBVfacet@locale@2@@Z 10012480 f i CommonFrameMain.obj
 0001:000114f0       ??0?$codecvt@DDH@std@@QAE@I@Z 100124f0 f i CommonFrameMain.obj
 0001:00011580       ??$_Construct@V?$istreambuf_iterator@DU?$char_traits@D@std@@@std@@@?$basic_string@DU?$char_traits@D@std@@V?$allocator@D@2@@std@@QAEXV?$istreambuf_iterator@DU?$char_traits@D@std@@@1@0Uinput_iterator_tag@1@@Z 10012580 f i CommonFrameMain.obj
 0001:00011720       ??$_Copy_opt@Viterator@?$_Tree@V?$_Tset_traits@V?$basic_string@DU?$char_traits@D@std@@V?$allocator@D@2@@std@@U?$less@V?$basic_string@DU?$char_traits@D@std@@V?$allocator@D@2@@std@@@2@V?$allocator@V?$basic_string@DU?$char_traits@D@std@@V?$allocator@D@2@@std@@@2@$0A@@std@@@std@@V?$back_insert_iterator@V?$list@V?$basic_string@DU?$char_traits@D@std@@V?$allocator@D@2@@std@@V?$allocator@V?$basic_string@DU?$char_traits@D@std@@V?$allocator@D@2@@std@@@2@@std@@@3@Uforward_iterator_tag@3@@std@@YA?AV?$back_insert_iterator@V?$list@V?$basic_string@DU?$char_traits@D@std@@V?$allocator@D@2@@std@@V?$allocator@V?$basic_string@DU?$char_traits@D@std@@V?$allocator@D@2@@std@@@2@@std@@@0@Viterator@?$_Tree@V?$_Tset_traits@V?$basic_string@DU?$char_traits@D@std@@V?$allocator@D@2@@std@@U?$less@V?$basic_string@DU?$char_traits@D@std@@V?$allocator@D@2@@std@@@2@V?$allocator@V?$basic_string@DU?$char_traits@D@std@@V?$allocator@D@2@@std@@@2@$0A@@std@@@0@0V10@Uforward_iterator_tag@0@U_Nonscalar_ptr_iterator_tag@0@U_Range_checked_iterator_tag@0@@Z 10012720 f i CommonFrameMain.obj
 0001:000117a0       ??$_Destroy_range@V?$basic_string@DU?$char_traits@D@std@@V?$allocator@D@2@@std@@V?$allocator@V?$basic_string@DU?$char_traits@D@std@@V?$allocator@D@2@@std@@@2@@std@@YAXPAV?$basic_string@DU?$char_traits@D@std@@V?$allocator@D@2@@0@0AAV?$allocator@V?$basic_string@DU?$char_traits@D@std@@V?$allocator@D@2@@std@@@0@U_Nonscalar_ptr_iterator_tag@0@@Z 100127a0 f i CommonFrameMain.obj
 0001:000117e0       ?equal@?$istreambuf_iterator@DU?$char_traits@D@std@@@std@@QBE_NABV12@@Z 100127e0 f i CommonFrameMain.obj
 0001:00011880       ?AfxCrtErrorCheck@@YAHH@Z  10012880 f i FrameConfigFileOperate.obj
 0001:00011910       ?AtlThrowImpl@ATL@@YGXJ@Z  10012910 f i FrameConfigFileOperate.obj
 0001:00011930       ?_AtlGetStringResourceImage@ATL@@YAPBUATLSTRINGRESOURCEIMAGE@1@PAUHINSTANCE__@@PAUHRSRC__@@I@Z 10012930 f i FrameConfigFileOperate.obj
 0001:000119a0       ?AtlGetStringResourceImage@ATL@@YAPBUATLSTRINGRESOURCEIMAGE@1@PAUHINSTANCE__@@I@Z 100129a0 f i FrameConfigFileOperate.obj
 0001:000119e0       ?Release@CStringData@ATL@@QAEXXZ 100129e0 f i FrameConfigFileOperate.obj
 0001:00011a00       ?parseFilePathConfig@FrameConfigFileOperate@@QAE_NPAUST_FRAME_CONFIG_INFO_T@@AAV?$basic_string@DU?$char_traits@D@std@@V?$allocator@D@2@@std@@@Z 10012a00 f   FrameConfigFileOperate.obj
 0001:00012290       ?getJsonData@FrameConfigFileOperate@@QAE_NAAVValue@Json@@PAD1@Z 10013290 f   FrameConfigFileOperate.obj
 0001:000123c0       ??0?$CStringT@DV?$StrTraitMFC@DV?$ChTraitsCRT@D@ATL@@@@@ATL@@QAE@XZ 100133c0 f i FrameConfigFileOperate.obj
 0001:000123f0       ??0?$CStringT@DV?$StrTraitMFC@DV?$ChTraitsCRT@D@ATL@@@@@ATL@@QAE@PBD@Z 100133f0 f i FrameConfigFileOperate.obj
 0001:000124b0       ?Left@?$CStringT@DV?$StrTraitMFC@DV?$ChTraitsCRT@D@ATL@@@@@ATL@@QBE?AV12@H@Z 100134b0 f i FrameConfigFileOperate.obj
 0001:00012530       ?LoadStringA@?$CStringT@DV?$StrTraitMFC@DV?$ChTraitsCRT@D@ATL@@@@@ATL@@QAEHI@Z 10013530 f i FrameConfigFileOperate.obj
 0001:00012560       ?rfind@?$basic_string@DU?$char_traits@D@std@@V?$allocator@D@2@@std@@QBEIPBDII@Z 10013560 f i FrameConfigFileOperate.obj
 0001:000125f0       ??0?$CStringT@DV?$StrTraitMFC@DV?$ChTraitsCRT@D@ATL@@@@@ATL@@QAE@PBDHPAUIAtlStringMgr@1@@Z 100135f0 f i FrameConfigFileOperate.obj
 0001:00012610       ?GetManager@?$CStringT@DV?$StrTraitMFC@DV?$ChTraitsCRT@D@ATL@@@@@ATL@@QBEPAUIAtlStringMgr@2@XZ 10013610 f i FrameConfigFileOperate.obj
 0001:00012640       ?LoadStringA@?$CStringT@DV?$StrTraitMFC@DV?$ChTraitsCRT@D@ATL@@@@@ATL@@QAEHPAUHINSTANCE__@@I@Z 10013640 f i FrameConfigFileOperate.obj
 0001:00012710       ?CheckImplicitLoad@?$CStringT@DV?$StrTraitMFC@DV?$ChTraitsCRT@D@ATL@@@@@ATL@@AAE_NPBX@Z 10013710 f i FrameConfigFileOperate.obj
 0001:00012750       ??0?$CSimpleStringT@D$0A@@ATL@@QAE@PAUIAtlStringMgr@1@@Z 10013750 f i FrameConfigFileOperate.obj
 0001:00012780       ??0?$CSimpleStringT@D$0A@@ATL@@QAE@ABV01@@Z 10013780 f i FrameConfigFileOperate.obj
 0001:000127a0       ??1?$CStringT@DV?$StrTraitMFC@DV?$ChTraitsCRT@D@ATL@@@@@ATL@@QAE@XZ 100137a0 f i FrameConfigFileOperate.obj
 0001:000127a0       ??1?$CSimpleStringT@D$0A@@ATL@@QAE@XZ 100137a0 f i FrameConfigFileOperate.obj
 0001:000127c0       ??4?$CSimpleStringT@D$0A@@ATL@@QAEAAV01@ABV01@@Z 100137c0 f i FrameConfigFileOperate.obj
 0001:00012840       ?PrepareWrite@?$CSimpleStringT@D$0A@@ATL@@AAEPADH@Z 10013840 f i FrameConfigFileOperate.obj
 0001:00012870       ?SetLength@?$CSimpleStringT@D$0A@@ATL@@AAEXH@Z 10013870 f i FrameConfigFileOperate.obj
 0001:000128a0       ??0?$CSimpleStringT@D$0A@@ATL@@QAE@PBDHPAUIAtlStringMgr@1@@Z 100138a0 f i FrameConfigFileOperate.obj
 0001:00012910       ?SetString@?$CSimpleStringT@D$0A@@ATL@@QAEXPBD@Z 10013910 f i FrameConfigFileOperate.obj
 0001:00012950       ?SetString@?$CSimpleStringT@D$0A@@ATL@@QAEXPBDH@Z 10013950 f i FrameConfigFileOperate.obj
 0001:000129e0       ?PrepareWrite2@?$CSimpleStringT@D$0A@@ATL@@AAEXH@Z 100139e0 f i FrameConfigFileOperate.obj
 0001:00012a30       ?CloneData@?$CSimpleStringT@D$0A@@ATL@@CAPAUCStringData@2@PAU32@@Z 10013a30 f i FrameConfigFileOperate.obj
 0001:00012aa0       ?Empty@?$CSimpleStringT@D$0A@@ATL@@QAEXXZ 10013aa0 f i FrameConfigFileOperate.obj
 0001:00012b00       ?ThrowMemoryException@?$CSimpleStringT@D$0A@@ATL@@KAXXZ 10013b00 f i FrameConfigFileOperate.obj
 0001:00012b10       ?Fork@?$CSimpleStringT@D$0A@@ATL@@AAEXH@Z 10013b10 f i FrameConfigFileOperate.obj
 0001:00012b90       ?Reallocate@?$CSimpleStringT@D$0A@@ATL@@AAEXH@Z 10013b90 f i FrameConfigFileOperate.obj
 0001:00012bd0       ?Format@?$CStringT@DV?$StrTraitMFC@DV?$ChTraitsCRT@D@ATL@@@@@ATL@@QAAXPBDZZ 10013bd0 f i FrameConfigFileOperate.obj
 0001:00012bf0       ??$AtlMultiplyThrow@I@ATL@@YAIII@Z 10013bf0 f i FrameConfigFileOperate.obj
 0001:00012c10       ?FormatV@?$CStringT@DV?$StrTraitMFC@DV?$ChTraitsCRT@D@ATL@@@@@ATL@@QAEXPBDPAD@Z 10013c10 f i FrameConfigFileOperate.obj
 0001:00012ef0       ?parse@Reader@Json@@QAE_NPBD0AAVValue@2@_N@Z 10013ef0 f   json_reader.obj
 0001:00013070       ?readValue@Reader@Json@@AAE_NXZ 10014070 f   json_reader.obj
 0001:000132a0       ?readToken@Reader@Json@@AAE_NAAVToken@12@@Z 100142a0 f   json_reader.obj
 0001:00013530       ?readComment@Reader@Json@@AAE_NXZ 10014530 f   json_reader.obj
 0001:000135b0       ?addComment@Reader@Json@@AAEXPBD0W4CommentPlacement@2@@Z 100145b0 f   json_reader.obj
 0001:000136b0       ?readCStyleComment@Reader@Json@@AAE_NXZ 100146b0 f   json_reader.obj
 0001:00013710       ?readCppStyleComment@Reader@Json@@AAE_NXZ 10014710 f   json_reader.obj
 0001:00013750       ?readNumber@Reader@Json@@AAEXXZ 10014750 f   json_reader.obj
 0001:00013790       ?readString@Reader@Json@@AAE_NXZ 10014790 f   json_reader.obj
 0001:000137e0       ?readObject@Reader@Json@@AAE_NAAVToken@12@@Z 100147e0 f   json_reader.obj
 0001:00013c80       ?readArray@Reader@Json@@AAE_NAAVToken@12@@Z 10014c80 f   json_reader.obj
 0001:00013f20       ?decodeNumber@Reader@Json@@AAE_NAAVToken@12@@Z 10014f20 f   json_reader.obj
 0001:000141b0       ?decodeDouble@Reader@Json@@AAE_NAAVToken@12@@Z 100151b0 f   json_reader.obj
 0001:000143f0       ?decodeString@Reader@Json@@AAE_NAAVToken@12@@Z 100153f0 f   json_reader.obj
 0001:000144d0       ?decodeString@Reader@Json@@AAE_NAAVToken@12@AAV?$basic_string@DU?$char_traits@D@std@@V?$allocator@D@2@@std@@@Z 100154d0 f   json_reader.obj
 0001:00014880       ?decodeUnicodeCodePoint@Reader@Json@@AAE_NAAVToken@12@AAPBDPBDAAI@Z 10015880 f   json_reader.obj
 0001:000149c0       ?decodeUnicodeEscapeSequence@Reader@Json@@AAE_NAAVToken@12@AAPBDPBDAAI@Z 100159c0 f   json_reader.obj
 0001:00014b40       ?addError@Reader@Json@@AAE_NABV?$basic_string@DU?$char_traits@D@std@@V?$allocator@D@2@@std@@AAVToken@12@PBD@Z 10015b40 f   json_reader.obj
 0001:00014c40       ?recoverFromError@Reader@Json@@AAE_NW4TokenType@12@@Z 10015c40 f   json_reader.obj
 0001:00014cc0       ?back@?$deque@PAVValue@Json@@V?$allocator@PAVValue@Json@@@std@@@std@@QAEAAPAVValue@Json@@XZ 10015cc0 f i json_reader.obj
 0001:00014d20       ?push_back@?$deque@PAVValue@Json@@V?$allocator@PAVValue@Json@@@std@@@std@@QAEXABQAVValue@Json@@@Z 10015d20 f i json_reader.obj
 0001:00014da0       ?resize@?$deque@VErrorInfo@Reader@Json@@V?$allocator@VErrorInfo@Reader@Json@@@std@@@std@@QAEXIVErrorInfo@Reader@Json@@@Z 10015da0 f i json_reader.obj
 0001:00014ec0       ?_Growmap@?$deque@VErrorInfo@Reader@Json@@V?$allocator@VErrorInfo@Reader@Json@@@std@@@std@@IAEXI@Z 10015ec0 f i json_reader.obj
 0001:00015020       ?_Growmap@?$deque@PAVValue@Json@@V?$allocator@PAVValue@Json@@@std@@@std@@IAEXI@Z 10016020 f i json_reader.obj
 0001:00015180       ?erase@?$deque@VErrorInfo@Reader@Json@@V?$allocator@VErrorInfo@Reader@Json@@@std@@@std@@QAE?AV?$_Deque_iterator@VErrorInfo@Reader@Json@@V?$allocator@VErrorInfo@Reader@Json@@@std@@$00@2@V32@0@Z 10016180 f i json_reader.obj
 0001:000153b0       ?_Insert_n@?$deque@VErrorInfo@Reader@Json@@V?$allocator@VErrorInfo@Reader@Json@@@std@@@std@@IAEXV?$_Deque_iterator@VErrorInfo@Reader@Json@@V?$allocator@VErrorInfo@Reader@Json@@@std@@$00@2@IABVErrorInfo@Reader@Json@@@Z 100163b0 f i json_reader.obj
 0001:00015c60       ?allocate@?$allocator@PAPAVValue@Json@@@std@@QAEPAPAPAVValue@Json@@I@Z 10016c60 f i json_reader.obj
 0001:00015c60       ?allocate@?$allocator@PAVErrorInfo@Reader@Json@@@std@@QAEPAPAVErrorInfo@Reader@Json@@I@Z 10016c60 f i json_reader.obj
 0001:00015cc0       ?_Xlen@?$deque@VErrorInfo@Reader@Json@@V?$allocator@VErrorInfo@Reader@Json@@@std@@@std@@KAXXZ 10016cc0 f i json_reader.obj
 0001:00015cc0       ?_Xlen@?$deque@PAVValue@Json@@V?$allocator@PAVValue@Json@@@std@@@std@@KAXXZ 10016cc0 f i json_reader.obj
 0001:00015d40       ?pop_front@?$deque@VErrorInfo@Reader@Json@@V?$allocator@VErrorInfo@Reader@Json@@@std@@@std@@QAEXXZ 10016d40 f i json_reader.obj
 0001:00015d90       ??$_Construct@VErrorInfo@Reader@Json@@V123@@std@@YAXPAVErrorInfo@Reader@Json@@ABV123@@Z 10016d90 f i json_reader.obj
 0001:00015e10       ??$copy_backward@V?$_Deque_iterator@VErrorInfo@Reader@Json@@V?$allocator@VErrorInfo@Reader@Json@@@std@@$00@std@@V12@@std@@YA?AV?$_Deque_iterator@VErrorInfo@Reader@Json@@V?$allocator@VErrorInfo@Reader@Json@@@std@@$00@0@V10@00@Z 10016e10 f i json_reader.obj
 0001:00015e80       ??$copy@V?$_Deque_iterator@VErrorInfo@Reader@Json@@V?$allocator@VErrorInfo@Reader@Json@@@std@@$00@std@@V12@@std@@YA?AV?$_Deque_iterator@VErrorInfo@Reader@Json@@V?$allocator@VErrorInfo@Reader@Json@@@std@@$00@0@V10@00@Z 10016e80 f i json_reader.obj
 0001:00015ef0       ??$_Copy_backward_opt@V?$_Deque_iterator@VErrorInfo@Reader@Json@@V?$allocator@VErrorInfo@Reader@Json@@@std@@$0A@@std@@V?$_Deque_iterator@VErrorInfo@Reader@Json@@V?$allocator@VErrorInfo@Reader@Json@@@std@@$00@2@@std@@YA?AV?$_Deque_iterator@VErrorInfo@Reader@Json@@V?$allocator@VErrorInfo@Reader@Json@@@std@@$00@0@V?$_Deque_iterator@VErrorInfo@Reader@Json@@V?$allocator@VErrorInfo@Reader@Json@@@std@@$0A@@0@0V10@Urandom_access_iterator_tag@0@U_Nonscalar_ptr_iterator_tag@0@U_Range_checked_iterator_tag@0@@Z 10016ef0 f i json_reader.obj
 0001:00015fb0       ??$_Copy_opt@V?$_Deque_iterator@VErrorInfo@Reader@Json@@V?$allocator@VErrorInfo@Reader@Json@@@std@@$0A@@std@@V?$_Deque_iterator@VErrorInfo@Reader@Json@@V?$allocator@VErrorInfo@Reader@Json@@@std@@$00@2@@std@@YA?AV?$_Deque_iterator@VErrorInfo@Reader@Json@@V?$allocator@VErrorInfo@Reader@Json@@@std@@$00@0@V?$_Deque_iterator@VErrorInfo@Reader@Json@@V?$allocator@VErrorInfo@Reader@Json@@@std@@$0A@@0@0V10@Urandom_access_iterator_tag@0@U_Nonscalar_ptr_iterator_tag@0@U_Range_checked_iterator_tag@0@@Z 10016fb0 f i json_reader.obj
 0001:00016070       ??$_Fill@V?$_Deque_iterator@VErrorInfo@Reader@Json@@V?$allocator@VErrorInfo@Reader@Json@@@std@@$0A@@std@@VErrorInfo@Reader@Json@@@std@@YAXV?$_Deque_iterator@VErrorInfo@Reader@Json@@V?$allocator@VErrorInfo@Reader@Json@@@std@@$0A@@0@0ABVErrorInfo@Reader@Json@@@Z 10017070 f i json_reader.obj
 0001:000160e0       ??$_Copy_backward_opt@V?$_Deque_iterator@VErrorInfo@Reader@Json@@V?$allocator@VErrorInfo@Reader@Json@@@std@@$0A@@std@@V12@Uforward_iterator_tag@2@@std@@YA?AV?$_Deque_iterator@VErrorInfo@Reader@Json@@V?$allocator@VErrorInfo@Reader@Json@@@std@@$0A@@0@V10@00Uforward_iterator_tag@0@U_Nonscalar_ptr_iterator_tag@0@U_Range_checked_iterator_tag@0@@Z 100170e0 f i json_reader.obj
 0001:000161b0       ??$_Copy_opt@V?$_Deque_iterator@VErrorInfo@Reader@Json@@V?$allocator@VErrorInfo@Reader@Json@@@std@@$0A@@std@@V12@Uforward_iterator_tag@2@@std@@YA?AV?$_Deque_iterator@VErrorInfo@Reader@Json@@V?$allocator@VErrorInfo@Reader@Json@@@std@@$0A@@0@V10@00Uforward_iterator_tag@0@U_Nonscalar_ptr_iterator_tag@0@U_Range_checked_iterator_tag@0@@Z 100171b0 f i json_reader.obj
 0001:00016280       ??_GDefaultValueAllocator@Json@@UAEPAXI@Z 10017280 f i json_value.obj
 0001:00016280       ??_EDefaultValueAllocator@Json@@UAEPAXI@Z 10017280 f i  CIL library: CIL module
 0001:00016280       ??_GValueAllocator@Json@@UAEPAXI@Z 10017280 f i json_value.obj
 0001:00016280       ??_EValueAllocator@Json@@UAEPAXI@Z 10017280 f i  CIL library: CIL module
 0001:000162a0       ?makeMemberName@DefaultValueAllocator@Json@@UAEPADPBD@Z 100172a0 f i json_value.obj
 0001:000162c0       ?releaseMemberName@DefaultValueAllocator@Json@@UAEXPAD@Z 100172c0 f i json_value.obj
 0001:000162d0       ?duplicateStringValue@DefaultValueAllocator@Json@@UAEPADPBDI@Z 100172d0 f i json_value.obj
 0001:00016320       ?releaseStringValue@DefaultValueAllocator@Json@@UAEXPAD@Z 10017320 f i json_value.obj
 0001:00016370       ??0CommentInfo@Value@Json@@QAE@XZ 10017370 f   json_value.obj
 0001:00016380       ??1CommentInfo@Value@Json@@QAE@XZ 10017380 f   json_value.obj
 0001:000163d0       ?setComment@CommentInfo@Value@Json@@QAEXPBD@Z 100173d0 f   json_value.obj
 0001:000164e0       ??0CZString@Value@Json@@QAE@ABV012@@Z 100174e0 f   json_value.obj
 0001:00016550       ??1CZString@Value@Json@@QAE@XZ 10017550 f   json_value.obj
 0001:000165a0       ??0Value@Json@@QAE@ABV?$basic_string@DU?$char_traits@D@std@@V?$allocator@D@2@@std@@@Z 100175a0 f   json_value.obj
 0001:00016610       ??0Value@Json@@QAE@ABV01@@Z 10017610 f   json_value.obj
 0001:00016760       ??1Value@Json@@QAE@XZ      10017760 f   json_value.obj
 0001:00016800       ??4Value@Json@@QAEAAV01@ABV01@@Z 10017800 f   json_value.obj
 0001:00016880       ?asString@Value@Json@@QBE?AV?$basic_string@DU?$char_traits@D@std@@V?$allocator@D@2@@std@@XZ 10017880 f   json_value.obj
 0001:000169b0       ?asInt@Value@Json@@QBEHXZ  100179b0 f   json_value.obj
 0001:00016b60       ?asUInt@Value@Json@@QBEIXZ 10017b60 f   json_value.obj
 0001:00016d20       ?asDouble@Value@Json@@QBENXZ 10017d20 f   json_value.obj
 0001:00016e30       ?asBool@Value@Json@@QBE_NXZ 10017e30 f   json_value.obj
 0001:00016ea0       ?size@Value@Json@@QBEIXZ   10017ea0 f   json_value.obj
 0001:00016f20       ??AValue@Json@@QAEAAV01@I@Z 10017f20 f   json_value.obj
 0001:00017100       ??1?$pair@$$CBVCZString@Value@Json@@V23@@std@@QAE@XZ 10018100 f i json_value.obj
 0001:000171a0       ??AValue@Json@@QBEABV01@I@Z 100181a0 f   json_value.obj
 0001:00017270       ?resolveReference@Value@Json@@AAEAAV12@PBD_N@Z 10018270 f   json_value.obj
 0001:00017450       ??AValue@Json@@QBEABV01@PBD@Z 10018450 f   json_value.obj
 0001:00017520       ?getMemberNames@Value@Json@@QBE?AV?$vector@V?$basic_string@DU?$char_traits@D@std@@V?$allocator@D@2@@std@@V?$allocator@V?$basic_string@DU?$char_traits@D@std@@V?$allocator@D@2@@std@@@2@@std@@XZ 10018520 f   json_value.obj
 0001:00017690       ?setComment@Value@Json@@QAEXPBDW4CommentPlacement@2@@Z 10018690 f   json_value.obj
 0001:00017720       ??0?$_Tree@V?$_Tmap_traits@VCZString@Value@Json@@V23@U?$less@VCZString@Value@Json@@@std@@V?$allocator@U?$pair@$$CBVCZString@Value@Json@@V23@@std@@@5@$0A@@std@@@std@@QAE@ABV01@@Z 10018720 f i json_value.obj
 0001:000177b0       ?insert@?$_Tree@V?$_Tmap_traits@VCZString@Value@Json@@V23@U?$less@VCZString@Value@Json@@@std@@V?$allocator@U?$pair@$$CBVCZString@Value@Json@@V23@@std@@@5@$0A@@std@@@std@@QAE?AViterator@12@V312@ABU?$pair@$$CBVCZString@Value@Json@@V23@@2@@Z 100187b0 f i json_value.obj
 0001:000179c0       ?erase@?$_Tree@V?$_Tmap_traits@VCZString@Value@Json@@V23@U?$less@VCZString@Value@Json@@@std@@V?$allocator@U?$pair@$$CBVCZString@Value@Json@@V23@@std@@@5@$0A@@std@@@std@@QAE?AViterator@12@V312@@Z 100189c0 f i json_value.obj
 0001:00017cc0       ?find@?$_Tree@V?$_Tmap_traits@VCZString@Value@Json@@V23@U?$less@VCZString@Value@Json@@@std@@V?$allocator@U?$pair@$$CBVCZString@Value@Json@@V23@@std@@@5@$0A@@std@@@std@@QAE?AViterator@12@ABVCZString@Value@Json@@@Z 10018cc0 f i json_value.obj
 0001:00017d60       ??Dconst_iterator@?$_Tree@V?$_Tmap_traits@VCZString@Value@Json@@V23@U?$less@VCZString@Value@Json@@@std@@V?$allocator@U?$pair@$$CBVCZString@Value@Json@@V23@@std@@@5@$0A@@std@@@std@@QBEABU?$pair@$$CBVCZString@Value@Json@@V23@@2@XZ 10018d60 f i json_value.obj
 0001:00017d80       ??8const_iterator@?$_Tree@V?$_Tmap_traits@VCZString@Value@Json@@V23@U?$less@VCZString@Value@Json@@@std@@V?$allocator@U?$pair@$$CBVCZString@Value@Json@@V23@@std@@@5@$0A@@std@@@std@@QBE_NABV012@@Z 10018d80 f i json_value.obj
 0001:00017da0       ??0?$vector@V?$basic_string@DU?$char_traits@D@std@@V?$allocator@D@2@@std@@V?$allocator@V?$basic_string@DU?$char_traits@D@std@@V?$allocator@D@2@@std@@@2@@std@@QAE@ABV01@@Z 10018da0 f i json_value.obj
 0001:00017eb0       ?reserve@?$vector@V?$basic_string@DU?$char_traits@D@std@@V?$allocator@D@2@@std@@V?$allocator@V?$basic_string@DU?$char_traits@D@std@@V?$allocator@D@2@@std@@@2@@std@@QAEXI@Z 10018eb0 f i json_value.obj
 0001:00018000       ?push_back@?$vector@V?$basic_string@DU?$char_traits@D@std@@V?$allocator@D@2@@std@@V?$allocator@V?$basic_string@DU?$char_traits@D@std@@V?$allocator@D@2@@std@@@2@@std@@QAEXABV?$basic_string@DU?$char_traits@D@std@@V?$allocator@D@2@@2@@Z 10019000 f i json_value.obj
 0001:000180b0       ??0?$pair@$$CBVCZString@Value@Json@@V23@@std@@QAE@ABVCZString@Value@Json@@ABV34@@Z 100190b0 f i json_value.obj
 0001:00018110       ?insert@?$_Tree@V?$_Tmap_traits@VCZString@Value@Json@@V23@U?$less@VCZString@Value@Json@@@std@@V?$allocator@U?$pair@$$CBVCZString@Value@Json@@V23@@std@@@5@$0A@@std@@@std@@QAE?AU?$pair@Viterator@?$_Tree@V?$_Tmap_traits@VCZString@Value@Json@@V23@U?$less@VCZString@Value@Json@@@std@@V?$allocator@U?$pair@$$CBVCZString@Value@Json@@V23@@std@@@5@$0A@@std@@@std@@_N@2@ABU?$pair@$$CBVCZString@Value@Json@@V23@@2@@Z 10019110 f i json_value.obj
[...]
 0001:00045ed0       __unwindfunclet$?IF_ITCEntryTrade@@YGHPBDABH1PADAAHH@Z$0 10046ed0 f    CIL library: CIL module
 0001:00045ed0       __unwindfunclet$?IF_QueryAgentDebit@@YG_NPBDABH1AAH@Z$0 10046ed0 f    CIL library: CIL module
 0001:00045ed8       __unwindfunclet$?IF_QueryVirtualCardDebit@@YG_NPBDABH1AAHPAD@Z$1 10046ed8 f    CIL library: CIL module
 0001:00045ed8       __unwindfunclet$?IF_QueryAgentDebit@@YG_NPBDABH1AAH@Z$1 10046ed8 f    CIL library: CIL module
 0001:00045ed8       __unwindfunclet$?IF_ITCQueryPath@@YGHPBDABH1PADAAHH@Z$1 10046ed8 f    CIL library: CIL module
 0001:00045ed8       __unwindfunclet$?IF_GetParam@@YG_NPBDABH1PADAAH@Z$1 10046ed8 f    CIL library: CIL module
 0001:00045ed8       __unwindfunclet$?IF_ITCEntryTrade@@YGHPBDABH1PADAAHH@Z$1 10046ed8 f    CIL library: CIL module
 0001:00045ed8       __unwindfunclet$?IF_ITCExitTrade@@YGHPBDABH1PADAAHH@Z$1 10046ed8 f    CIL library: CIL module
 0001:00045ed8       __unwindfunclet$?IF_DebitMoneyEtcUp@@YGHPBDABH1PADAAHH@Z$1 10046ed8 f    CIL library: CIL module
 0001:00045ed8       __unwindfunclet$?IF_ITCEntryQuery@@YGHPBDABH1PADAAHH_N@Z$1 10046ed8 f    CIL library: CIL module
 0001:00045ed8       __unwindfunclet$?IF_QueryAgentDebitEtcUp@@YGHPBDABH1AAH1@Z$1 10046ed8 f    CIL library: CIL module
 0001:00045ed8       __unwindfunclet$?IF_QueryAgentDebitResultEtcUp@@YGHPBDABH1PADAAHH@Z$1 10046ed8 f    CIL library: CIL module
 0001:00045ed8       __unwindfunclet$?IF_ITCExitQuery@@YGHPBDABH1PADAAHH_N@Z$1 10046ed8 f    CIL library: CIL module
 0001:00045ee0       __ehhandler$?IF_ITCExitQuery@@YGHPBDABH1PADAAHH_N@Z 10046ee0 f    CIL library: CIL module
 0001:00045ee0       __ehhandler$?IF_GetParam@@YG_NPBDABH1PADAAH@Z 10046ee0 f    CIL library: CIL module
 0001:00045ee0       __ehhandler$?IF_ITCQueryPath@@YGHPBDABH1PADAAHH@Z 10046ee0 f    CIL library: CIL module
 0001:00045ee0       __ehhandler$?IF_QueryAgentDebitResultEtcUp@@YGHPBDABH1PADAAHH@Z 10046ee0 f    CIL library: CIL module
 0001:00045ee0       __ehhandler$?IF_ITCEntryTrade@@YGHPBDABH1PADAAHH@Z 10046ee0 f    CIL library: CIL module
 0001:00045ee0       __ehhandler$?IF_QueryAgentDebitEtcUp@@YGHPBDABH1AAH1@Z 10046ee0 f    CIL library: CIL module
 0001:00045ee0       __ehhandler$?IF_ITCExitTrade@@YGHPBDABH1PADAAHH@Z 10046ee0 f    CIL library: CIL module
 0001:00045ee0       __ehhandler$?IF_QueryAgentDebit@@YG_NPBDABH1AAH@Z 10046ee0 f    CIL library: CIL module
 0001:00045ee0       __ehhandler$?IF_DebitMoneyEtcUp@@YGHPBDABH1PADAAHH@Z 10046ee0 f    CIL library: CIL module
 0001:00045ee0       __ehhandler$?IF_QueryVirtualCardDebit@@YG_NPBDABH1AAHPAD@Z 10046ee0 f    CIL library: CIL module
 0001:00045ee0       __ehhandler$?IF_ITCEntryQuery@@YGHPBDABH1PADAAHH_N@Z 10046ee0 f    CIL library: CIL module
 0001:00045f10       __unwindfunclet$?IF_EventDelVehQueueResult@@YG_NPBDABH1@Z$0 10046f10 f    CIL library: CIL module
 0001:00045f10       __unwindfunclet$?IF_EventCardOperationNotify@@YG_NPBDABH1@Z$0 10046f10 f    CIL library: CIL module
 0001:00045f10       __unwindfunclet$?IF_EventAuthorize@@YG_NPBDABH1@Z$0 10046f10 f    CIL library: CIL module
 0001:00045f10       __unwindfunclet$?IF_EventDealStop@@YG_NPBDABH1@Z$0 10046f10 f    CIL library: CIL module
 0001:00045f10       __unwindfunclet$?IF_EventFeeAuthorize@@YG_NPBDABH1@Z$0 10046f10 f    CIL library: CIL module
 0001:00045f10       __unwindfunclet$?IF_EventPayResultDisplay@@YG_NPBDABH1@Z$0 10046f10 f    CIL library: CIL module
 0001:00045f10       __unwindfunclet$?IF_GetAccountInfo@@YG_NPADAAHABH@Z$0 10046f10 f    CIL library: CIL module
 0001:00045f10       __unwindfunclet$?IF_EventDealStart@@YG_NPBDABH1@Z$0 10046f10 f    CIL library: CIL module
 0001:00045f10       __unwindfunclet$?IF_TranslateData@@YG_NPBDABH1@Z$0 10046f10 f    CIL library: CIL module
 0001:00045f10       __unwindfunclet$?IF_DebitMoney@@YG_NPBDABH1@Z$0 10046f10 f    CIL library: CIL module
 0001:00045f10       __unwindfunclet$?IF_GetCancelResult@@YG_NPADAAHABH@Z$0 10046f10 f    CIL library: CIL module
 0001:00045f10       __unwindfunclet$?IF_EventCheckVehQueue@@YG_NPBDABH1@Z$0 10046f10 f    CIL library: CIL module
 0001:00045f10       __unwindfunclet$?IF_EventShowFeeInfo@@YG_NPBDABH1@Z$0 10046f10 f    CIL library: CIL module
 0001:00045f10       __unwindfunclet$?IF_SetVehicleStatus@@YG_NPBDABH1@Z$0 10046f10 f    CIL library: CIL module
 0001:00045f10       __unwindfunclet$?IF_TransferCashInvoiceData@@YG_NPBDABH1@Z$0 10046f10 f    CIL library: CIL module
 0001:00045f10       __unwindfunclet$?IF_TransferImage@@YG_NPBDABH1@Z$0 10046f10 f    CIL library: CIL module
 0001:00045f10       __unwindfunclet$?IF_PrinterTicket@@YG_NPBDAAHABH@Z$0 10046f10 f    CIL library: CIL module
 0001:00045f10       __unwindfunclet$?IF_EventModifyVehQueue@@YG_NPBDABH1@Z$0 10046f10 f    CIL library: CIL module
 0001:00045f10       __unwindfunclet$?IF_EventCheckEntryInfo@@YG_NPBDABH1@Z$0 10046f10 f    CIL library: CIL module
 0001:00045f10       __unwindfunclet$?IF_ReadCardInfo@@YG_NPADAAHABH@Z$0 10046f10 f    CIL library: CIL module
 0001:00045f10       __unwindfunclet$?IF_CancelCashInvoiceData@@YG_NPBDABH1@Z$0 10046f10 f    CIL library: CIL module
 0001:00045f10       __unwindfunclet$?IF_DebitCancel@@YG_NPBDABH1@Z$0 10046f10 f    CIL library: CIL module
 0001:00045f10       __unwindfunclet$?IF_WriteCardInfo@@YG_NPADAAHABH@Z$0 10046f10 f    CIL library: CIL module
 0001:00045f10       __unwindfunclet$?IF_GetDebitResult@@YG_NPADAAHABH@Z$0 10046f10 f    CIL library: CIL module
 0001:00045f10       __unwindfunclet$?IF_CompletionTicketNo@@YG_NPBDABH1@Z$0 10046f10 f    CIL library: CIL module
 0001:00045f10       __unwindfunclet$?IF_EventCheckVehInfo@@YG_NPBDABH1@Z$0 10046f10 f    CIL library: CIL module
 0001:00045f10       __unwindfunclet$?IF_SetMMI@@YG_NPBDABH1@Z$0 10046f10 f    CIL library: CIL module
 0001:00045f10       __unwindfunclet$?IF_DebitCancel2@@YG_NPBDABH1@Z$0 10046f10 f    CIL library: CIL module
 0001:00045f10       __unwindfunclet$?IF_EventFreeVoicePlay@@YG_NPBDABH1@Z$0 10046f10 f    CIL library: CIL module
 0001:00045f18       __unwindfunclet$?IF_SetMMI@@YG_NPBDABH1@Z$1 10046f18 f    CIL library: CIL module
 0001:00045f18       __unwindfunclet$?IF_TransferImage@@YG_NPBDABH1@Z$1 10046f18 f    CIL library: CIL module
 0001:00045f18       __unwindfunclet$?IF_WriteCardInfo@@YG_NPADAAHABH@Z$1 10046f18 f    CIL library: CIL module
 0001:00045f18       __unwindfunclet$?IF_EventCardOperationNotify@@YG_NPBDABH1@Z$1 10046f18 f    CIL library: CIL module
 0001:00045f18       __unwindfunclet$?IF_EventCheckVehInfo@@YG_NPBDABH1@Z$1 10046f18 f    CIL library: CIL module
 0001:00045f18       __unwindfunclet$?IF_DebitCancel@@YG_NPBDABH1@Z$1 10046f18 f    CIL library: CIL module
 0001:00045f18       __unwindfunclet$?IF_CancelCashInvoiceData@@YG_NPBDABH1@Z$1 10046f18 f    CIL library: CIL module
 0001:00045f18       __unwindfunclet$?IF_ReadCardInfo@@YG_NPADAAHABH@Z$1 10046f18 f    CIL library: CIL module
 0001:00045f18       __unwindfunclet$?IF_PrinterTicket@@YG_NPBDAAHABH@Z$1 10046f18 f    CIL library: CIL module
 0001:00045f18       __unwindfunclet$?IF_TransferCashInvoiceData@@YG_NPBDABH1@Z$1 10046f18 f    CIL library: CIL module
 0001:00045f18       __unwindfunclet$?IF_EventModifyVehQueue@@YG_NPBDABH1@Z$1 10046f18 f    CIL library: CIL module
 0001:00045f18       __unwindfunclet$?IF_EventCheckEntryInfo@@YG_NPBDABH1@Z$1 10046f18 f    CIL library: CIL module
 0001:00045f18       __unwindfunclet$?IF_DebitCancel2@@YG_NPBDABH1@Z$1 10046f18 f    CIL library: CIL module
 0001:00045f18       __unwindfunclet$?IF_SetVehicleStatus@@YG_NPBDABH1@Z$1 10046f18 f    CIL library: CIL module
 0001:00045f18       __unwindfunclet$?IF_CompletionTicketNo@@YG_NPBDABH1@Z$1 10046f18 f    CIL library: CIL module
 0001:00045f18       __unwindfunclet$?IF_GetCancelResult@@YG_NPADAAHABH@Z$1 10046f18 f    CIL library: CIL module
 0001:00045f18       __unwindfunclet$?IF_DebitMoney@@YG_NPBDABH1@Z$1 10046f18 f    CIL library: CIL module
 0001:00045f18       __unwindfunclet$?IF_EventDealStart@@YG_NPBDABH1@Z$1 10046f18 f    CIL library: CIL module
 0001:00045f18       __unwindfunclet$?IF_TranslateData@@YG_NPBDABH1@Z$1 10046f18 f    CIL library: CIL module
 0001:00045f18       __unwindfunclet$?IF_EventShowFeeInfo@@YG_NPBDABH1@Z$1 10046f18 f    CIL library: CIL module
 0001:00045f18       __unwindfunclet$?IF_GetAccountInfo@@YG_NPADAAHABH@Z$1 10046f18 f    CIL library: CIL module
 0001:00045f18       __unwindfunclet$?IF_EventDelVehQueueResult@@YG_NPBDABH1@Z$1 10046f18 f    CIL library: CIL module
 0001:00045f18       __unwindfunclet$?IF_EventCheckVehQueue@@YG_NPBDABH1@Z$1 10046f18 f    CIL library: CIL module
 0001:00045f18       __unwindfunclet$?IF_EventPayResultDisplay@@YG_NPBDABH1@Z$1 10046f18 f    CIL library: CIL module
 0001:00045f18       __unwindfunclet$?IF_EventAuthorize@@YG_NPBDABH1@Z$1 10046f18 f    CIL library: CIL module
 0001:00045f18       __unwindfunclet$?IF_EventDealStop@@YG_NPBDABH1@Z$1 10046f18 f    CIL library: CIL module
 0001:00045f18       __unwindfunclet$?IF_EventFeeAuthorize@@YG_NPBDABH1@Z$1 10046f18 f    CIL library: CIL module
 0001:00045f18       __unwindfunclet$?IF_GetDebitResult@@YG_NPADAAHABH@Z$1 10046f18 f    CIL library: CIL module
 0001:00045f18       __unwindfunclet$?IF_EventFreeVoicePlay@@YG_NPBDABH1@Z$1 10046f18 f    CIL library: CIL module
 0001:00045f20       __ehhandler$?IF_EventAuthorize@@YG_NPBDABH1@Z 10046f20 f    CIL library: CIL module
 0001:00045f20       __ehhandler$?IF_EventDealStop@@YG_NPBDABH1@Z 10046f20 f    CIL library: CIL module
 0001:00045f20       __ehhandler$?IF_GetAccountInfo@@YG_NPADAAHABH@Z 10046f20 f    CIL library: CIL module
 0001:00045f20       __ehhandler$?IF_EventPayResultDisplay@@YG_NPBDABH1@Z 10046f20 f    CIL library: CIL module
 0001:00045f20       __ehhandler$?IF_EventFreeVoicePlay@@YG_NPBDABH1@Z 10046f20 f    CIL library: CIL module
 0001:00045f20       __ehhandler$?IF_TranslateData@@YG_NPBDABH1@Z 10046f20 f    CIL library: CIL module
 0001:00045f20       __ehhandler$?IF_EventDelVehQueueResult@@YG_NPBDABH1@Z 10046f20 f    CIL library: CIL module
 0001:00045f20       __ehhandler$?IF_EventFeeAuthorize@@YG_NPBDABH1@Z 10046f20 f    CIL library: CIL module
 0001:00045f20       __ehhandler$?IF_DebitMoney@@YG_NPBDABH1@Z 10046f20 f    CIL library: CIL module
 0001:00045f20       __ehhandler$?IF_SetVehicleStatus@@YG_NPBDABH1@Z 10046f20 f    CIL library: CIL module
 0001:00045f20       __ehhandler$?IF_EventShowFeeInfo@@YG_NPBDABH1@Z 10046f20 f    CIL library: CIL module
 0001:00045f20       __ehhandler$?IF_EventDealStart@@YG_NPBDABH1@Z 10046f20 f    CIL library: CIL module
 0001:00045f20       __ehhandler$?IF_TransferCashInvoiceData@@YG_NPBDABH1@Z 10046f20 f    CIL library: CIL module
 0001:00045f20       __ehhandler$?IF_GetCancelResult@@YG_NPADAAHABH@Z 10046f20 f    CIL library: CIL module
 0001:00045f20       __ehhandler$?IF_EventCheckVehQueue@@YG_NPBDABH1@Z 10046f20 f    CIL library: CIL module
 0001:00045f20       __ehhandler$?IF_TransferImage@@YG_NPBDABH1@Z 10046f20 f    CIL library: CIL module
 0001:00045f20       __ehhandler$?IF_GetDebitResult@@YG_NPADAAHABH@Z 10046f20 f    CIL library: CIL module
 0001:00045f20       __ehhandler$?IF_CancelCashInvoiceData@@YG_NPBDABH1@Z 10046f20 f    CIL library: CIL module
 0001:00045f20       __ehhandler$?IF_EventModifyVehQueue@@YG_NPBDABH1@Z 10046f20 f    CIL library: CIL module
 0001:00045f20       __ehhandler$?IF_DebitCancel@@YG_NPBDABH1@Z 10046f20 f    CIL library: CIL module
 0001:00045f20       __ehhandler$?IF_CompletionTicketNo@@YG_NPBDABH1@Z 10046f20 f    CIL library: CIL module
 0001:00045f20       __ehhandler$?IF_DebitCancel2@@YG_NPBDABH1@Z 10046f20 f    CIL library: CIL module
 0001:00045f20       __ehhandler$?IF_EventCardOperationNotify@@YG_NPBDABH1@Z 10046f20 f    CIL library: CIL module
 0001:00045f20       __ehhandler$?IF_EventCheckVehInfo@@YG_NPBDABH1@Z 10046f20 f    CIL library: CIL module
 0001:00045f20       __ehhandler$?IF_SetMMI@@YG_NPBDABH1@Z 10046f20 f    CIL library: CIL module
 0001:00045f20       __ehhandler$?IF_WriteCardInfo@@YG_NPADAAHABH@Z 10046f20 f    CIL library: CIL module
 0001:00045f20       __ehhandler$?IF_EventCheckEntryInfo@@YG_NPBDABH1@Z 10046f20 f    CIL library: CIL module
 0001:00045f20       __ehhandler$?IF_ReadCardInfo@@YG_NPADAAHABH@Z 10046f20 f    CIL library: CIL module
 0001:00045f20       __ehhandler$?IF_PrinterTicket@@YG_NPBDAAHABH@Z 10046f20 f    CIL library: CIL module
 0001:00045f50       __unwindfunclet$?IF_EventGetComponentStatus@@YG_NAAI@Z$0 10046f50 f    CIL library: CIL module
 0001:00045f50       __unwindfunclet$?IF_StartGetAccountInfo@@YG_NABH@Z$0 10046f50 f    CIL library: CIL module
 0001:00045f50       __unwindfunclet$?IF_EventStartScan@@YG_NABH@Z$0 10046f50 f    CIL library: CIL module
 0001:00045f50       __unwindfunclet$?IF_GetComponentStatus@@YG_NAAI@Z$0 10046f50 f    CIL library: CIL module
 0001:00045f58       __unwindfunclet$?IF_GetComponentStatus@@YG_NAAI@Z$1 10046f58 f    CIL library: CIL module
 0001:00045f58       __unwindfunclet$?IF_EventStartScan@@YG_NABH@Z$1 10046f58 f    CIL library: CIL module
 0001:00045f58       __unwindfunclet$?IF_EventGetComponentStatus@@YG_NAAI@Z$1 10046f58 f    CIL library: CIL module
 0001:00045f58       __unwindfunclet$?IF_StartGetAccountInfo@@YG_NABH@Z$1 10046f58 f    CIL library: CIL module
 0001:00045f60       __ehhandler$?IF_EventStartScan@@YG_NABH@Z 10046f60 f    CIL library: CIL module
 0001:00045f60       __ehhandler$?IF_GetComponentStatus@@YG_NAAI@Z 10046f60 f    CIL library: CIL module
 0001:00045f60       __ehhandler$?IF_EventGetComponentStatus@@YG_NAAI@Z 10046f60 f    CIL library: CIL module
 0001:00045f60       __ehhandler$?IF_StartGetAccountInfo@@YG_NABH@Z 10046f60 f    CIL library: CIL module
 0001:00045f90       __unwindfunclet$?IF_EventStopScan@@YG_NXZ$0 10046f90 f    CIL library: CIL module
 0001:00045f90       __unwindfunclet$?IF_EventDestroy@@YG_NXZ$0 10046f90 f    CIL library: CIL module
 0001:00045f90       __unwindfunclet$?IF_StopGetAccountInfo@@YG_NXZ$0 10046f90 f    CIL library: CIL module
 0001:00045f98       __unwindfunclet$?IF_EventStopScan@@YG_NXZ$1 10046f98 f    CIL library: CIL module
 0001:00045f98       __unwindfunclet$?IF_EventDestroy@@YG_NXZ$1 10046f98 f    CIL library: CIL module
 0001:00045f98       __unwindfunclet$?IF_StopGetAccountInfo@@YG_NXZ$1 10046f98 f    CIL library: CIL module
 0001:00045fa0       __ehhandler$?IF_EventDestroy@@YG_NXZ 10046fa0 f    CIL library: CIL module
 0001:00045fa0       __ehhandler$?IF_EventStopScan@@YG_NXZ 10046fa0 f    CIL library: CIL module
 0001:00045fa0       __ehhandler$?IF_StopGetAccountInfo@@YG_NXZ 10046fa0 f    CIL library: CIL module
 0001:00045fd0       __unwindfunclet$?IF_EventGetLastErrorDesc@@YGPBDXZ$0 10046fd0 f    CIL library: CIL module
 0001:00045fd0       __unwindfunclet$?IF_GetLastErrorDesc@@YGPBDXZ$0 10046fd0 f    CIL library: CIL module
 0001:00045fd8       __unwindfunclet$?IF_EventGetLastErrorDesc@@YGPBDXZ$2 10046fd8 f    CIL library: CIL module
 0001:00045fd8       __unwindfunclet$?IF_GetLastErrorDesc@@YGPBDXZ$2 10046fd8 f    CIL library: CIL module
 0001:00045fe0       __ehhandler$?IF_GetLastErrorDesc@@YGPBDXZ 10046fe0 f    CIL library: CIL module
 0001:00045fe0       __ehhandler$?IF_EventGetLastErrorDesc@@YGPBDXZ 10046fe0 f    CIL library: CIL module
 0001:00046010       ??__Eitc_query_str@@YAXXZ  10047010 f    CIL library: CIL module
 0001:00046020       ??__E?null@Value@Json@@2V12@B@@YAXXZ 10047020 f    CIL library: CIL module
 0001:00046040       ??__EdummyValueAllocatorInitializer@Json@@YAXXZ 10047040 f    CIL library: CIL module
 0001:00046070       ??__Eg_ReserveVirtualMemManage@@YAXXZ 10047070 f    CIL library: CIL module
 0001:0004607c       ??__E_afxTermDllState@@YAXXZ 1004707c f   nafxcw:dllmodul.obj
 0001:00046092       ??__E_simpleMemoryException@@YAXXZ 10047092 f   nafxcw:except.obj
 0001:0004609e       ??__E_simpleNotSupportedException@@YAXXZ 1004709e f   nafxcw:except.obj
 0001:000460aa       ??__E_simpleInvalidArgException@@YAXXZ 100470aa f   nafxcw:except.obj
 0001:000460b6       ??__EafxStringManager@@YAXXZ 100470b6 f   nafxcw:strcore.obj
 0001:000460c0       ??__E_afxThreadState@@YAXXZ 100470c0 f   nafxcw:afxstate.obj
 0001:000460cc       ??__E_afxBaseModuleState@@YAXXZ 100470cc f   nafxcw:afxstate.obj
 0001:000460d8       ??__EafxData@@YAXXZ        100470d8 f   nafxcw:auxdata.obj
 0001:000460ee       ??__E_afxHtmlHelpState@@YAXXZ 100470ee f   nafxcw:wincore.obj
 0001:000460fa       ??__E?m_nMsgDragList@CWnd@@1IB@@YAXXZ 100470fa f   nafxcw:wincore.obj
 0001:0004610b       ??__E?wndTop@CWnd@@2V1@B@@YAXXZ 1004710b f   nafxcw:wincore.obj
 0001:00046173       ??__E?wndBottom@CWnd@@2V1@B@@YAXXZ 10047173 f   nafxcw:wincore.obj
 0001:000461e0       ??__E?wndTopMost@CWnd@@2V1@B@@YAXXZ 100471e0 f   nafxcw:wincore.obj
 0001:0004624a       ??__E?wndNoTopMost@CWnd@@2V1@B@@YAXXZ 1004724a f   nafxcw:wincore.obj
 0001:000462b7       ??__E_simpleResourceException@@YAXXZ 100472b7 f   nafxcw:wingdi.obj
 0001:000462f1       ??__E_simpleUserException@@YAXXZ 100472f1 f   nafxcw:wingdi.obj
 0001:0004632b       ??__E_init_CByteArray@@YAXXZ 1004732b f   nafxcw:array_b.obj
 0001:00046336       ??__E_afxDBCS@@YAXXZ       10047336 f   nafxcw:afxdbcs.obj
 0001:00046341       ??__Eclassic_locale@std@@YAXXZ 10047341 f   libcpmt:locale0.obj
 0001:0004634d       ??__Einitlocks@std@@YAXXZ  1004734d f   libcpmt:xlock.obj
 0001:00046363       ??__Einitlocks@std@@YAXXZ  10047363 f   libcpmt:iosptrs.obj
 0001:00046379       ??__Einit_atexit@@YAXXZ    10047379 f   libcpmt:iosptrs.obj
 0001:00046385       ??__E_AtlBaseModule@ATL@@YAXXZ 10047385 f   atls:atlbase.obj
 0001:0004639b       ??__E_AtlWinModule@ATL@@YAXXZ 1004739b f   atls:atlbase.obj
 0001:000463c0       ??__FstrError@?1??IF_GetLastErrorDesc@@YGPBDXZ@YAXXZ 100473c0 f    CIL library: CIL module
 0001:000463f0       ??__Fitc_query_str@@YAXXZ  100473f0 f    CIL library: CIL module
 0001:00046420       ??__FstrError@?1??IF_EventGetLastErrorDesc@@YGPBDXZ@YAXXZ 10047420 f    CIL library: CIL module
 0001:00046450       ??__F?null@Value@Json@@2V12@B@@YAXXZ 10047450 f    CIL library: CIL module
 0001:00046460       ??__FdefaultAllocator@?1??valueAllocator@Json@@YAAAPAVValueAllocator@1@XZ@YAXXZ 10047460 f    CIL library: CIL module
 0001:00046470       ??__Fg_ReserveVirtualMemManage@@YAXXZ 10047470 f    CIL library: CIL module
 0001:00046492       ??__F_simpleMemoryException@@YAXXZ 10047492 f   nafxcw:except.obj
 0001:0004649d       ??__F_simpleNotSupportedException@@YAXXZ 1004749d f   nafxcw:except.obj
 0001:000464a8       ??__F_simpleInvalidArgException@@YAXXZ 100474a8 f   nafxcw:except.obj
 0001:000464b3       ??__F_afxThreadState@@YAXXZ 100474b3 f   nafxcw:afxstate.obj
 0001:000464bd       ??__F_afxBaseModuleState@@YAXXZ 100474bd f   nafxcw:afxstate.obj
 0001:000464c7       ??__FafxData@@YAXXZ        100474c7 f   nafxcw:auxdata.obj
 0001:000464d1       ??__F_afxHtmlHelpState@@YAXXZ 100474d1 f   nafxcw:wincore.obj
 0001:000464db       ??__F?wndTop@CWnd@@2V1@B@@YAXXZ 100474db f   nafxcw:wincore.obj
 0001:000464e5       ??__F?wndBottom@CWnd@@2V1@B@@YAXXZ 100474e5 f   nafxcw:wincore.obj
 0001:000464ef       ??__F?wndTopMost@CWnd@@2V1@B@@YAXXZ 100474ef f   nafxcw:wincore.obj
 0001:000464f9       ??__F?wndNoTopMost@CWnd@@2V1@B@@YAXXZ 100474f9 f   nafxcw:wincore.obj
 0001:00046503       ??__F_simpleResourceException@@YAXXZ 10047503 f   nafxcw:wingdi.obj
 0001:0004650e       ??__F_simpleUserException@@YAXXZ 1004750e f   nafxcw:wingdi.obj
 0001:00046519       ??__Fclassic_locale@std@@YAXXZ 10047519 f   libcpmt:locale0.obj
 0001:00046523       ??__Finitlocks@std@@YAXXZ  10047523 f   libcpmt:xlock.obj
 0001:0004652d       ??__Finitlocks@std@@YAXXZ  1004752d f   libcpmt:iosptrs.obj
 0001:00046537       ??__Finit_atexit@@YAXXZ    10047537 f   libcpmt:iosptrs.obj
 0001:00046541       ??__F_AtlBaseModule@ATL@@YAXXZ 10047541 f   atls:atlbase.obj
 0001:0004654b       ??__F_AtlWinModule@ATL@@YAXXZ 1004754b f   atls:atlbase.obj
