 TWSDNetPay

 Timestamp is 61433087 (Thu Sep 16 19:54:47 2021)

 Preferred load address is 10000000

 Start         Length     Name                   Class
 0001:00000000 0003e44eH .text                   CODE
 0001:0003e450 00002738H .text$x                 CODE
 0001:00040b90 0000038eH .text$yc                CODE
 0001:00040f20 0000016eH .text$yd                CODE
 0002:00000000 0000039cH .idata$5                DATA
 0002:0000039c 00000004H .CRT$XCA                DATA
 0002:000003a0 00000018H .CRT$XCC                DATA
 0002:000003b8 0000000cH .CRT$XCL                DATA
 0002:000003c4 00000048H .CRT$XCU                DATA
 0002:0000040c 00000004H .CRT$XCZ                DATA
 0002:00000410 00000004H .CRT$XIA                DATA
 0002:00000414 00000014H .CRT$XIC                DATA
 0002:00000428 00000004H .CRT$XID                DATA
 0002:0000042c 00000004H .CRT$XIZ                DATA
 0002:00000430 00000004H .CRT$XPA                DATA
 0002:00000434 00000004H .CRT$XPX                DATA
 0002:00000438 00000004H .CRT$XPXA               DATA
 0002:0000043c 00000004H .CRT$XPZ                DATA
 0002:00000440 00000004H .CRT$XTA                DATA
 0002:00000444 00000004H .CRT$XTZ                DATA
 0002:00000450 000045c8H .rdata                  DATA
 0002:00004a18 0000005fH .rdata$debug            DATA
 0002:00004a78 000017c8H .rdata$r                DATA
 0002:00006240 000002a0H .rdata$sxdata           DATA
 0002:000064e0 00000004H .rtc$IAA                DATA
 0002:000064e4 00000004H .rtc$IZZ                DATA
 0002:000064e8 00000004H .rtc$TAA                DATA
 0002:000064ec 00000004H .rtc$TZZ                DATA
 0002:000064f0 0000399cH .xdata$x                DATA
 0002:00009e8c 00000000H ATL$__a                 DATA
 0002:00009e8c 00000000H ATL$__z                 DATA
 0002:00009e8c 00000020H .didat$2                DATA
 0002:00009eac 00000020H .didat$3                DATA
 0002:00009ecc 0000000cH .didat$4                DATA
 0002:00009ed8 00000030H .didat$6                DATA
 0002:00009f08 0000000cH .didat$7                DATA
 0002:00009f14 00000078H .idata$2                DATA
 0002:00009f8c 00000014H .idata$3                DATA
 0002:00009fa0 0000039cH .idata$4                DATA
 0002:0000a33c 00000efaH .idata$6                DATA
 0002:0000b240 00000673H .edata                  DATA
 0003:00000000 0000238dH .data                   DATA
 0003:00002390 0000000cH .didat$5                DATA
 0003:000023a0 00003d5cH .bss                    DATA
 0004:00000000 00000058H .rsrc$01                DATA
 0004:00000060 00000280H .rsrc$02                DATA

  Address         Publics by Value              Rva+Base       Lib:Object

 0000:00000000       __except_list              00000000     <absolute>
 0000:000000a8       ___safe_se_handler_count   000000a8     <absolute>
 0000:00000000       ___ImageBase               10000000     <linker-defined>
 0001:00000000       ??1bad_alloc@std@@UAE@XZ   10001000 f i CommonFrameMain.obj
 0001:00000010       ??_Gbad_alloc@std@@UAEPAXI@Z 10001010 f i CommonFrameMain.obj
 0001:00000010       ??_Ebad_alloc@std@@UAEPAXI@Z 10001010 f i  CIL library: CIL module
 0001:00000040       ??3@YAXPAX0@Z              10001040 f i CommonFrameMain.obj
 0001:00000050       ?compare@?$char_traits@D@std@@SAHPBD0I@Z 10001050 f i CommonFrameMain.obj
 0001:000000e0       ??0logic_error@std@@QAE@ABV?$basic_string@DU?$char_traits@D@std@@V?$allocator@D@2@@1@@Z 100010e0 f i CommonFrameMain.obj
 0001:00000150       ??_Glogic_error@std@@UAEPAXI@Z 10001150 f i CommonFrameMain.obj
 0001:00000150       ??_Elength_error@std@@UAEPAXI@Z 10001150 f i  CIL library: CIL module
 0001:00000150       ??_Glength_error@std@@UAEPAXI@Z 10001150 f i CommonFrameMain.obj
 0001:00000150       ??_Gout_of_range@std@@UAEPAXI@Z 10001150 f i CommonFrameMain.obj
 0001:00000150       ??_Eout_of_range@std@@UAEPAXI@Z 10001150 f i  CIL library: CIL module
 0001:00000150       ??_Elogic_error@std@@UAEPAXI@Z 10001150 f i  CIL library: CIL module
 0001:000001a0       ??1length_error@std@@UAE@XZ 100011a0 f i CommonFrameMain.obj
 0001:000001a0       ??1out_of_range@std@@UAE@XZ 100011a0 f i CommonFrameMain.obj
 0001:000001e0       ??0runtime_error@std@@QAE@ABV?$basic_string@DU?$char_traits@D@std@@V?$allocator@D@2@@1@@Z 100011e0 f i CommonFrameMain.obj
 0001:00000250       ?what@runtime_error@std@@UBEPBDXZ 10001250 f i CommonFrameMain.obj
 0001:00000250       ?what@logic_error@std@@UBEPBDXZ 10001250 f i CommonFrameMain.obj
 0001:00000260       ??_Gruntime_error@std@@UAEPAXI@Z 10001260 f i CommonFrameMain.obj
 0001:00000260       ??_Gfailure@ios_base@std@@UAEPAXI@Z 10001260 f i CommonFrameMain.obj
 0001:00000260       ??_Eruntime_error@std@@UAEPAXI@Z 10001260 f i  CIL library: CIL module
 0001:00000260       ??_Efailure@ios_base@std@@UAEPAXI@Z 10001260 f i  CIL library: CIL module
 0001:000002b0       ??0_Locinfo@std@@QAE@PBD@Z 100012b0 f i CommonFrameMain.obj
 0001:00000340       ??1_Locinfo@std@@QAE@XZ    10001340 f i CommonFrameMain.obj
 0001:00000420       ??0runtime_error@std@@QAE@ABV01@@Z 10001420 f i CommonFrameMain.obj
 0001:000004a0       ?_Incref@facet@locale@std@@QAEXXZ 100014a0 f i CommonFrameMain.obj
 0001:000004d0       ?_Decref@facet@locale@std@@QAEPAV123@XZ 100014d0 f i CommonFrameMain.obj
 0001:00000510       ??1facet@locale@std@@UAE@XZ 10001510 f i CommonFrameMain.obj
 0001:00000520       ??1locale@std@@QAE@XZ      10001520 f i CommonFrameMain.obj
 0001:00000570       ??_G?$codecvt@DDH@std@@MAEPAXI@Z 10001570 f i CommonFrameMain.obj
 0001:00000570       ??_Efacet@locale@std@@UAEPAXI@Z 10001570 f i  CIL library: CIL module
 0001:00000570       ??_E?$num_put@DV?$ostreambuf_iterator@DU?$char_traits@D@std@@@std@@@std@@MAEPAXI@Z 10001570 f i  CIL library: CIL module
 0001:00000570       ??_E?$codecvt@DDH@std@@MAEPAXI@Z 10001570 f i  CIL library: CIL module
 0001:00000570       ??_Gfacet@locale@std@@UAEPAXI@Z 10001570 f i CommonFrameMain.obj
 0001:00000570       ??_G?$num_put@DV?$ostreambuf_iterator@DU?$char_traits@D@std@@@std@@@std@@MAEPAXI@Z 10001570 f i json_writer.obj
 0001:00000590       ??1codecvt_base@std@@UAE@XZ 10001590 f i CommonFrameMain.obj
 0001:00000590       ??1ctype_base@std@@UAE@XZ  10001590 f i CommonFrameMain.obj
 0001:000005a0       ?do_always_noconv@codecvt_base@std@@MBE_NXZ 100015a0 f i CommonFrameMain.obj
 0001:000005b0       ?do_max_length@codecvt_base@std@@MBEHXZ 100015b0 f i CommonFrameMain.obj
 0001:000005b0       ?do_encoding@codecvt_base@std@@MBEHXZ 100015b0 f i CommonFrameMain.obj
 0001:000005c0       ??0out_of_range@std@@QAE@ABV01@@Z 100015c0 f i CommonFrameMain.obj
 0001:000005e0       ??0logic_error@std@@QAE@ABV01@@Z 100015e0 f i CommonFrameMain.obj
 0001:00000660       ??0?$ctype@D@std@@QAE@PBF_NI@Z 10001660 f i CommonFrameMain.obj
 0001:00000710       ?_Getcat@?$ctype@D@std@@SAIPAPBVfacet@locale@2@@Z 10001710 f i CommonFrameMain.obj
 0001:00000780       ?do_tolower@?$ctype@D@std@@MBEDD@Z 10001780 f i CommonFrameMain.obj
 0001:000007a0       ?do_tolower@?$ctype@D@std@@MBEPBDPADPBD@Z 100017a0 f i CommonFrameMain.obj
 0001:000007d0       ?do_toupper@?$ctype@D@std@@MBEDD@Z 100017d0 f i CommonFrameMain.obj
 0001:000007f0       ?do_toupper@?$ctype@D@std@@MBEPBDPADPBD@Z 100017f0 f i CommonFrameMain.obj
 0001:00000820       ?do_widen@?$ctype@D@std@@MBEDD@Z 10001820 f i CommonFrameMain.obj
 0001:00000830       ?do_widen@?$ctype@D@std@@MBEPBDPBD0PAD@Z 10001830 f i CommonFrameMain.obj
 0001:00000860       ?_Do_widen_s@?$ctype@D@std@@MBEPBDPBD0PADI@Z 10001860 f i CommonFrameMain.obj
 0001:000008a0       ?do_narrow@?$ctype@D@std@@MBEDDD@Z 100018a0 f i CommonFrameMain.obj
 0001:000008b0       ?do_narrow@?$ctype@D@std@@MBEPBDPBD0DPAD@Z 100018b0 f i CommonFrameMain.obj
 0001:000008e0       ?_Do_narrow_s@?$ctype@D@std@@MBEPBDPBD0DPADI@Z 100018e0 f i CommonFrameMain.obj
 0001:00000920       ??_E?$ctype@D@std@@MAEPAXI@Z 10001920 f i  CIL library: CIL module
 0001:00000920       ??_G?$ctype@D@std@@MAEPAXI@Z 10001920 f i CommonFrameMain.obj
 0001:00000970       ??1runtime_error@std@@UAE@XZ 10001970 f i CommonFrameMain.obj
 0001:00000970       ??1failure@ios_base@std@@UAE@XZ 10001970 f i CommonFrameMain.obj
 0001:000009b0       ?clear@ios_base@std@@QAEXH_N@Z 100019b0 f i CommonFrameMain.obj
 0001:00000ae0       ?getloc@ios_base@std@@QBE?AVlocale@2@XZ 10001ae0 f i CommonFrameMain.obj
 0001:00000b10       ?_Init@ios_base@std@@IAEXXZ 10001b10 f i CommonFrameMain.obj
 0001:00000ba0       ??0failure@ios_base@std@@QAE@ABV012@@Z 10001ba0 f i CommonFrameMain.obj
 0001:00000bc0       ??_Gios_base@std@@UAEPAXI@Z 10001bc0 f i CommonFrameMain.obj
 0001:00000bc0       ??_E?$basic_ios@DU?$char_traits@D@std@@@std@@UAEPAXI@Z 10001bc0 f i  CIL library: CIL module
 0001:00000bc0       ??_Eios_base@std@@UAEPAXI@Z 10001bc0 f i  CIL library: CIL module
 0001:00000bc0       ??_G?$basic_ios@DU?$char_traits@D@std@@@std@@UAEPAXI@Z 10001bc0 f i CommonFrameMain.obj
 0001:00000bf0       ??1FastWriter@Json@@UAE@XZ 10001bf0 f i CommonFrameMain.obj
 0001:00000c30       ??_GFastWriter@Json@@UAEPAXI@Z 10001c30 f i CommonFrameMain.obj
 0001:00000c30       ??_EFastWriter@Json@@UAEPAXI@Z 10001c30 f i  CIL library: CIL module
 0001:00000c80       ??1CScopeLock@@QAE@XZ      10001c80 f i CommonFrameMain.obj
 0001:00000c90       ??$_Fputc@D@std@@YA_NDPAU_iobuf@@@Z 10001c90 f i CommonFrameMain.obj
 0001:00000cb0       ??_D?$basic_ofstream@DU?$char_traits@D@std@@@std@@QAEXXZ 10001cb0 f i CommonFrameMain.obj
 0001:00000cd0       ?recvFromBus_X@@YAHHPADHH@Z 10001cd0 f   CommonFrameMain.obj
 0001:00000cf0       ?instance@CommonFrameMain@@SAPAV1@XZ 10001cf0 f   CommonFrameMain.obj
 0001:00000d80       ??1CommonFrameMain@@UAE@XZ 10001d80 f   CommonFrameMain.obj
 0001:00000f20       ??_GCommonFrameMain@@UAEPAXI@Z 10001f20 f i CommonFrameMain.obj
 0001:00000f20       ??_ECommonFrameMain@@UAEPAXI@Z 10001f20 f i  CIL library: CIL module
 0001:00000f40       ??1NetPayInit4@CommonFrameMain@@QAE@XZ 10001f40 f i CommonFrameMain.obj
 0001:00000f40       ??1NetPayInit1@CommonFrameMain@@QAE@XZ 10001f40 f i CommonFrameMain.obj
 0001:00000fc0       ??1NetPayInit3@CommonFrameMain@@QAE@XZ 10001fc0 f i CommonFrameMain.obj
 0001:00000fc0       ??1NetPayInit2@CommonFrameMain@@QAE@XZ 10001fc0 f i CommonFrameMain.obj
 0001:00001040       ??1?$map@V?$basic_string@DU?$char_traits@D@std@@V?$allocator@D@2@@std@@HU?$less@V?$basic_string@DU?$char_traits@D@std@@V?$allocator@D@2@@std@@@2@V?$allocator@U?$pair@$$CBV?$basic_string@DU?$char_traits@D@std@@V?$allocator@D@2@@std@@H@std@@@2@@std@@QAE@XZ 10002040 f i CommonFrameMain.obj
 0001:00001040       ??1?$map@V?$basic_string@DU?$char_traits@D@std@@V?$allocator@D@2@@std@@PAUHINSTANCE__@@U?$less@V?$basic_string@DU?$char_traits@D@std@@V?$allocator@D@2@@std@@@2@V?$allocator@U?$pair@$$CBV?$basic_string@DU?$char_traits@D@std@@V?$allocator@D@2@@std@@PAUHINSTANCE__@@@std@@@2@@std@@QAE@XZ 10002040 f i CommonFrameMain.obj
 0001:00001050       ??0CommonFrameMain@@AAE@XZ 10002050 f   CommonFrameMain.obj
 0001:00001490       ?ParseConfigDll@CommonFrameMain@@QAE?AV?$set@V?$basic_string@DU?$char_traits@D@std@@V?$allocator@D@2@@std@@U?$less@V?$basic_string@DU?$char_traits@D@std@@V?$allocator@D@2@@std@@@2@V?$allocator@V?$basic_string@DU?$char_traits@D@std@@V?$allocator@D@2@@std@@@2@@std@@ABV?$basic_string@DU?$char_traits@D@std@@V?$allocator@D@2@@3@@Z 10002490 f   CommonFrameMain.obj
 0001:00001bd0       ??1?$set@V?$basic_string@DU?$char_traits@D@std@@V?$allocator@D@2@@std@@U?$less@V?$basic_string@DU?$char_traits@D@std@@V?$allocator@D@2@@std@@@2@V?$allocator@V?$basic_string@DU?$char_traits@D@std@@V?$allocator@D@2@@std@@@2@@std@@QAE@XZ 10002bd0 f i CommonFrameMain.obj
 0001:00001be0       ??_D?$basic_ifstream@DU?$char_traits@D@std@@@std@@QAEXXZ 10002be0 f i CommonFrameMain.obj
 0001:00001c00       ??1Reader@Json@@QAE@XZ     10002c00 f i CommonFrameMain.obj
 0001:00001c60       ?recvFromBus@CommonFrameMain@@QAEHHPADHH@Z 10002c60 f   CommonFrameMain.obj
 0001:00001d20       ?threadFun@CommonFrameMain@@SAHPAX@Z 10002d20 f   CommonFrameMain.obj
 0001:00001d70       ?tryUpdateDLL@CommonFrameMain@@QAEXXZ 10002d70 f   CommonFrameMain.obj
 0001:00003210       ?moveFile2loadLib@CommonFrameMain@@QAEXV?$basic_string@DU?$char_traits@D@std@@V?$allocator@D@2@@std@@@Z 10004210 f   CommonFrameMain.obj
 0001:00003330       ?loadLib@CommonFrameMain@@QAEXV?$basic_string@DU?$char_traits@D@std@@V?$allocator@D@2@@std@@AA_N@Z 10004330 f   CommonFrameMain.obj
 0001:000038b0       ??1?$pair@$$CBV?$basic_string@DU?$char_traits@D@std@@V?$allocator@D@2@@std@@H@std@@QAE@XZ 100048b0 f i CommonFrameMain.obj
 0001:000038b0       ??1?$pair@V?$basic_string@DU?$char_traits@D@std@@V?$allocator@D@2@@std@@H@std@@QAE@XZ 100048b0 f i CommonFrameMain.obj
 0001:000038b0       ?destroy@?$allocator@V?$basic_string@DU?$char_traits@D@std@@V?$allocator@D@2@@std@@@std@@QAEXPAV?$basic_string@DU?$char_traits@D@std@@V?$allocator@D@2@@2@@Z 100048b0 f i CommonFrameMain.obj
 0001:000038b0       ??1?$pair@V?$basic_string@DU?$char_traits@D@std@@V?$allocator@D@2@@std@@PAUHINSTANCE__@@@std@@QAE@XZ 100048b0 f i CommonFrameMain.obj
 0001:000038b0       ??1?$pair@$$CBV?$basic_string@DU?$char_traits@D@std@@V?$allocator@D@2@@std@@PAUHINSTANCE__@@@std@@QAE@XZ 100048b0 f i CommonFrameMain.obj
 0001:000038e0       ?unLoadLib@CommonFrameMain@@QAEXV?$basic_string@DU?$char_traits@D@std@@V?$allocator@D@2@@std@@@Z 100048e0 f   CommonFrameMain.obj
 0001:00003b60       ?readFileName@CommonFrameMain@@AAEXXZ 10004b60 f   CommonFrameMain.obj
 0001:00003d10       ?IF_InitEnvironment@@YG_NABIABQAUHWND__@@0PBD222ABH@Z 10004d10 f   CommonFrameMain.obj
 0001:00004460       ?IF_InitEnvironment2@@YG_NABIABQAUHWND__@@PBD222ABHP6GXHH@Z@Z 10005460 f   CommonFrameMain.obj
 0001:00004870       ?IF_InitEnvironment3@@YG_NABIABQAUHWND__@@PBD222ABHPAXP6GXHH4@Z@Z 10005870 f   CommonFrameMain.obj
 0001:00004ca0       ?IF_InitEnvironment4@@YG_NABIABQAUHWND__@@0PBD222ABHAAH4@Z 10005ca0 f   CommonFrameMain.obj
 0001:00005200       ?IF_Destroy@@YG_NXZ        10006200 f   CommonFrameMain.obj
 0001:00005440       ?IF_GetLastErrorDesc@@YGPBDXZ 10006440 f   CommonFrameMain.obj
 0001:00005600       ?IF_StartGetAccountInfo@@YG_NABH@Z 10006600 f   CommonFrameMain.obj
 0001:00005770       ?IF_StopGetAccountInfo@@YG_NXZ 10006770 f   CommonFrameMain.obj
 0001:000058d0       ?IF_GetAccountInfo@@YG_NPADAAHABH@Z 100068d0 f   CommonFrameMain.obj
 0001:00005a60       ?IF_DebitMoney@@YG_NPBDABH1@Z 10006a60 f   CommonFrameMain.obj
 0001:00005bf0       ?IF_DebitCancel@@YG_NPBDABH1@Z 10006bf0 f   CommonFrameMain.obj
 0001:00005d80       ?IF_DebitCancel2@@YG_NPBDABH1@Z 10006d80 f   CommonFrameMain.obj
 0001:00005f10       ?IF_GetDebitResult@@YG_NPADAAHABH@Z 10006f10 f   CommonFrameMain.obj
 0001:000060a0       ?IF_SetMMI@@YG_NPBDABH1@Z  100070a0 f   CommonFrameMain.obj
 0001:00006230       ?IF_GetParam@@YG_NPBDABH1PADAAH@Z 10007230 f   CommonFrameMain.obj
 0001:000063d0       ?IF_GetComponentStatus@@YG_NAAI@Z 100073d0 f   CommonFrameMain.obj
 0001:00006540       ?IF_TranslateData@@YG_NPBDABH1@Z 10007540 f   CommonFrameMain.obj
 0001:000066d0       ?IF_GetCancelResult@@YG_NPADAAHABH@Z 100076d0 f   CommonFrameMain.obj
 0001:00006860       ?IF_TransferImage@@YG_NPBDABH1@Z 10007860 f   CommonFrameMain.obj
 0001:000069f0       ?IF_QueryAgentDebit@@YG_NPBDABH1AAH@Z 100079f0 f   CommonFrameMain.obj
 0001:00006b80       ?InitUpdateCore@@YAXABIABQAUHWND__@@0PBD222ABH@Z 10007b80 f   CommonFrameMain.obj
 0001:00006ce0       ?InitNetPay@CommonFrameMain@@QAEXXZ 10007ce0 f   CommonFrameMain.obj
 0001:00006f20       ?loadCommonBus@CommonFrameMain@@AAEXXZ 10007f20 f   CommonFrameMain.obj
 0001:00007060       ?IF_ITCEntryTrade@@YGHPBDABH1PADAAHH@Z 10008060 f   CommonFrameMain.obj
 0001:00007210       ?IF_ITCEntryQuery@@YGHPBDABH1PADAAHH_N@Z 10008210 f   CommonFrameMain.obj
 0001:000073c0       ?IF_ITCExitQuery@@YGHPBDABH1PADAAHH_N@Z 100083c0 f   CommonFrameMain.obj
 0001:00007570       ?IF_ITCExitTrade@@YGHPBDABH1PADAAHH@Z 10008570 f   CommonFrameMain.obj
 0001:00007720       ?IF_ITCQueryPath@@YGHPBDABH1PADAAHH@Z 10008720 f   CommonFrameMain.obj
 0001:000078d0       ?IF_GetServerTime@@YG_NAAIABH@Z 100088d0 f   CommonFrameMain.obj
 0001:00007a50       ?IF_CompletionTicketNo@@YG_NPBDABH1@Z 10008a50 f   CommonFrameMain.obj
 0001:00007be0       ?IF_SetVehicleStatus@@YG_NPBDABH1@Z 10008be0 f   CommonFrameMain.obj
 0001:00007d70       ?IF_PrinterTicket@@YG_NPBDAAHABH@Z 10008d70 f   CommonFrameMain.obj
 0001:00007f00       ?IF_ReadCardInfo@@YG_NPADAAHABH@Z 10008f00 f   CommonFrameMain.obj
 0001:00008090       ?IF_WriteCardInfo@@YG_NPADAAHABH@Z 10009090 f   CommonFrameMain.obj
 0001:00008220       ?IF_TMP_SetUnipayEncrypt@@YG_NHPBDPAD@Z 10009220 f   CommonFrameMain.obj
 0001:000083a0       ?IF_QueryVirtualCardDebit@@YG_NPBDABH1AAHPAD@Z 100093a0 f   CommonFrameMain.obj
 0001:00008540       ?IF_AuditPayIdenfitier@@YG_NPBDAAH@Z 10009540 f   CommonFrameMain.obj
 0001:000086c0       ?IF_GetAuditResult@@YG_NPADAAH@Z 100096c0 f   CommonFrameMain.obj
 0001:00008840       ?IF_QueryAgentDebitEtcUp@@YGHPBDABH1AAH1@Z 10009840 f   CommonFrameMain.obj
 0001:000089f0       ?IF_QueryAgentDebitResultEtcUp@@YGHPBDABH1PADAAHH@Z 100099f0 f   CommonFrameMain.obj
 0001:00008ba0       ?IF_DebitMoneyEtcUp@@YGHPBDABH1PADAAHH@Z 10009ba0 f   CommonFrameMain.obj
 0001:00008d50       ?IF_EventInitEnvironment3@@YG_NABIABQAUHWND__@@0PBD222ABHPAXP6AXHH4@Z@Z 10009d50 f   CommonFrameMain.obj
 0001:00008f30       ?IF_EventDestroy@@YG_NXZ   10009f30 f   CommonFrameMain.obj
 0001:00009090       ?IF_EventGetLastErrorDesc@@YGPBDXZ 1000a090 f   CommonFrameMain.obj
 0001:00009250       ?IF_EventGetComponentStatus@@YG_NAAI@Z 1000a250 f   CommonFrameMain.obj
 0001:000093c0       ?IF_EventDealStart@@YG_NPBDABH1@Z 1000a3c0 f   CommonFrameMain.obj
 0001:00009550       ?IF_EventCheckVehQueue@@YG_NPBDABH1@Z 1000a550 f   CommonFrameMain.obj
 0001:000096e0       ?IF_EventCheckVehInfo@@YG_NPBDABH1@Z 1000a6e0 f   CommonFrameMain.obj
 0001:00009870       ?IF_EventCheckEntryInfo@@YG_NPBDABH1@Z 1000a870 f   CommonFrameMain.obj
 0001:00009a00       ?IF_EventShowFeeInfo@@YG_NPBDABH1@Z 1000aa00 f   CommonFrameMain.obj
 0001:00009b90       ?IF_EventPayResultDisplay@@YG_NPBDABH1@Z 1000ab90 f   CommonFrameMain.obj
 0001:00009d20       ?IF_EventDealStop@@YG_NPBDABH1@Z 1000ad20 f   CommonFrameMain.obj
 0001:00009eb0       ?IF_EventStartScan@@YG_NABH@Z 1000aeb0 f   CommonFrameMain.obj
 0001:0000a020       ?IF_EventStopScan@@YG_NXZ  1000b020 f   CommonFrameMain.obj
 0001:0000a180       ?IF_EventCardOperationNotify@@YG_NPBDABH1@Z 1000b180 f   CommonFrameMain.obj
 0001:0000a310       ?IF_EventModifyVehQueue@@YG_NPBDABH1@Z 1000b310 f   CommonFrameMain.obj
 0001:0000a4a0       ?IF_EventFeeAuthorize@@YG_NPBDABH1@Z 1000b4a0 f   CommonFrameMain.obj
 0001:0000a630       ??0?$basic_string@DU?$char_traits@D@std@@V?$allocator@D@2@@std@@QAE@PBD@Z 1000b630 f i CommonFrameMain.obj
 0001:0000a670       ??1?$basic_string@DU?$char_traits@D@std@@V?$allocator@D@2@@std@@QAE@XZ 1000b670 f i CommonFrameMain.obj
 0001:0000a6a0       ?assign@?$basic_string@DU?$char_traits@D@std@@V?$allocator@D@2@@std@@QAEAAV12@PBD@Z 1000b6a0 f i CommonFrameMain.obj
 0001:0000a6a0       ??4?$basic_string@DU?$char_traits@D@std@@V?$allocator@D@2@@std@@QAEAAV01@PBD@Z 1000b6a0 f i CommonFrameMain.obj
 0001:0000a6d0       ?clear@?$basic_string@DU?$char_traits@D@std@@V?$allocator@D@2@@std@@QAEXXZ 1000b6d0 f i CommonFrameMain.obj
 0001:0000a770       ?substr@?$basic_string@DU?$char_traits@D@std@@V?$allocator@D@2@@std@@QBE?AV12@II@Z 1000b770 f i CommonFrameMain.obj
 0001:0000a7a0       ??1?$basic_ostream@DU?$char_traits@D@std@@@std@@UAE@XZ 1000b7a0 f i CommonFrameMain.obj
 0001:0000a7b0       ?write@?$basic_ostream@DU?$char_traits@D@std@@@std@@QAEAAV12@PBDH@Z 1000b7b0 f i CommonFrameMain.obj
 0001:0000a8b0       ?flush@?$basic_ostream@DU?$char_traits@D@std@@@std@@QAEAAV12@XZ 1000b8b0 f i CommonFrameMain.obj
 0001:0000a900       ??1?$basic_ios@DU?$char_traits@D@std@@@std@@UAE@XZ 1000b900 f i CommonFrameMain.obj
 0001:0000a910       ??1?$basic_istream@DU?$char_traits@D@std@@@std@@UAE@XZ 1000b910 f i CommonFrameMain.obj
 0001:0000a920       ??1?$basic_streambuf@DU?$char_traits@D@std@@@std@@UAE@XZ 1000b920 f i CommonFrameMain.obj
 0001:0000a9a0       ?overflow@?$basic_streambuf@DU?$char_traits@D@std@@@std@@MAEHH@Z 1000b9a0 f i CommonFrameMain.obj
 0001:0000a9a0       ?pbackfail@?$basic_streambuf@DU?$char_traits@D@std@@@std@@MAEHH@Z 1000b9a0 f i CommonFrameMain.obj
 0001:0000a9b0       ?underflow@?$basic_streambuf@DU?$char_traits@D@std@@@std@@MAEHXZ 1000b9b0 f i CommonFrameMain.obj
 0001:0000a9c0       ?uflow@?$basic_streambuf@DU?$char_traits@D@std@@@std@@MAEHXZ 1000b9c0 f i CommonFrameMain.obj
 0001:0000a9f0       ?xsgetn@?$basic_streambuf@DU?$char_traits@D@std@@@std@@MAEHPADH@Z 1000b9f0 f i CommonFrameMain.obj
 0001:0000aa10       ?_Xsgetn_s@?$basic_streambuf@DU?$char_traits@D@std@@@std@@MAEHPADIH@Z 1000ba10 f i CommonFrameMain.obj
 0001:0000aab0       ?xsputn@?$basic_streambuf@DU?$char_traits@D@std@@@std@@MAEHPBDH@Z 1000bab0 f i CommonFrameMain.obj
 0001:0000ab50       ?seekoff@?$basic_streambuf@DU?$char_traits@D@std@@@std@@MAE?AV?$fpos@H@2@JHH@Z 1000bb50 f i CommonFrameMain.obj
 0001:0000ab70       ?seekpos@?$basic_streambuf@DU?$char_traits@D@std@@@std@@MAE?AV?$fpos@H@2@V32@H@Z 1000bb70 f i CommonFrameMain.obj
 0001:0000ab90       ?setbuf@?$basic_streambuf@DU?$char_traits@D@std@@@std@@MAEPAV12@PADH@Z 1000bb90 f i CommonFrameMain.obj
 0001:0000aba0       ?sync@?$basic_streambuf@DU?$char_traits@D@std@@@std@@MAEHXZ 1000bba0 f i CommonFrameMain.obj
 0001:0000aba0       ?showmanyc@?$basic_streambuf@DU?$char_traits@D@std@@@std@@MAEHXZ 1000bba0 f i CommonFrameMain.obj
 0001:0000abb0       ?imbue@?$basic_streambuf@DU?$char_traits@D@std@@@std@@MAEXABVlocale@2@@Z 1000bbb0 f i CommonFrameMain.obj
 0001:0000abc0       ?insert@?$_Tree@V?$_Tmap_traits@V?$basic_string@DU?$char_traits@D@std@@V?$allocator@D@2@@std@@HU?$less@V?$basic_string@DU?$char_traits@D@std@@V?$allocator@D@2@@std@@@2@V?$allocator@U?$pair@$$CBV?$basic_string@DU?$char_traits@D@std@@V?$allocator@D@2@@std@@H@std@@@2@$0A@@std@@@std@@QAE?AU?$pair@Viterator@?$_Tree@V?$_Tmap_traits@V?$basic_string@DU?$char_traits@D@std@@V?$allocator@D@2@@std@@HU?$less@V?$basic_string@DU?$char_traits@D@std@@V?$allocator@D@2@@std@@@2@V?$allocator@U?$pair@$$CBV?$basic_string@DU?$char_traits@D@std@@V?$allocator@D@2@@std@@H@std@@@2@$0A@@std@@@std@@_N@2@ABU?$pair@$$CBV?$basic_string@DU?$char_traits@D@std@@V?$allocator@D@2@@std@@H@2@@Z 1000bbc0 f i CommonFrameMain.obj
 0001:0000abc0       ?insert@?$_Tree@V?$_Tmap_traits@V?$basic_string@DU?$char_traits@D@std@@V?$allocator@D@2@@std@@PAUHINSTANCE__@@U?$less@V?$basic_string@DU?$char_traits@D@std@@V?$allocator@D@2@@std@@@2@V?$allocator@U?$pair@$$CBV?$basic_string@DU?$char_traits@D@std@@V?$allocator@D@2@@std@@PAUHINSTANCE__@@@std@@@2@$0A@@std@@@std@@QAE?AU?$pair@Viterator@?$_Tree@V?$_Tmap_traits@V?$basic_string@DU?$char_traits@D@std@@V?$allocator@D@2@@std@@PAUHINSTANCE__@@U?$less@V?$basic_string@DU?$char_traits@D@std@@V?$allocator@D@2@@std@@@2@V?$allocator@U?$pair@$$CBV?$basic_string@DU?$char_traits@D@std@@V?$allocator@D@2@@std@@PAUHINSTANCE__@@@std@@@2@$0A@@std@@@std@@_N@2@ABU?$pair@$$CBV?$basic_string@DU?$char_traits@D@std@@V?$allocator@D@2@@std@@PAUHINSTANCE__@@@2@@Z 1000bbc0 f i CommonFrameMain.obj
 0001:0000ad10       ?erase@?$_Tree@V?$_Tmap_traits@V?$basic_string@DU?$char_traits@D@std@@V?$allocator@D@2@@std@@PAUHINSTANCE__@@U?$less@V?$basic_string@DU?$char_traits@D@std@@V?$allocator@D@2@@std@@@2@V?$allocator@U?$pair@$$CBV?$basic_string@DU?$char_traits@D@std@@V?$allocator@D@2@@std@@PAUHINSTANCE__@@@std@@@2@$0A@@std@@@std@@QAE?AViterator@12@V312@@Z 1000bd10 f i CommonFrameMain.obj
 0001:0000ad10       ?erase@?$_Tree@V?$_Tmap_traits@V?$basic_string@DU?$char_traits@D@std@@V?$allocator@D@2@@std@@HU?$less@V?$basic_string@DU?$char_traits@D@std@@V?$allocator@D@2@@std@@@2@V?$allocator@U?$pair@$$CBV?$basic_string@DU?$char_traits@D@std@@V?$allocator@D@2@@std@@H@std@@@2@$0A@@std@@@std@@QAE?AViterator@12@V312@@Z 1000bd10 f i CommonFrameMain.obj
 0001:0000b020       ?find@?$_Tree@V?$_Tmap_traits@V?$basic_string@DU?$char_traits@D@std@@V?$allocator@D@2@@std@@PAUHINSTANCE__@@U?$less@V?$basic_string@DU?$char_traits@D@std@@V?$allocator@D@2@@std@@@2@V?$allocator@U?$pair@$$CBV?$basic_string@DU?$char_traits@D@std@@V?$allocator@D@2@@std@@PAUHINSTANCE__@@@std@@@2@$0A@@std@@@std@@QAE?AViterator@12@ABV?$basic_string@DU?$char_traits@D@std@@V?$allocator@D@2@@2@@Z 1000c020 f i CommonFrameMain.obj
 0001:0000b090       ??1?$list@V?$basic_string@DU?$char_traits@D@std@@V?$allocator@D@2@@std@@V?$allocator@V?$basic_string@DU?$char_traits@D@std@@V?$allocator@D@2@@std@@@2@@std@@QAE@XZ 1000c090 f i CommonFrameMain.obj
 0001:0000b0b0       ?clear@?$list@V?$basic_string@DU?$char_traits@D@std@@V?$allocator@D@2@@std@@V?$allocator@V?$basic_string@DU?$char_traits@D@std@@V?$allocator@D@2@@std@@@2@@std@@QAEXXZ 1000c0b0 f i CommonFrameMain.obj
 0001:0000b110       ??0?$basic_ofstream@DU?$char_traits@D@std@@@std@@QAE@XZ 1000c110 f i CommonFrameMain.obj
 0001:0000b1f0       ??1?$basic_ofstream@DU?$char_traits@D@std@@@std@@UAE@XZ 1000c1f0 f i CommonFrameMain.obj
 0001:0000b260       ??1?$basic_filebuf@DU?$char_traits@D@std@@@std@@UAE@XZ 1000c260 f i CommonFrameMain.obj
 0001:0000b2d0       ?overflow@?$basic_filebuf@DU?$char_traits@D@std@@@std@@MAEHH@Z 1000c2d0 f i CommonFrameMain.obj
 0001:0000b6b0       ?pbackfail@?$basic_filebuf@DU?$char_traits@D@std@@@std@@MAEHH@Z 1000c6b0 f i CommonFrameMain.obj
 0001:0000b720       ?underflow@?$basic_filebuf@DU?$char_traits@D@std@@@std@@MAEHXZ 1000c720 f i CommonFrameMain.obj
 0001:0000b770       ?uflow@?$basic_filebuf@DU?$char_traits@D@std@@@std@@MAEHXZ 1000c770 f i CommonFrameMain.obj
 0001:0000baf0       ?seekoff@?$basic_filebuf@DU?$char_traits@D@std@@@std@@MAE?AV?$fpos@H@2@JHH@Z 1000caf0 f i CommonFrameMain.obj
 0001:0000bbd0       ?seekpos@?$basic_filebuf@DU?$char_traits@D@std@@@std@@MAE?AV?$fpos@H@2@V32@H@Z 1000cbd0 f i CommonFrameMain.obj
 0001:0000bcc0       ?setbuf@?$basic_filebuf@DU?$char_traits@D@std@@@std@@MAEPAV?$basic_streambuf@DU?$char_traits@D@std@@@2@PADH@Z 1000ccc0 f i CommonFrameMain.obj
 0001:0000bd10       ?sync@?$basic_filebuf@DU?$char_traits@D@std@@@std@@MAEHXZ 1000cd10 f i CommonFrameMain.obj
 0001:0000bd40       ?imbue@?$basic_filebuf@DU?$char_traits@D@std@@@std@@MAEXABVlocale@2@@Z 1000cd40 f i CommonFrameMain.obj
 0001:0000bd80       ??0?$_Tree@V?$_Tset_traits@V?$basic_string@DU?$char_traits@D@std@@V?$allocator@D@2@@std@@U?$less@V?$basic_string@DU?$char_traits@D@std@@V?$allocator@D@2@@std@@@2@V?$allocator@V?$basic_string@DU?$char_traits@D@std@@V?$allocator@D@2@@std@@@2@$0A@@std@@@std@@QAE@ABV01@@Z 1000cd80 f i CommonFrameMain.obj
 0001:0000be10       ?insert@?$_Tree@V?$_Tset_traits@V?$basic_string@DU?$char_traits@D@std@@V?$allocator@D@2@@std@@U?$less@V?$basic_string@DU?$char_traits@D@std@@V?$allocator@D@2@@std@@@2@V?$allocator@V?$basic_string@DU?$char_traits@D@std@@V?$allocator@D@2@@std@@@2@$0A@@std@@@std@@QAE?AU?$pair@Viterator@?$_Tree@V?$_Tset_traits@V?$basic_string@DU?$char_traits@D@std@@V?$allocator@D@2@@std@@U?$less@V?$basic_string@DU?$char_traits@D@std@@V?$allocator@D@2@@std@@@2@V?$allocator@V?$basic_string@DU?$char_traits@D@std@@V?$allocator@D@2@@std@@@2@$0A@@std@@@std@@_N@2@ABV?$basic_string@DU?$char_traits@D@std@@V?$allocator@D@2@@2@@Z 1000ce10 f i CommonFrameMain.obj
 0001:0000bf80       ??0?$basic_ifstream@DU?$char_traits@D@std@@@std@@QAE@PBDHH@Z 1000cf80 f i CommonFrameMain.obj
 0001:0000c0a0       ??1?$basic_ifstream@DU?$char_traits@D@std@@@std@@UAE@XZ 1000d0a0 f i CommonFrameMain.obj
 0001:0000c110       ??_E?$basic_ostream@DU?$char_traits@D@std@@@std@@UAEPAXI@Z 1000d110 f i  CIL library: CIL module
 0001:0000c110       ??_G?$basic_ostream@DU?$char_traits@D@std@@@std@@UAEPAXI@Z 1000d110 f i CommonFrameMain.obj
 0001:0000c150       ??_E?$basic_istream@DU?$char_traits@D@std@@@std@@UAEPAXI@Z 1000d150 f i  CIL library: CIL module
 0001:0000c150       ??_G?$basic_istream@DU?$char_traits@D@std@@@std@@UAEPAXI@Z 1000d150 f i CommonFrameMain.obj
 0001:0000c190       ??_E?$basic_streambuf@DU?$char_traits@D@std@@@std@@UAEPAXI@Z 1000d190 f i  CIL library: CIL module
 0001:0000c190       ??_G?$basic_streambuf@DU?$char_traits@D@std@@@std@@UAEPAXI@Z 1000d190 f i CommonFrameMain.obj
 0001:0000c1b0       ??_E?$basic_ofstream@DU?$char_traits@D@std@@@std@@UAEPAXI@Z 1000d1b0 f i  CIL library: CIL module
 0001:0000c1b0       ??_G?$basic_ofstream@DU?$char_traits@D@std@@@std@@UAEPAXI@Z 1000d1b0 f i CommonFrameMain.obj
 0001:0000c1f0       ??_G?$basic_filebuf@DU?$char_traits@D@std@@@std@@UAEPAXI@Z 1000d1f0 f i CommonFrameMain.obj
 0001:0000c1f0       ??_E?$basic_filebuf@DU?$char_traits@D@std@@@std@@UAEPAXI@Z 1000d1f0 f i  CIL library: CIL module
 0001:0000c210       ??_E?$basic_ifstream@DU?$char_traits@D@std@@@std@@UAEPAXI@Z 1000d210 f i  CIL library: CIL module
 0001:0000c210       ??_G?$basic_ifstream@DU?$char_traits@D@std@@@std@@UAEPAXI@Z 1000d210 f i CommonFrameMain.obj
 0001:0000c250       ?append@?$basic_string@DU?$char_traits@D@std@@V?$allocator@D@2@@std@@QAEAAV12@ABV12@II@Z 1000d250 f i CommonFrameMain.obj
 0001:0000c340       ?append@?$basic_string@DU?$char_traits@D@std@@V?$allocator@D@2@@std@@QAEAAV12@PBDI@Z 1000d340 f i CommonFrameMain.obj
 0001:0000c430       ?append@?$basic_string@DU?$char_traits@D@std@@V?$allocator@D@2@@std@@QAEAAV12@ID@Z 1000d430 f i CommonFrameMain.obj
 0001:0000c4d0       ?assign@?$basic_string@DU?$char_traits@D@std@@V?$allocator@D@2@@std@@QAEAAV12@ABV12@II@Z 1000d4d0 f i CommonFrameMain.obj
 0001:0000c5b0       ?erase@?$basic_string@DU?$char_traits@D@std@@V?$allocator@D@2@@std@@QAEAAV12@II@Z 1000d5b0 f i CommonFrameMain.obj
 0001:0000c640       ?erase@?$basic_string@DU?$char_traits@D@std@@V?$allocator@D@2@@std@@QAE?AV?$_String_iterator@DU?$char_traits@D@std@@V?$allocator@D@2@@2@V32@0@Z 1000d640 f i CommonFrameMain.obj
 0001:0000c740       ?begin@?$basic_string@DU?$char_traits@D@std@@V?$allocator@D@2@@std@@QAE?AV?$_String_iterator@DU?$char_traits@D@std@@V?$allocator@D@2@@2@XZ 1000d740 f i CommonFrameMain.obj
 0001:0000c790       ?find@?$basic_string@DU?$char_traits@D@std@@V?$allocator@D@2@@std@@QBEIPBDII@Z 1000d790 f i CommonFrameMain.obj
 0001:0000c840       ?_Tidy@?$basic_string@DU?$char_traits@D@std@@V?$allocator@D@2@@std@@IAEX_NI@Z 1000d840 f i CommonFrameMain.obj
 0001:0000c890       ??0?$basic_ostream@DU?$char_traits@D@std@@@std@@QAE@PAV?$basic_streambuf@DU?$char_traits@D@std@@@1@_N@Z 1000d890 f i CommonFrameMain.obj
 0001:0000c920       ??0?$basic_istream@DU?$char_traits@D@std@@@std@@QAE@PAV?$basic_streambuf@DU?$char_traits@D@std@@@1@_N@Z 1000d920 f i CommonFrameMain.obj
 0001:0000c9b0       ?_Gnavail@?$basic_streambuf@DU?$char_traits@D@std@@@std@@IBEHXZ 1000d9b0 f i CommonFrameMain.obj
 0001:0000c9d0       ?_Pnavail@?$basic_streambuf@DU?$char_traits@D@std@@@std@@IBEHXZ 1000d9d0 f i CommonFrameMain.obj
 0001:0000c9f0       ?_Tidy@?$deque@PAVValue@Json@@V?$allocator@PAVValue@Json@@@std@@@std@@IAEXXZ 1000d9f0 f i CommonFrameMain.obj
 0001:0000ca60       ?_Tidy@?$deque@VErrorInfo@Reader@Json@@V?$allocator@VErrorInfo@Reader@Json@@@std@@@std@@IAEXXZ 1000da60 f i CommonFrameMain.obj
 0001:0000cb00       ??1?$vector@V?$basic_string@DU?$char_traits@D@std@@V?$allocator@D@2@@std@@V?$allocator@V?$basic_string@DU?$char_traits@D@std@@V?$allocator@D@2@@std@@@2@@std@@QAE@XZ 1000db00 f i CommonFrameMain.obj
 0001:0000cb00       ?_Tidy@?$vector@V?$basic_string@DU?$char_traits@D@std@@V?$allocator@D@2@@std@@V?$allocator@V?$basic_string@DU?$char_traits@D@std@@V?$allocator@D@2@@std@@@2@@std@@IAEXXZ 1000db00 f i CommonFrameMain.obj
 0001:0000cb40       ?_Insert@?$_Tree@V?$_Tmap_traits@V?$basic_string@DU?$char_traits@D@std@@V?$allocator@D@2@@std@@PAUHINSTANCE__@@U?$less@V?$basic_string@DU?$char_traits@D@std@@V?$allocator@D@2@@std@@@2@V?$allocator@U?$pair@$$CBV?$basic_string@DU?$char_traits@D@std@@V?$allocator@D@2@@std@@PAUHINSTANCE__@@@std@@@2@$0A@@std@@@std@@IAE?AViterator@12@_NPAU_Node@?$_Tree_nod@V?$_Tmap_traits@V?$basic_string@DU?$char_traits@D@std@@V?$allocator@D@2@@std@@PAUHINSTANCE__@@U?$less@V?$basic_string@DU?$char_traits@D@std@@V?$allocator@D@2@@std@@@2@V?$allocator@U?$pair@$$CBV?$basic_string@DU?$char_traits@D@std@@V?$allocator@D@2@@std@@PAUHINSTANCE__@@@std@@@2@$0A@@std@@@2@ABU?$pair@$$CBV?$basic_string@DU?$char_traits@D@std@@V?$allocator@D@2@@std@@PAUHINSTANCE__@@@2@@Z 1000db40 f i CommonFrameMain.obj
 0001:0000cb40       ?_Insert@?$_Tree@V?$_Tmap_traits@V?$basic_string@DU?$char_traits@D@std@@V?$allocator@D@2@@std@@HU?$less@V?$basic_string@DU?$char_traits@D@std@@V?$allocator@D@2@@std@@@2@V?$allocator@U?$pair@$$CBV?$basic_string@DU?$char_traits@D@std@@V?$allocator@D@2@@std@@H@std@@@2@$0A@@std@@@std@@IAE?AViterator@12@_NPAU_Node@?$_Tree_nod@V?$_Tmap_traits@V?$basic_string@DU?$char_traits@D@std@@V?$allocator@D@2@@std@@HU?$less@V?$basic_string@DU?$char_traits@D@std@@V?$allocator@D@2@@std@@@2@V?$allocator@U?$pair@$$CBV?$basic_string@DU?$char_traits@D@std@@V?$allocator@D@2@@std@@H@std@@@2@$0A@@std@@@2@ABU?$pair@$$CBV?$basic_string@DU?$char_traits@D@std@@V?$allocator@D@2@@std@@H@2@@Z 1000db40 f i CommonFrameMain.obj
 0001:0000cd80       ?_Lrotate@?$_Tree@V?$_Tmap_traits@V?$basic_string@DU?$char_traits@D@std@@V?$allocator@D@2@@std@@PAUHINSTANCE__@@U?$less@V?$basic_string@DU?$char_traits@D@std@@V?$allocator@D@2@@std@@@2@V?$allocator@U?$pair@$$CBV?$basic_string@DU?$char_traits@D@std@@V?$allocator@D@2@@std@@PAUHINSTANCE__@@@std@@@2@$0A@@std@@@std@@IAEXPAU_Node@?$_Tree_nod@V?$_Tmap_traits@V?$basic_string@DU?$char_traits@D@std@@V?$allocator@D@2@@std@@PAUHINSTANCE__@@U?$less@V?$basic_string@DU?$char_traits@D@std@@V?$allocator@D@2@@std@@@2@V?$allocator@U?$pair@$$CBV?$basic_string@DU?$char_traits@D@std@@V?$allocator@D@2@@std@@PAUHINSTANCE__@@@std@@@2@$0A@@std@@@2@@Z 1000dd80 f i CommonFrameMain.obj
 0001:0000cd80       ?_Lrotate@?$_Tree@V?$_Tmap_traits@V?$basic_string@DU?$char_traits@D@std@@V?$allocator@D@2@@std@@HU?$less@V?$basic_string@DU?$char_traits@D@std@@V?$allocator@D@2@@std@@@2@V?$allocator@U?$pair@$$CBV?$basic_string@DU?$char_traits@D@std@@V?$allocator@D@2@@std@@H@std@@@2@$0A@@std@@@std@@IAEXPAU_Node@?$_Tree_nod@V?$_Tmap_traits@V?$basic_string@DU?$char_traits@D@std@@V?$allocator@D@2@@std@@HU?$less@V?$basic_string@DU?$char_traits@D@std@@V?$allocator@D@2@@std@@@2@V?$allocator@U?$pair@$$CBV?$basic_string@DU?$char_traits@D@std@@V?$allocator@D@2@@std@@H@std@@@2@$0A@@std@@@2@@Z 1000dd80 f i CommonFrameMain.obj
 0001:0000cdd0       ?_Max@?$_Tree@V?$_Tmap_traits@V?$basic_string@DU?$char_traits@D@std@@V?$allocator@D@2@@std@@PAUHINSTANCE__@@U?$less@V?$basic_string@DU?$char_traits@D@std@@V?$allocator@D@2@@std@@@2@V?$allocator@U?$pair@$$CBV?$basic_string@DU?$char_traits@D@std@@V?$allocator@D@2@@std@@PAUHINSTANCE__@@@std@@@2@$0A@@std@@@std@@KAPAU_Node@?$_Tree_nod@V?$_Tmap_traits@V?$basic_string@DU?$char_traits@D@std@@V?$allocator@D@2@@std@@PAUHINSTANCE__@@U?$less@V?$basic_string@DU?$char_traits@D@std@@V?$allocator@D@2@@std@@@2@V?$allocator@U?$pair@$$CBV?$basic_string@DU?$char_traits@D@std@@V?$allocator@D@2@@std@@PAUHINSTANCE__@@@std@@@2@$0A@@std@@@2@PAU342@@Z 1000ddd0 f i CommonFrameMain.obj
 0001:0000cdd0       ?_Max@?$_Tree@V?$_Tmap_traits@V?$basic_string@DU?$char_traits@D@std@@V?$allocator@D@2@@std@@HU?$less@V?$basic_string@DU?$char_traits@D@std@@V?$allocator@D@2@@std@@@2@V?$allocator@U?$pair@$$CBV?$basic_string@DU?$char_traits@D@std@@V?$allocator@D@2@@std@@H@std@@@2@$0A@@std@@@std@@KAPAU_Node@?$_Tree_nod@V?$_Tmap_traits@V?$basic_string@DU?$char_traits@D@std@@V?$allocator@D@2@@std@@HU?$less@V?$basic_string@DU?$char_traits@D@std@@V?$allocator@D@2@@std@@@2@V?$allocator@U?$pair@$$CBV?$basic_string@DU?$char_traits@D@std@@V?$allocator@D@2@@std@@H@std@@@2@$0A@@std@@@2@PAU342@@Z 1000ddd0 f i CommonFrameMain.obj
 0001:0000cdf0       ?_Tidy@?$_Tree@V?$_Tmap_traits@V?$basic_string@DU?$char_traits@D@std@@V?$allocator@D@2@@std@@HU?$less@V?$basic_string@DU?$char_traits@D@std@@V?$allocator@D@2@@std@@@2@V?$allocator@U?$pair@$$CBV?$basic_string@DU?$char_traits@D@std@@V?$allocator@D@2@@std@@H@std@@@2@$0A@@std@@@std@@IAEXXZ 1000ddf0 f i CommonFrameMain.obj
 0001:0000cdf0       ?_Tidy@?$_Tree@V?$_Tmap_traits@V?$basic_string@DU?$char_traits@D@std@@V?$allocator@D@2@@std@@PAUHINSTANCE__@@U?$less@V?$basic_string@DU?$char_traits@D@std@@V?$allocator@D@2@@std@@@2@V?$allocator@U?$pair@$$CBV?$basic_string@DU?$char_traits@D@std@@V?$allocator@D@2@@std@@PAUHINSTANCE__@@@std@@@2@$0A@@std@@@std@@IAEXXZ 1000ddf0 f i CommonFrameMain.obj
 0001:0000ce30       ?_Buynode@?$list@V?$basic_string@DU?$char_traits@D@std@@V?$allocator@D@2@@std@@V?$allocator@V?$basic_string@DU?$char_traits@D@std@@V?$allocator@D@2@@std@@@2@@std@@IAEPAU_Node@?$_List_nod@V?$basic_string@DU?$char_traits@D@std@@V?$allocator@D@2@@std@@V?$allocator@V?$basic_string@DU?$char_traits@D@std@@V?$allocator@D@2@@std@@@2@@2@XZ 1000de30 f i CommonFrameMain.obj
 0001:0000ce50       ?open@?$basic_filebuf@DU?$char_traits@D@std@@@std@@QAEPAV12@PBDHH@Z 1000de50 f i CommonFrameMain.obj
 0001:0000cf30       ?close@?$basic_filebuf@DU?$char_traits@D@std@@@std@@QAEPAV12@XZ 1000df30 f i CommonFrameMain.obj
 0001:0000cfc0       ?_Init@?$basic_filebuf@DU?$char_traits@D@std@@@std@@IAEXPAU_iobuf@@W4_Initfl@12@@Z 1000dfc0 f i CommonFrameMain.obj
 0001:0000d060       ?_Endwrite@?$basic_filebuf@DU?$char_traits@D@std@@@std@@IAE_NXZ 1000e060 f i CommonFrameMain.obj
 0001:0000d3a0       ?_Copy@?$_Tree@V?$_Tset_traits@V?$basic_string@DU?$char_traits@D@std@@V?$allocator@D@2@@std@@U?$less@V?$basic_string@DU?$char_traits@D@std@@V?$allocator@D@2@@std@@@2@V?$allocator@V?$basic_string@DU?$char_traits@D@std@@V?$allocator@D@2@@std@@@2@$0A@@std@@@std@@IAEXABV12@@Z 1000e3a0 f i CommonFrameMain.obj
 0001:0000d410       ?_Insert@?$_Tree@V?$_Tset_traits@V?$basic_string@DU?$char_traits@D@std@@V?$allocator@D@2@@std@@U?$less@V?$basic_string@DU?$char_traits@D@std@@V?$allocator@D@2@@std@@@2@V?$allocator@V?$basic_string@DU?$char_traits@D@std@@V?$allocator@D@2@@std@@@2@$0A@@std@@@std@@IAE?AViterator@12@_NPAU_Node@?$_Tree_nod@V?$_Tset_traits@V?$basic_string@DU?$char_traits@D@std@@V?$allocator@D@2@@std@@U?$less@V?$basic_string@DU?$char_traits@D@std@@V?$allocator@D@2@@std@@@2@V?$allocator@V?$basic_string@DU?$char_traits@D@std@@V?$allocator@D@2@@std@@@2@$0A@@std@@@2@ABV?$basic_string@DU?$char_traits@D@std@@V?$allocator@D@2@@2@@Z 1000e410 f i CommonFrameMain.obj
 0001:0000d650       ?_Tidy@?$_Tree@V?$_Tset_traits@V?$basic_string@DU?$char_traits@D@std@@V?$allocator@D@2@@std@@U?$less@V?$basic_string@DU?$char_traits@D@std@@V?$allocator@D@2@@std@@@2@V?$allocator@V?$basic_string@DU?$char_traits@D@std@@V?$allocator@D@2@@std@@@2@$0A@@std@@@std@@IAEXXZ 1000e650 f i CommonFrameMain.obj
 0001:0000d690       ??D?$_String_iterator@DU?$char_traits@D@std@@V?$allocator@D@2@@std@@QBEAADXZ 1000e690 f i CommonFrameMain.obj
 0001:0000d6d0       ??0sentry@?$basic_ostream@DU?$char_traits@D@std@@@std@@QAE@AAV12@@Z 1000e6d0 f i CommonFrameMain.obj
 0001:0000d760       ??1sentry@?$basic_ostream@DU?$char_traits@D@std@@@std@@QAE@XZ 1000e760 f i CommonFrameMain.obj
 0001:0000d7d0       ?do_in@?$codecvt@DDH@std@@MBEHAAHPBD1AAPBDPAD3AAPAD@Z 1000e7d0 f i CommonFrameMain.obj
 0001:0000d7d0       ?do_out@?$codecvt@DDH@std@@MBEHAAHPBD1AAPBDPAD3AAPAD@Z 1000e7d0 f i CommonFrameMain.obj
 0001:0000d7f0       ?do_unshift@?$codecvt@DDH@std@@MBEHAAHPAD1AAPAD@Z 1000e7f0 f i CommonFrameMain.obj
 0001:0000d810       ?do_length@?$codecvt@DDH@std@@MBEHABHPBD1I@Z 1000e810 f i CommonFrameMain.obj
 0001:0000d830       ??0length_error@std@@QAE@ABV01@@Z 1000e830 f i CommonFrameMain.obj
 0001:0000d850       ?assign@?$basic_string@DU?$char_traits@D@std@@V?$allocator@D@2@@std@@QAEAAV12@PBDI@Z 1000e850 f i CommonFrameMain.obj
 0001:0000d920       ?_Chassign@?$basic_string@DU?$char_traits@D@std@@V?$allocator@D@2@@std@@IAEXIID@Z 1000e920 f i CommonFrameMain.obj
 0001:0000d970       ?_Grow@?$basic_string@DU?$char_traits@D@std@@V?$allocator@D@2@@std@@IAE_NI_N@Z 1000e970 f i CommonFrameMain.obj
 0001:0000da30       ?_Osfx@?$basic_ostream@DU?$char_traits@D@std@@@std@@QAEXXZ 1000ea30 f i CommonFrameMain.obj
 0001:0000da90       ??0?$basic_streambuf@DU?$char_traits@D@std@@@std@@IAE@XZ 1000ea90 f i CommonFrameMain.obj
 0001:0000db90       ?getloc@?$basic_streambuf@DU?$char_traits@D@std@@@std@@QBE?AVlocale@2@XZ 1000eb90 f i CommonFrameMain.obj
 0001:0000dbc0       ?_Init@?$basic_streambuf@DU?$char_traits@D@std@@@std@@IAEXXZ 1000ebc0 f i CommonFrameMain.obj
 0001:0000dc20       ?pop_back@?$deque@VErrorInfo@Reader@Json@@V?$allocator@VErrorInfo@Reader@Json@@@std@@@std@@QAEXXZ 1000ec20 f i CommonFrameMain.obj
 0001:0000dc80       ?erase@?$_Tree@V?$_Tmap_traits@V?$basic_string@DU?$char_traits@D@std@@V?$allocator@D@2@@std@@PAUHINSTANCE__@@U?$less@V?$basic_string@DU?$char_traits@D@std@@V?$allocator@D@2@@std@@@2@V?$allocator@U?$pair@$$CBV?$basic_string@DU?$char_traits@D@std@@V?$allocator@D@2@@std@@PAUHINSTANCE__@@@std@@@2@$0A@@std@@@std@@QAE?AViterator@12@V312@0@Z 1000ec80 f i CommonFrameMain.obj
 0001:0000dc80       ?erase@?$_Tree@V?$_Tmap_traits@V?$basic_string@DU?$char_traits@D@std@@V?$allocator@D@2@@std@@HU?$less@V?$basic_string@DU?$char_traits@D@std@@V?$allocator@D@2@@std@@@2@V?$allocator@U?$pair@$$CBV?$basic_string@DU?$char_traits@D@std@@V?$allocator@D@2@@std@@H@std@@@2@$0A@@std@@@std@@QAE?AViterator@12@V312@0@Z 1000ec80 f i CommonFrameMain.obj
 0001:0000dd50       ?_Buynode@?$_Tree@V?$_Tmap_traits@V?$basic_string@DU?$char_traits@D@std@@V?$allocator@D@2@@std@@HU?$less@V?$basic_string@DU?$char_traits@D@std@@V?$allocator@D@2@@std@@@2@V?$allocator@U?$pair@$$CBV?$basic_string@DU?$char_traits@D@std@@V?$allocator@D@2@@std@@H@std@@@2@$0A@@std@@@std@@IAEPAU_Node@?$_Tree_nod@V?$_Tmap_traits@V?$basic_string@DU?$char_traits@D@std@@V?$allocator@D@2@@std@@HU?$less@V?$basic_string@DU?$char_traits@D@std@@V?$allocator@D@2@@std@@@2@V?$allocator@U?$pair@$$CBV?$basic_string@DU?$char_traits@D@std@@V?$allocator@D@2@@std@@H@std@@@2@$0A@@std@@@2@PAU342@00ABU?$pair@$$CBV?$basic_string@DU?$char_traits@D@std@@V?$allocator@D@2@@std@@H@2@D@Z 1000ed50 f i CommonFrameMain.obj
 0001:0000dd50       ?_Buynode@?$_Tree@V?$_Tmap_traits@V?$basic_string@DU?$char_traits@D@std@@V?$allocator@D@2@@std@@PAUHINSTANCE__@@U?$less@V?$basic_string@DU?$char_traits@D@std@@V?$allocator@D@2@@std@@@2@V?$allocator@U?$pair@$$CBV?$basic_string@DU?$char_traits@D@std@@V?$allocator@D@2@@std@@PAUHINSTANCE__@@@std@@@2@$0A@@std@@@std@@IAEPAU_Node@?$_Tree_nod@V?$_Tmap_traits@V?$basic_string@DU?$char_traits@D@std@@V?$allocator@D@2@@std@@PAUHINSTANCE__@@U?$less@V?$basic_string@DU?$char_traits@D@std@@V?$allocator@D@2@@std@@@2@V?$allocator@U?$pair@$$CBV?$basic_string@DU?$char_traits@D@std@@V?$allocator@D@2@@std@@PAUHINSTANCE__@@@std@@@2@$0A@@std@@@2@PAU342@00ABU?$pair@$$CBV?$basic_string@DU?$char_traits@D@std@@V?$allocator@D@2@@std@@PAUHINSTANCE__@@@2@D@Z 1000ed50 f i CommonFrameMain.obj
 0001:0000de10       ?_Lbound@?$_Tree@V?$_Tmap_traits@V?$basic_string@DU?$char_traits@D@std@@V?$allocator@D@2@@std@@HU?$less@V?$basic_string@DU?$char_traits@D@std@@V?$allocator@D@2@@std@@@2@V?$allocator@U?$pair@$$CBV?$basic_string@DU?$char_traits@D@std@@V?$allocator@D@2@@std@@H@std@@@2@$0A@@std@@@std@@IBEPAU_Node@?$_Tree_nod@V?$_Tmap_traits@V?$basic_string@DU?$char_traits@D@std@@V?$allocator@D@2@@std@@HU?$less@V?$basic_string@DU?$char_traits@D@std@@V?$allocator@D@2@@std@@@2@V?$allocator@U?$pair@$$CBV?$basic_string@DU?$char_traits@D@std@@V?$allocator@D@2@@std@@H@std@@@2@$0A@@std@@@2@ABV?$basic_string@DU?$char_traits@D@std@@V?$allocator@D@2@@2@@Z 1000ee10 f i CommonFrameMain.obj
 0001:0000de10       ?_Lbound@?$_Tree@V?$_Tmap_traits@V?$basic_string@DU?$char_traits@D@std@@V?$allocator@D@2@@std@@PAUHINSTANCE__@@U?$less@V?$basic_string@DU?$char_traits@D@std@@V?$allocator@D@2@@std@@@2@V?$allocator@U?$pair@$$CBV?$basic_string@DU?$char_traits@D@std@@V?$allocator@D@2@@std@@PAUHINSTANCE__@@@std@@@2@$0A@@std@@@std@@IBEPAU_Node@?$_Tree_nod@V?$_Tmap_traits@V?$basic_string@DU?$char_traits@D@std@@V?$allocator@D@2@@std@@PAUHINSTANCE__@@U?$less@V?$basic_string@DU?$char_traits@D@std@@V?$allocator@D@2@@std@@@2@V?$allocator@U?$pair@$$CBV?$basic_string@DU?$char_traits@D@std@@V?$allocator@D@2@@std@@PAUHINSTANCE__@@@std@@@2@$0A@@std@@@2@ABV?$basic_string@DU?$char_traits@D@std@@V?$allocator@D@2@@2@@Z 1000ee10 f i CommonFrameMain.obj
 0001:0000dea0       ?_Rrotate@?$_Tree@V?$_Tmap_traits@V?$basic_string@DU?$char_traits@D@std@@V?$allocator@D@2@@std@@PAUHINSTANCE__@@U?$less@V?$basic_string@DU?$char_traits@D@std@@V?$allocator@D@2@@std@@@2@V?$allocator@U?$pair@$$CBV?$basic_string@DU?$char_traits@D@std@@V?$allocator@D@2@@std@@PAUHINSTANCE__@@@std@@@2@$0A@@std@@@std@@IAEXPAU_Node@?$_Tree_nod@V?$_Tmap_traits@V?$basic_string@DU?$char_traits@D@std@@V?$allocator@D@2@@std@@PAUHINSTANCE__@@U?$less@V?$basic_string@DU?$char_traits@D@std@@V?$allocator@D@2@@std@@@2@V?$allocator@U?$pair@$$CBV?$basic_string@DU?$char_traits@D@std@@V?$allocator@D@2@@std@@PAUHINSTANCE__@@@std@@@2@$0A@@std@@@2@@Z 1000eea0 f i CommonFrameMain.obj
 0001:0000dea0       ?_Rrotate@?$_Tree@V?$_Tmap_traits@V?$basic_string@DU?$char_traits@D@std@@V?$allocator@D@2@@std@@HU?$less@V?$basic_string@DU?$char_traits@D@std@@V?$allocator@D@2@@std@@@2@V?$allocator@U?$pair@$$CBV?$basic_string@DU?$char_traits@D@std@@V?$allocator@D@2@@std@@H@std@@@2@$0A@@std@@@std@@IAEXPAU_Node@?$_Tree_nod@V?$_Tmap_traits@V?$basic_string@DU?$char_traits@D@std@@V?$allocator@D@2@@std@@HU?$less@V?$basic_string@DU?$char_traits@D@std@@V?$allocator@D@2@@std@@@2@V?$allocator@U?$pair@$$CBV?$basic_string@DU?$char_traits@D@std@@V?$allocator@D@2@@std@@H@std@@@2@$0A@@std@@@2@@Z 1000eea0 f i CommonFrameMain.obj
 0001:0000def0       ?_Buynode@?$list@V?$basic_string@DU?$char_traits@D@std@@V?$allocator@D@2@@std@@V?$allocator@V?$basic_string@DU?$char_traits@D@std@@V?$allocator@D@2@@std@@@2@@std@@IAEPAU_Node@?$_List_nod@V?$basic_string@DU?$char_traits@D@std@@V?$allocator@D@2@@std@@V?$allocator@V?$basic_string@DU?$char_traits@D@std@@V?$allocator@D@2@@std@@@2@@2@PAU342@0ABV?$basic_string@DU?$char_traits@D@std@@V?$allocator@D@2@@2@@Z 1000eef0 f i CommonFrameMain.obj
 0001:0000df90       ?_Incsize@?$list@V?$basic_string@DU?$char_traits@D@std@@V?$allocator@D@2@@std@@V?$allocator@V?$basic_string@DU?$char_traits@D@std@@V?$allocator@D@2@@std@@@2@@std@@IAEXI@Z 1000ef90 f i CommonFrameMain.obj
 0001:0000e030       ?erase@?$_Tree@V?$_Tset_traits@V?$basic_string@DU?$char_traits@D@std@@V?$allocator@D@2@@std@@U?$less@V?$basic_string@DU?$char_traits@D@std@@V?$allocator@D@2@@std@@@2@V?$allocator@V?$basic_string@DU?$char_traits@D@std@@V?$allocator@D@2@@std@@@2@$0A@@std@@@std@@QAE?AViterator@12@V312@0@Z 1000f030 f i CommonFrameMain.obj
 0001:0000e100       ?_Copy@?$_Tree@V?$_Tset_traits@V?$basic_string@DU?$char_traits@D@std@@V?$allocator@D@2@@std@@U?$less@V?$basic_string@DU?$char_traits@D@std@@V?$allocator@D@2@@std@@@2@V?$allocator@V?$basic_string@DU?$char_traits@D@std@@V?$allocator@D@2@@std@@@2@$0A@@std@@@std@@IAEPAU_Node@?$_Tree_nod@V?$_Tset_traits@V?$basic_string@DU?$char_traits@D@std@@V?$allocator@D@2@@std@@U?$less@V?$basic_string@DU?$char_traits@D@std@@V?$allocator@D@2@@std@@@2@V?$allocator@V?$basic_string@DU?$char_traits@D@std@@V?$allocator@D@2@@std@@@2@$0A@@std@@@2@PAU342@0@Z 1000f100 f i CommonFrameMain.obj
 0001:0000e1c0       ?_Buynode@?$_Tree@V?$_Tset_traits@V?$basic_string@DU?$char_traits@D@std@@V?$allocator@D@2@@std@@U?$less@V?$basic_string@DU?$char_traits@D@std@@V?$allocator@D@2@@std@@@2@V?$allocator@V?$basic_string@DU?$char_traits@D@std@@V?$allocator@D@2@@std@@@2@$0A@@std@@@std@@IAEPAU_Node@?$_Tree_nod@V?$_Tset_traits@V?$basic_string@DU?$char_traits@D@std@@V?$allocator@D@2@@std@@U?$less@V?$basic_string@DU?$char_traits@D@std@@V?$allocator@D@2@@std@@@2@V?$allocator@V?$basic_string@DU?$char_traits@D@std@@V?$allocator@D@2@@std@@@2@$0A@@std@@@2@XZ 1000f1c0 f i CommonFrameMain.obj
 0001:0000e200       ?_Buynode@?$_Tree@V?$_Tset_traits@V?$basic_string@DU?$char_traits@D@std@@V?$allocator@D@2@@std@@U?$less@V?$basic_string@DU?$char_traits@D@std@@V?$allocator@D@2@@std@@@2@V?$allocator@V?$basic_string@DU?$char_traits@D@std@@V?$allocator@D@2@@std@@@2@$0A@@std@@@std@@IAEPAU_Node@?$_Tree_nod@V?$_Tset_traits@V?$basic_string@DU?$char_traits@D@std@@V?$allocator@D@2@@std@@U?$less@V?$basic_string@DU?$char_traits@D@std@@V?$allocator@D@2@@std@@@2@V?$allocator@V?$basic_string@DU?$char_traits@D@std@@V?$allocator@D@2@@std@@@2@$0A@@std@@@2@PAU342@00ABV?$basic_string@DU?$char_traits@D@std@@V?$allocator@D@2@@2@D@Z 1000f200 f i CommonFrameMain.obj
 0001:0000e2b0       ?_Inc@const_iterator@?$_Tree@V?$_Tset_traits@V?$basic_string@DU?$char_traits@D@std@@V?$allocator@D@2@@std@@U?$less@V?$basic_string@DU?$char_traits@D@std@@V?$allocator@D@2@@std@@@2@V?$allocator@V?$basic_string@DU?$char_traits@D@std@@V?$allocator@D@2@@std@@@2@$0A@@std@@@std@@QAEXXZ 1000f2b0 f i CommonFrameMain.obj
 0001:0000e2b0       ?_Inc@const_iterator@?$_Tree@V?$_Tmap_traits@VCZString@Value@Json@@V23@U?$less@VCZString@Value@Json@@@std@@V?$allocator@U?$pair@$$CBVCZString@Value@Json@@V23@@std@@@5@$0A@@std@@@std@@QAEXXZ 1000f2b0 f i json_value.obj
 0001:0000e320       ??1_Sentry_base@?$basic_ostream@DU?$char_traits@D@std@@@std@@QAE@XZ 1000f320 f i CommonFrameMain.obj
 0001:0000e340       ?_Copy@?$basic_string@DU?$char_traits@D@std@@V?$allocator@D@2@@std@@IAEXII@Z 1000f340 f i CommonFrameMain.obj
 0001:0000e480       ?widen@?$basic_ios@DU?$char_traits@D@std@@@std@@QBEDD@Z 1000f480 f i CommonFrameMain.obj
 0001:0000e540       ?_Buynode@?$_Tree@V?$_Tmap_traits@V?$basic_string@DU?$char_traits@D@std@@V?$allocator@D@2@@std@@PAUHINSTANCE__@@U?$less@V?$basic_string@DU?$char_traits@D@std@@V?$allocator@D@2@@std@@@2@V?$allocator@U?$pair@$$CBV?$basic_string@DU?$char_traits@D@std@@V?$allocator@D@2@@std@@PAUHINSTANCE__@@@std@@@2@$0A@@std@@@std@@IAEPAU_Node@?$_Tree_nod@V?$_Tmap_traits@V?$basic_string@DU?$char_traits@D@std@@V?$allocator@D@2@@std@@PAUHINSTANCE__@@U?$less@V?$basic_string@DU?$char_traits@D@std@@V?$allocator@D@2@@std@@@2@V?$allocator@U?$pair@$$CBV?$basic_string@DU?$char_traits@D@std@@V?$allocator@D@2@@std@@PAUHINSTANCE__@@@std@@@2@$0A@@std@@@2@XZ 1000f540 f i CommonFrameMain.obj
 0001:0000e540       ?_Buynode@?$_Tree@V?$_Tmap_traits@V?$basic_string@DU?$char_traits@D@std@@V?$allocator@D@2@@std@@HU?$less@V?$basic_string@DU?$char_traits@D@std@@V?$allocator@D@2@@std@@@2@V?$allocator@U?$pair@$$CBV?$basic_string@DU?$char_traits@D@std@@V?$allocator@D@2@@std@@H@std@@@2@$0A@@std@@@std@@IAEPAU_Node@?$_Tree_nod@V?$_Tmap_traits@V?$basic_string@DU?$char_traits@D@std@@V?$allocator@D@2@@std@@HU?$less@V?$basic_string@DU?$char_traits@D@std@@V?$allocator@D@2@@std@@@2@V?$allocator@U?$pair@$$CBV?$basic_string@DU?$char_traits@D@std@@V?$allocator@D@2@@std@@H@std@@@2@$0A@@std@@@2@XZ 1000f540 f i CommonFrameMain.obj
 0001:0000e580       ?erase@?$_Tree@V?$_Tset_traits@V?$basic_string@DU?$char_traits@D@std@@V?$allocator@D@2@@std@@U?$less@V?$basic_string@DU?$char_traits@D@std@@V?$allocator@D@2@@std@@@2@V?$allocator@V?$basic_string@DU?$char_traits@D@std@@V?$allocator@D@2@@std@@@2@$0A@@std@@@std@@QAE?AViterator@12@V312@@Z 1000f580 f i CommonFrameMain.obj
 0001:0000e890       ?_Erase@?$_Tree@V?$_Tset_traits@V?$basic_string@DU?$char_traits@D@std@@V?$allocator@D@2@@std@@U?$less@V?$basic_string@DU?$char_traits@D@std@@V?$allocator@D@2@@std@@@2@V?$allocator@V?$basic_string@DU?$char_traits@D@std@@V?$allocator@D@2@@std@@@2@$0A@@std@@@std@@IAEXPAU_Node@?$_Tree_nod@V?$_Tset_traits@V?$basic_string@DU?$char_traits@D@std@@V?$allocator@D@2@@std@@U?$less@V?$basic_string@DU?$char_traits@D@std@@V?$allocator@D@2@@std@@@2@V?$allocator@V?$basic_string@DU?$char_traits@D@std@@V?$allocator@D@2@@std@@@2@$0A@@std@@@2@@Z 1000f890 f i CommonFrameMain.obj
 0001:0000e8f0       ?_Lbound@?$_Tree@V?$_Tset_traits@V?$basic_string@DU?$char_traits@D@std@@V?$allocator@D@2@@std@@U?$less@V?$basic_string@DU?$char_traits@D@std@@V?$allocator@D@2@@std@@@2@V?$allocator@V?$basic_string@DU?$char_traits@D@std@@V?$allocator@D@2@@std@@@2@$0A@@std@@@std@@IBEPAU_Node@?$_Tree_nod@V?$_Tset_traits@V?$basic_string@DU?$char_traits@D@std@@V?$allocator@D@2@@std@@U?$less@V?$basic_string@DU?$char_traits@D@std@@V?$allocator@D@2@@std@@@2@V?$allocator@V?$basic_string@DU?$char_traits@D@std@@V?$allocator@D@2@@std@@@2@$0A@@std@@@2@ABV?$basic_string@DU?$char_traits@D@std@@V?$allocator@D@2@@2@@Z 1000f8f0 f i CommonFrameMain.obj
 0001:0000e980       ?_Ubound@?$_Tree@V?$_Tset_traits@V?$basic_string@DU?$char_traits@D@std@@V?$allocator@D@2@@std@@U?$less@V?$basic_string@DU?$char_traits@D@std@@V?$allocator@D@2@@std@@@2@V?$allocator@V?$basic_string@DU?$char_traits@D@std@@V?$allocator@D@2@@std@@@2@$0A@@std@@@std@@IBEPAU_Node@?$_Tree_nod@V?$_Tset_traits@V?$basic_string@DU?$char_traits@D@std@@V?$allocator@D@2@@std@@U?$less@V?$basic_string@DU?$char_traits@D@std@@V?$allocator@D@2@@std@@@2@V?$allocator@V?$basic_string@DU?$char_traits@D@std@@V?$allocator@D@2@@std@@@2@$0A@@std@@@2@ABV?$basic_string@DU?$char_traits@D@std@@V?$allocator@D@2@@2@@Z 1000f980 f i CommonFrameMain.obj
 0001:0000ea20       ?_Dec@const_iterator@?$_Tree@V?$_Tmap_traits@VCZString@Value@Json@@V23@U?$less@VCZString@Value@Json@@@std@@V?$allocator@U?$pair@$$CBVCZString@Value@Json@@V23@@std@@@5@$0A@@std@@@std@@QAEXXZ 1000fa20 f i json_value.obj
 0001:0000ea20       ?_Dec@const_iterator@?$_Tree@V?$_Tset_traits@V?$basic_string@DU?$char_traits@D@std@@V?$allocator@D@2@@std@@U?$less@V?$basic_string@DU?$char_traits@D@std@@V?$allocator@D@2@@std@@@2@V?$allocator@V?$basic_string@DU?$char_traits@D@std@@V?$allocator@D@2@@std@@@2@$0A@@std@@@std@@QAEXXZ 1000fa20 f i CommonFrameMain.obj
 0001:0000eaa0       ?_Dec@const_iterator@?$_Tree@V?$_Tmap_traits@V?$basic_string@DU?$char_traits@D@std@@V?$allocator@D@2@@std@@HU?$less@V?$basic_string@DU?$char_traits@D@std@@V?$allocator@D@2@@std@@@2@V?$allocator@U?$pair@$$CBV?$basic_string@DU?$char_traits@D@std@@V?$allocator@D@2@@std@@H@std@@@2@$0A@@std@@@std@@QAEXXZ 1000faa0 f i CommonFrameMain.obj
 0001:0000eaa0       ?_Dec@const_iterator@?$_Tree@V?$_Tmap_traits@V?$basic_string@DU?$char_traits@D@std@@V?$allocator@D@2@@std@@PAUHINSTANCE__@@U?$less@V?$basic_string@DU?$char_traits@D@std@@V?$allocator@D@2@@std@@@2@V?$allocator@U?$pair@$$CBV?$basic_string@DU?$char_traits@D@std@@V?$allocator@D@2@@std@@PAUHINSTANCE__@@@std@@@2@$0A@@std@@@std@@QAEXXZ 1000faa0 f i CommonFrameMain.obj
 0001:0000eb20       ?_Inc@const_iterator@?$_Tree@V?$_Tmap_traits@V?$basic_string@DU?$char_traits@D@std@@V?$allocator@D@2@@std@@HU?$less@V?$basic_string@DU?$char_traits@D@std@@V?$allocator@D@2@@std@@@2@V?$allocator@U?$pair@$$CBV?$basic_string@DU?$char_traits@D@std@@V?$allocator@D@2@@std@@H@std@@@2@$0A@@std@@@std@@QAEXXZ 1000fb20 f i CommonFrameMain.obj
 0001:0000eb20       ?_Inc@const_iterator@?$_Tree@V?$_Tmap_traits@V?$basic_string@DU?$char_traits@D@std@@V?$allocator@D@2@@std@@PAUHINSTANCE__@@U?$less@V?$basic_string@DU?$char_traits@D@std@@V?$allocator@D@2@@std@@@2@V?$allocator@U?$pair@$$CBV?$basic_string@DU?$char_traits@D@std@@V?$allocator@D@2@@std@@PAUHINSTANCE__@@@std@@@2@$0A@@std@@@std@@QAEXXZ 1000fb20 f i CommonFrameMain.obj
 0001:0000eb90       ?allocate@?$allocator@D@std@@QAEPADI@Z 1000fb90 f i CommonFrameMain.obj
 0001:0000ebf0       ?_Erase@?$_Tree@V?$_Tmap_traits@V?$basic_string@DU?$char_traits@D@std@@V?$allocator@D@2@@std@@PAUHINSTANCE__@@U?$less@V?$basic_string@DU?$char_traits@D@std@@V?$allocator@D@2@@std@@@2@V?$allocator@U?$pair@$$CBV?$basic_string@DU?$char_traits@D@std@@V?$allocator@D@2@@std@@PAUHINSTANCE__@@@std@@@2@$0A@@std@@@std@@IAEXPAU_Node@?$_Tree_nod@V?$_Tmap_traits@V?$basic_string@DU?$char_traits@D@std@@V?$allocator@D@2@@std@@PAUHINSTANCE__@@U?$less@V?$basic_string@DU?$char_traits@D@std@@V?$allocator@D@2@@std@@@2@V?$allocator@U?$pair@$$CBV?$basic_string@DU?$char_traits@D@std@@V?$allocator@D@2@@std@@PAUHINSTANCE__@@@std@@@2@$0A@@std@@@2@@Z 1000fbf0 f i CommonFrameMain.obj
 0001:0000ebf0       ?_Erase@?$_Tree@V?$_Tmap_traits@V?$basic_string@DU?$char_traits@D@std@@V?$allocator@D@2@@std@@HU?$less@V?$basic_string@DU?$char_traits@D@std@@V?$allocator@D@2@@std@@@2@V?$allocator@U?$pair@$$CBV?$basic_string@DU?$char_traits@D@std@@V?$allocator@D@2@@std@@H@std@@@2@$0A@@std@@@std@@IAEXPAU_Node@?$_Tree_nod@V?$_Tmap_traits@V?$basic_string@DU?$char_traits@D@std@@V?$allocator@D@2@@std@@HU?$less@V?$basic_string@DU?$char_traits@D@std@@V?$allocator@D@2@@std@@@2@V?$allocator@U?$pair@$$CBV?$basic_string@DU?$char_traits@D@std@@V?$allocator@D@2@@std@@H@std@@@2@$0A@@std@@@2@@Z 1000fbf0 f i CommonFrameMain.obj
 0001:0000ec50       ??$use_facet@V?$ctype@D@std@@@std@@YAABV?$ctype@D@0@ABVlocale@0@@Z 1000fc50 f i CommonFrameMain.obj
 0001:0000eda0       ??$?6U?$char_traits@D@std@@@std@@YAAAV?$basic_ostream@DU?$char_traits@D@std@@@0@AAV10@PBD@Z 1000fda0 f i CommonFrameMain.obj
 0001:0000efe0       ??$?0V?$istreambuf_iterator@DU?$char_traits@D@std@@@std@@@?$basic_string@DU?$char_traits@D@std@@V?$allocator@D@2@@std@@QAE@V?$istreambuf_iterator@DU?$char_traits@D@std@@@1@0@Z 1000ffe0 f i CommonFrameMain.obj
 0001:0000f040       ??$?HDU?$char_traits@D@std@@V?$allocator@D@1@@std@@YA?AV?$basic_string@DU?$char_traits@D@std@@V?$allocator@D@2@@0@ABV10@PBD@Z 10010040 f i CommonFrameMain.obj
 0001:0000f0f0       ??$?HDU?$char_traits@D@std@@V?$allocator@D@1@@std@@YA?AV?$basic_string@DU?$char_traits@D@std@@V?$allocator@D@2@@0@PBDABV10@@Z 100100f0 f i CommonFrameMain.obj
 0001:0000f1a0       ??$?HDU?$char_traits@D@std@@V?$allocator@D@1@@std@@YA?AV?$basic_string@DU?$char_traits@D@std@@V?$allocator@D@2@@0@ABV10@0@Z 100101a0 f i CommonFrameMain.obj
 0001:0000f250       ??$use_facet@V?$codecvt@DDH@std@@@std@@YAABV?$codecvt@DDH@0@ABVlocale@0@@Z 10010250 f i CommonFrameMain.obj
 0001:0000f3a0       ??$?MDU?$char_traits@D@std@@V?$allocator@D@1@@std@@YA_NABV?$basic_string@DU?$char_traits@D@std@@V?$allocator@D@2@@0@0@Z 100103a0 f i CommonFrameMain.obj
 0001:0000f400       ??$_Construct@V?$basic_string@DU?$char_traits@D@std@@V?$allocator@D@2@@std@@V12@@std@@YAXPAV?$basic_string@DU?$char_traits@D@std@@V?$allocator@D@2@@0@ABV10@@Z 10010400 f i CommonFrameMain.obj
 0001:0000f460       ??0bad_alloc@std@@QAE@ABV01@@Z 10010460 f i CommonFrameMain.obj
 0001:0000f480       ??1ErrorInfo@Reader@Json@@QAE@XZ 10010480 f i CommonFrameMain.obj
 0001:0000f4b0       ??Y?$basic_string@DU?$char_traits@D@std@@V?$allocator@D@2@@std@@QAEAAV01@PBD@Z 100104b0 f i CommonFrameMain.obj
 0001:0000f4d0       ?_Getcat@?$codecvt@DDH@std@@SAIPAPBVfacet@locale@2@@Z 100104d0 f i CommonFrameMain.obj
 0001:0000f540       ??0?$codecvt@DDH@std@@QAE@I@Z 10010540 f i CommonFrameMain.obj
 0001:0000f5d0       ??$_Construct@V?$istreambuf_iterator@DU?$char_traits@D@std@@@std@@@?$basic_string@DU?$char_traits@D@std@@V?$allocator@D@2@@std@@QAEXV?$istreambuf_iterator@DU?$char_traits@D@std@@@1@0Uinput_iterator_tag@1@@Z 100105d0 f i CommonFrameMain.obj
 0001:0000f770       ??$_Copy_opt@Viterator@?$_Tree@V?$_Tset_traits@V?$basic_string@DU?$char_traits@D@std@@V?$allocator@D@2@@std@@U?$less@V?$basic_string@DU?$char_traits@D@std@@V?$allocator@D@2@@std@@@2@V?$allocator@V?$basic_string@DU?$char_traits@D@std@@V?$allocator@D@2@@std@@@2@$0A@@std@@@std@@V?$back_insert_iterator@V?$list@V?$basic_string@DU?$char_traits@D@std@@V?$allocator@D@2@@std@@V?$allocator@V?$basic_string@DU?$char_traits@D@std@@V?$allocator@D@2@@std@@@2@@std@@@3@Uforward_iterator_tag@3@@std@@YA?AV?$back_insert_iterator@V?$list@V?$basic_string@DU?$char_traits@D@std@@V?$allocator@D@2@@std@@V?$allocator@V?$basic_string@DU?$char_traits@D@std@@V?$allocator@D@2@@std@@@2@@std@@@0@Viterator@?$_Tree@V?$_Tset_traits@V?$basic_string@DU?$char_traits@D@std@@V?$allocator@D@2@@std@@U?$less@V?$basic_string@DU?$char_traits@D@std@@V?$allocator@D@2@@std@@@2@V?$allocator@V?$basic_string@DU?$char_traits@D@std@@V?$allocator@D@2@@std@@@2@$0A@@std@@@0@0V10@Uforward_iterator_tag@0@U_Nonscalar_ptr_iterator_tag@0@U_Range_checked_iterator_tag@0@@Z 10010770 f i CommonFrameMain.obj
 0001:0000f7f0       ??$_Destroy_range@V?$basic_string@DU?$char_traits@D@std@@V?$allocator@D@2@@std@@V?$allocator@V?$basic_string@DU?$char_traits@D@std@@V?$allocator@D@2@@std@@@2@@std@@YAXPAV?$basic_string@DU?$char_traits@D@std@@V?$allocator@D@2@@0@0AAV?$allocator@V?$basic_string@DU?$char_traits@D@std@@V?$allocator@D@2@@std@@@0@U_Nonscalar_ptr_iterator_tag@0@@Z 100107f0 f i CommonFrameMain.obj
 0001:0000f830       ?equal@?$istreambuf_iterator@DU?$char_traits@D@std@@@std@@QBE_NABV12@@Z 10010830 f i CommonFrameMain.obj
 0001:0000f8d0       ?AfxCrtErrorCheck@@YAHH@Z  100108d0 f i FrameConfigFileOperate.obj
 0001:0000f960       ?AtlThrowImpl@ATL@@YGXJ@Z  10010960 f i FrameConfigFileOperate.obj
 0001:0000f980       ?_AtlGetStringResourceImage@ATL@@YAPBUATLSTRINGRESOURCEIMAGE@1@PAUHINSTANCE__@@PAUHRSRC__@@I@Z 10010980 f i FrameConfigFileOperate.obj
 0001:0000f9f0       ?AtlGetStringResourceImage@ATL@@YAPBUATLSTRINGRESOURCEIMAGE@1@PAUHINSTANCE__@@I@Z 100109f0 f i FrameConfigFileOperate.obj
 0001:0000fa30       ?Release@CStringData@ATL@@QAEXXZ 10010a30 f i FrameConfigFileOperate.obj
 0001:0000fa50       ?parseFilePathConfig@FrameConfigFileOperate@@QAE_NPAUST_FRAME_CONFIG_INFO_T@@AAV?$basic_string@DU?$char_traits@D@std@@V?$allocator@D@2@@std@@@Z 10010a50 f   FrameConfigFileOperate.obj
 0001:000102e0       ?getJsonData@FrameConfigFileOperate@@QAE_NAAVValue@Json@@PAD1@Z 100112e0 f   FrameConfigFileOperate.obj
 0001:00010410       ??0?$CStringT@DV?$StrTraitMFC@DV?$ChTraitsCRT@D@ATL@@@@@ATL@@QAE@XZ 10011410 f i FrameConfigFileOperate.obj
 0001:00010440       ??0?$CStringT@DV?$StrTraitMFC@DV?$ChTraitsCRT@D@ATL@@@@@ATL@@QAE@PBD@Z 10011440 f i FrameConfigFileOperate.obj
 0001:00010500       ?Left@?$CStringT@DV?$StrTraitMFC@DV?$ChTraitsCRT@D@ATL@@@@@ATL@@QBE?AV12@H@Z 10011500 f i FrameConfigFileOperate.obj
 0001:00010580       ?LoadStringA@?$CStringT@DV?$StrTraitMFC@DV?$ChTraitsCRT@D@ATL@@@@@ATL@@QAEHI@Z 10011580 f i FrameConfigFileOperate.obj
 0001:000105b0       ??0?$CStringT@DV?$StrTraitMFC@DV?$ChTraitsCRT@D@ATL@@@@@ATL@@QAE@PBDHPAUIAtlStringMgr@1@@Z 100115b0 f i FrameConfigFileOperate.obj
 0001:000105d0       ?GetManager@?$CStringT@DV?$StrTraitMFC@DV?$ChTraitsCRT@D@ATL@@@@@ATL@@QBEPAUIAtlStringMgr@2@XZ 100115d0 f i FrameConfigFileOperate.obj
 0001:00010600       ?LoadStringA@?$CStringT@DV?$StrTraitMFC@DV?$ChTraitsCRT@D@ATL@@@@@ATL@@QAEHPAUHINSTANCE__@@I@Z 10011600 f i FrameConfigFileOperate.obj
 0001:000106d0       ?CheckImplicitLoad@?$CStringT@DV?$StrTraitMFC@DV?$ChTraitsCRT@D@ATL@@@@@ATL@@AAE_NPBX@Z 100116d0 f i FrameConfigFileOperate.obj
 0001:00010710       ??0?$CSimpleStringT@D$0A@@ATL@@QAE@PAUIAtlStringMgr@1@@Z 10011710 f i FrameConfigFileOperate.obj
 0001:00010740       ??0?$CSimpleStringT@D$0A@@ATL@@QAE@ABV01@@Z 10011740 f i FrameConfigFileOperate.obj
 0001:00010760       ??1?$CSimpleStringT@D$0A@@ATL@@QAE@XZ 10011760 f i FrameConfigFileOperate.obj
 0001:00010760       ??1?$CStringT@DV?$StrTraitMFC@DV?$ChTraitsCRT@D@ATL@@@@@ATL@@QAE@XZ 10011760 f i FrameConfigFileOperate.obj
 0001:00010780       ??4?$CSimpleStringT@D$0A@@ATL@@QAEAAV01@ABV01@@Z 10011780 f i FrameConfigFileOperate.obj
 0001:00010800       ?PrepareWrite@?$CSimpleStringT@D$0A@@ATL@@AAEPADH@Z 10011800 f i FrameConfigFileOperate.obj
 0001:00010830       ?SetLength@?$CSimpleStringT@D$0A@@ATL@@AAEXH@Z 10011830 f i FrameConfigFileOperate.obj
 0001:00010860       ??0?$CSimpleStringT@D$0A@@ATL@@QAE@PBDHPAUIAtlStringMgr@1@@Z 10011860 f i FrameConfigFileOperate.obj
 0001:000108d0       ?SetString@?$CSimpleStringT@D$0A@@ATL@@QAEXPBD@Z 100118d0 f i FrameConfigFileOperate.obj
 0001:00010910       ?SetString@?$CSimpleStringT@D$0A@@ATL@@QAEXPBDH@Z 10011910 f i FrameConfigFileOperate.obj
 0001:000109a0       ?PrepareWrite2@?$CSimpleStringT@D$0A@@ATL@@AAEXH@Z 100119a0 f i FrameConfigFileOperate.obj
 0001:000109f0       ?CloneData@?$CSimpleStringT@D$0A@@ATL@@CAPAUCStringData@2@PAU32@@Z 100119f0 f i FrameConfigFileOperate.obj
 0001:00010a60       ?Empty@?$CSimpleStringT@D$0A@@ATL@@QAEXXZ 10011a60 f i FrameConfigFileOperate.obj
 0001:00010ac0       ?ThrowMemoryException@?$CSimpleStringT@D$0A@@ATL@@KAXXZ 10011ac0 f i FrameConfigFileOperate.obj
 0001:00010ad0       ?Fork@?$CSimpleStringT@D$0A@@ATL@@AAEXH@Z 10011ad0 f i FrameConfigFileOperate.obj
 0001:00010b50       ?Reallocate@?$CSimpleStringT@D$0A@@ATL@@AAEXH@Z 10011b50 f i FrameConfigFileOperate.obj
 0001:00010b90       ?Format@?$CStringT@DV?$StrTraitMFC@DV?$ChTraitsCRT@D@ATL@@@@@ATL@@QAAXPBDZZ 10011b90 f i FrameConfigFileOperate.obj
 0001:00010bb0       ??$AtlMultiplyThrow@I@ATL@@YAIII@Z 10011bb0 f i FrameConfigFileOperate.obj
 0001:00010bd0       ?FormatV@?$CStringT@DV?$StrTraitMFC@DV?$ChTraitsCRT@D@ATL@@@@@ATL@@QAEXPBDPAD@Z 10011bd0 f i FrameConfigFileOperate.obj
 0001:00010eb0       ?parse@Reader@Json@@QAE_NPBD0AAVValue@2@_N@Z 10011eb0 f   json_reader.obj
 0001:00011030       ?readValue@Reader@Json@@AAE_NXZ 10012030 f   json_reader.obj
 0001:00011260       ?readToken@Reader@Json@@AAE_NAAVToken@12@@Z 10012260 f   json_reader.obj
 0001:000114f0       ?readComment@Reader@Json@@AAE_NXZ 100124f0 f   json_reader.obj
 0001:00011570       ?addComment@Reader@Json@@AAEXPBD0W4CommentPlacement@2@@Z 10012570 f   json_reader.obj
 0001:00011670       ?readCStyleComment@Reader@Json@@AAE_NXZ 10012670 f   json_reader.obj
 0001:000116d0       ?readCppStyleComment@Reader@Json@@AAE_NXZ 100126d0 f   json_reader.obj
 0001:00011710       ?readNumber@Reader@Json@@AAEXXZ 10012710 f   json_reader.obj
 0001:00011750       ?readString@Reader@Json@@AAE_NXZ 10012750 f   json_reader.obj
 0001:000117a0       ?readObject@Reader@Json@@AAE_NAAVToken@12@@Z 100127a0 f   json_reader.obj
 0001:00011c40       ?readArray@Reader@Json@@AAE_NAAVToken@12@@Z 10012c40 f   json_reader.obj
 0001:00011ee0       ?decodeNumber@Reader@Json@@AAE_NAAVToken@12@@Z 10012ee0 f   json_reader.obj
 0001:00012170       ?decodeDouble@Reader@Json@@AAE_NAAVToken@12@@Z 10013170 f   json_reader.obj
 0001:000123b0       ?decodeString@Reader@Json@@AAE_NAAVToken@12@@Z 100133b0 f   json_reader.obj
 0001:00012490       ?decodeString@Reader@Json@@AAE_NAAVToken@12@AAV?$basic_string@DU?$char_traits@D@std@@V?$allocator@D@2@@std@@@Z 10013490 f   json_reader.obj
 0001:00012840       ?decodeUnicodeCodePoint@Reader@Json@@AAE_NAAVToken@12@AAPBDPBDAAI@Z 10013840 f   json_reader.obj
 0001:00012980       ?decodeUnicodeEscapeSequence@Reader@Json@@AAE_NAAVToken@12@AAPBDPBDAAI@Z 10013980 f   json_reader.obj
 0001:00012b00       ?addError@Reader@Json@@AAE_NABV?$basic_string@DU?$char_traits@D@std@@V?$allocator@D@2@@std@@AAVToken@12@PBD@Z 10013b00 f   json_reader.obj
 0001:00012c00       ?recoverFromError@Reader@Json@@AAE_NW4TokenType@12@@Z 10013c00 f   json_reader.obj
 0001:00012c80       ?back@?$deque@PAVValue@Json@@V?$allocator@PAVValue@Json@@@std@@@std@@QAEAAPAVValue@Json@@XZ 10013c80 f i json_reader.obj
 0001:00012ce0       ?push_back@?$deque@PAVValue@Json@@V?$allocator@PAVValue@Json@@@std@@@std@@QAEXABQAVValue@Json@@@Z 10013ce0 f i json_reader.obj
 0001:00012d60       ?resize@?$deque@VErrorInfo@Reader@Json@@V?$allocator@VErrorInfo@Reader@Json@@@std@@@std@@QAEXIVErrorInfo@Reader@Json@@@Z 10013d60 f i json_reader.obj
 0001:00012e80       ?_Growmap@?$deque@VErrorInfo@Reader@Json@@V?$allocator@VErrorInfo@Reader@Json@@@std@@@std@@IAEXI@Z 10013e80 f i json_reader.obj
 0001:00012fe0       ?_Growmap@?$deque@PAVValue@Json@@V?$allocator@PAVValue@Json@@@std@@@std@@IAEXI@Z 10013fe0 f i json_reader.obj
 0001:00013140       ?erase@?$deque@VErrorInfo@Reader@Json@@V?$allocator@VErrorInfo@Reader@Json@@@std@@@std@@QAE?AV?$_Deque_iterator@VErrorInfo@Reader@Json@@V?$allocator@VErrorInfo@Reader@Json@@@std@@$00@2@V32@0@Z 10014140 f i json_reader.obj
 0001:00013370       ?_Insert_n@?$deque@VErrorInfo@Reader@Json@@V?$allocator@VErrorInfo@Reader@Json@@@std@@@std@@IAEXV?$_Deque_iterator@VErrorInfo@Reader@Json@@V?$allocator@VErrorInfo@Reader@Json@@@std@@$00@2@IABVErrorInfo@Reader@Json@@@Z 10014370 f i json_reader.obj
 0001:00013c20       ?_Xlen@?$deque@VErrorInfo@Reader@Json@@V?$allocator@VErrorInfo@Reader@Json@@@std@@@std@@KAXXZ 10014c20 f i json_reader.obj
 0001:00013c20       ?_Xlen@?$deque@PAVValue@Json@@V?$allocator@PAVValue@Json@@@std@@@std@@KAXXZ 10014c20 f i json_reader.obj
 0001:00013ca0       ?allocate@?$allocator@PAVErrorInfo@Reader@Json@@@std@@QAEPAPAVErrorInfo@Reader@Json@@I@Z 10014ca0 f i json_reader.obj
 0001:00013ca0       ?allocate@?$allocator@PAPAVValue@Json@@@std@@QAEPAPAPAVValue@Json@@I@Z 10014ca0 f i json_reader.obj
 0001:00013d00       ?pop_front@?$deque@VErrorInfo@Reader@Json@@V?$allocator@VErrorInfo@Reader@Json@@@std@@@std@@QAEXXZ 10014d00 f i json_reader.obj
 0001:00013d50       ??$_Construct@VErrorInfo@Reader@Json@@V123@@std@@YAXPAVErrorInfo@Reader@Json@@ABV123@@Z 10014d50 f i json_reader.obj
 0001:00013dd0       ??$copy_backward@V?$_Deque_iterator@VErrorInfo@Reader@Json@@V?$allocator@VErrorInfo@Reader@Json@@@std@@$00@std@@V12@@std@@YA?AV?$_Deque_iterator@VErrorInfo@Reader@Json@@V?$allocator@VErrorInfo@Reader@Json@@@std@@$00@0@V10@00@Z 10014dd0 f i json_reader.obj
 0001:00013e40       ??$copy@V?$_Deque_iterator@VErrorInfo@Reader@Json@@V?$allocator@VErrorInfo@Reader@Json@@@std@@$00@std@@V12@@std@@YA?AV?$_Deque_iterator@VErrorInfo@Reader@Json@@V?$allocator@VErrorInfo@Reader@Json@@@std@@$00@0@V10@00@Z 10014e40 f i json_reader.obj
 0001:00013eb0       ??$_Copy_backward_opt@V?$_Deque_iterator@VErrorInfo@Reader@Json@@V?$allocator@VErrorInfo@Reader@Json@@@std@@$0A@@std@@V?$_Deque_iterator@VErrorInfo@Reader@Json@@V?$allocator@VErrorInfo@Reader@Json@@@std@@$00@2@@std@@YA?AV?$_Deque_iterator@VErrorInfo@Reader@Json@@V?$allocator@VErrorInfo@Reader@Json@@@std@@$00@0@V?$_Deque_iterator@VErrorInfo@Reader@Json@@V?$allocator@VErrorInfo@Reader@Json@@@std@@$0A@@0@0V10@Urandom_access_iterator_tag@0@U_Nonscalar_ptr_iterator_tag@0@U_Range_checked_iterator_tag@0@@Z 10014eb0 f i json_reader.obj
 0001:00013f70       ??$_Copy_opt@V?$_Deque_iterator@VErrorInfo@Reader@Json@@V?$allocator@VErrorInfo@Reader@Json@@@std@@$0A@@std@@V?$_Deque_iterator@VErrorInfo@Reader@Json@@V?$allocator@VErrorInfo@Reader@Json@@@std@@$00@2@@std@@YA?AV?$_Deque_iterator@VErrorInfo@Reader@Json@@V?$allocator@VErrorInfo@Reader@Json@@@std@@$00@0@V?$_Deque_iterator@VErrorInfo@Reader@Json@@V?$allocator@VErrorInfo@Reader@Json@@@std@@$0A@@0@0V10@Urandom_access_iterator_tag@0@U_Nonscalar_ptr_iterator_tag@0@U_Range_checked_iterator_tag@0@@Z 10014f70 f i json_reader.obj
 0001:00014030       ??$_Fill@V?$_Deque_iterator@VErrorInfo@Reader@Json@@V?$allocator@VErrorInfo@Reader@Json@@@std@@$0A@@std@@VErrorInfo@Reader@Json@@@std@@YAXV?$_Deque_iterator@VErrorInfo@Reader@Json@@V?$allocator@VErrorInfo@Reader@Json@@@std@@$0A@@0@0ABVErrorInfo@Reader@Json@@@Z 10015030 f i json_reader.obj
 0001:000140a0       ??$_Copy_backward_opt@V?$_Deque_iterator@VErrorInfo@Reader@Json@@V?$allocator@VErrorInfo@Reader@Json@@@std@@$0A@@std@@V12@Uforward_iterator_tag@2@@std@@YA?AV?$_Deque_iterator@VErrorInfo@Reader@Json@@V?$allocator@VErrorInfo@Reader@Json@@@std@@$0A@@0@V10@00Uforward_iterator_tag@0@U_Nonscalar_ptr_iterator_tag@0@U_Range_checked_iterator_tag@0@@Z 100150a0 f i json_reader.obj
 0001:00014170       ??$_Copy_opt@V?$_Deque_iterator@VErrorInfo@Reader@Json@@V?$allocator@VErrorInfo@Reader@Json@@@std@@$0A@@std@@V12@Uforward_iterator_tag@2@@std@@YA?AV?$_Deque_iterator@VErrorInfo@Reader@Json@@V?$allocator@VErrorInfo@Reader@Json@@@std@@$0A@@0@V10@00Uforward_iterator_tag@0@U_Nonscalar_ptr_iterator_tag@0@U_Range_checked_iterator_tag@0@@Z 10015170 f i json_reader.obj
 0001:00014240       ?makeMemberName@DefaultValueAllocator@Json@@UAEPADPBD@Z 10015240 f i json_value.obj
 0001:00014260       ?releaseMemberName@DefaultValueAllocator@Json@@UAEXPAD@Z 10015260 f i json_value.obj
 0001:00014270       ?duplicateStringValue@DefaultValueAllocator@Json@@UAEPADPBDI@Z 10015270 f i json_value.obj
 0001:000142c0       ?releaseStringValue@DefaultValueAllocator@Json@@UAEXPAD@Z 100152c0 f i json_value.obj
 0001:000142e0       ??_GValueAllocator@Json@@UAEPAXI@Z 100152e0 f i json_value.obj
 0001:000142e0       ??_EValueAllocator@Json@@UAEPAXI@Z 100152e0 f i  CIL library: CIL module
 0001:000142e0       ??_EDefaultValueAllocator@Json@@UAEPAXI@Z 100152e0 f i  CIL library: CIL module
 0001:000142e0       ??_GDefaultValueAllocator@Json@@UAEPAXI@Z 100152e0 f i json_value.obj
 0001:00014330       ??0CommentInfo@Value@Json@@QAE@XZ 10015330 f   json_value.obj
 0001:00014340       ??1CommentInfo@Value@Json@@QAE@XZ 10015340 f   json_value.obj
 0001:00014390       ?setComment@CommentInfo@Value@Json@@QAEXPBD@Z 10015390 f   json_value.obj
 0001:000144a0       ??0CZString@Value@Json@@QAE@ABV012@@Z 100154a0 f   json_value.obj
 0001:00014510       ??1CZString@Value@Json@@QAE@XZ 10015510 f   json_value.obj
 0001:00014560       ??0Value@Json@@QAE@ABV?$basic_string@DU?$char_traits@D@std@@V?$allocator@D@2@@std@@@Z 10015560 f   json_value.obj
 0001:000145d0       ??0Value@Json@@QAE@ABV01@@Z 100155d0 f   json_value.obj
 0001:00014720       ??1Value@Json@@QAE@XZ      10015720 f   json_value.obj
 0001:000147c0       ??4Value@Json@@QAEAAV01@ABV01@@Z 100157c0 f   json_value.obj
 0001:00014840       ?asString@Value@Json@@QBE?AV?$basic_string@DU?$char_traits@D@std@@V?$allocator@D@2@@std@@XZ 10015840 f   json_value.obj
 0001:00014970       ?asInt@Value@Json@@QBEHXZ  10015970 f   json_value.obj
 0001:00014b20       ?asUInt@Value@Json@@QBEIXZ 10015b20 f   json_value.obj
 0001:00014ce0       ?asDouble@Value@Json@@QBENXZ 10015ce0 f   json_value.obj
 0001:00014df0       ?asBool@Value@Json@@QBE_NXZ 10015df0 f   json_value.obj
 0001:00014e60       ?size@Value@Json@@QBEIXZ   10015e60 f   json_value.obj
 0001:00014ee0       ??AValue@Json@@QAEAAV01@I@Z 10015ee0 f   json_value.obj
 0001:000150c0       ??1?$pair@$$CBVCZString@Value@Json@@V23@@std@@QAE@XZ 100160c0 f i json_value.obj
 0001:00015160       ??AValue@Json@@QBEABV01@I@Z 10016160 f   json_value.obj
 0001:00015230       ?resolveReference@Value@Json@@AAEAAV12@PBD_N@Z 10016230 f   json_value.obj
 0001:00015410       ??AValue@Json@@QBEABV01@PBD@Z 10016410 f   json_value.obj
 0001:000154e0       ?getMemberNames@Value@Json@@QBE?AV?$vector@V?$basic_string@DU?$char_traits@D@std@@V?$allocator@D@2@@std@@V?$allocator@V?$basic_string@DU?$char_traits@D@std@@V?$allocator@D@2@@std@@@2@@std@@XZ 100164e0 f   json_value.obj
 0001:00015650       ?setComment@Value@Json@@QAEXPBDW4CommentPlacement@2@@Z 10016650 f   json_value.obj
 0001:000156e0       ??0?$_Tree@V?$_Tmap_traits@VCZString@Value@Json@@V23@U?$less@VCZString@Value@Json@@@std@@V?$allocator@U?$pair@$$CBVCZString@Value@Json@@V23@@std@@@5@$0A@@std@@@std@@QAE@ABV01@@Z 100166e0 f i json_value.obj
 0001:00015770       ?insert@?$_Tree@V?$_Tmap_traits@VCZString@Value@Json@@V23@U?$less@VCZString@Value@Json@@@std@@V?$allocator@U?$pair@$$CBVCZString@Value@Json@@V23@@std@@@5@$0A@@std@@@std@@QAE?AViterator@12@V312@ABU?$pair@$$CBVCZString@Value@Json@@V23@@2@@Z 10016770 f i json_value.obj
 0001:00015980       ?erase@?$_Tree@V?$_Tmap_traits@VCZString@Value@Json@@V23@U?$less@VCZString@Value@Json@@@std@@V?$allocator@U?$pair@$$CBVCZString@Value@Json@@V23@@std@@@5@$0A@@std@@@std@@QAE?AViterator@12@V312@@Z 10016980 f i json_value.obj
 0001:00015c80       ?find@?$_Tree@V?$_Tmap_traits@VCZString@Value@Json@@V23@U?$less@VCZString@Value@Json@@@std@@V?$allocator@U?$pair@$$CBVCZString@Value@Json@@V23@@std@@@5@$0A@@std@@@std@@QAE?AViterator@12@ABVCZString@Value@Json@@@Z 10016c80 f i json_value.obj
 0001:00015d20       ??Dconst_iterator@?$_Tree@V?$_Tmap_traits@VCZString@Value@Json@@V23@U?$less@VCZString@Value@Json@@@std@@V?$allocator@U?$pair@$$CBVCZString@Value@Json@@V23@@std@@@5@$0A@@std@@@std@@QBEABU?$pair@$$CBVCZString@Value@Json@@V23@@2@XZ 10016d20 f i json_value.obj
 0001:00015d40       ??8const_iterator@?$_Tree@V?$_Tmap_traits@VCZString@Value@Json@@V23@U?$less@VCZString@Value@Json@@@std@@V?$allocator@U?$pair@$$CBVCZString@Value@Json@@V23@@std@@@5@$0A@@std@@@std@@QBE_NABV012@@Z 10016d40 f i json_value.obj
 0001:00015d60       ??0?$vector@V?$basic_string@DU?$char_traits@D@std@@V?$allocator@D@2@@std@@V?$allocator@V?$basic_string@DU?$char_traits@D@std@@V?$allocator@D@2@@std@@@2@@std@@QAE@ABV01@@Z 10016d60 f i json_value.obj
 0001:00015e70       ?reserve@?$vector@V?$basic_string@DU?$char_traits@D@std@@V?$allocator@D@2@@std@@V?$allocator@V?$basic_string@DU?$char_traits@D@std@@V?$allocator@D@2@@std@@@2@@std@@QAEXI@Z 10016e70 f i json_value.obj
 0001:00015fc0       ?push_back@?$vector@V?$basic_string@DU?$char_traits@D@std@@V?$allocator@D@2@@std@@V?$allocator@V?$basic_string@DU?$char_traits@D@std@@V?$allocator@D@2@@std@@@2@@std@@QAEXABV?$basic_string@DU?$char_traits@D@std@@V?$allocator@D@2@@2@@Z 10016fc0 f i json_value.obj
 0001:00016070       ??0?$pair@$$CBVCZString@Value@Json@@V23@@std@@QAE@ABVCZString@Value@Json@@ABV34@@Z 10017070 f i json_value.obj
 0001:000160d0       ?insert@?$_Tree@V?$_Tmap_traits@VCZString@Value@Json@@V23@U?$less@VCZString@Value@Json@@@std@@V?$allocator@U?$pair@$$CBVCZString@Value@Json@@V23@@std@@@5@$0A@@std@@@std@@QAE?AU?$pair@Viterator@?$_Tree@V?$_Tmap_traits@VCZString@Value@Json@@V23@U?$less@VCZString@Value@Json@@@std@@V?$allocator@U?$pair@$$CBVCZString@Value@Json@@V23@@std@@@5@$0A@@std@@@std@@_N@2@ABU?$pair@$$CBVCZString@Value@Json@@V23@@2@@Z 100170d0 f i json_value.obj
 0001:00016250       ?erase@?$_Tree@V?$_Tmap_traits@VCZString@Value@Json@@V23@U?$less@VCZString@Value@Json@@@std@@V?$allocator@U?$pair@$$CBVCZString@Value@Json@@V23@@std@@@5@$0A@@std@@@std@@QAE?AViterator@12@V312@0@Z 10017250 f i json_value.obj
 0001:00016320       ?_Copy@?$_Tree@V?$_Tmap_traits@VCZString@Value@Json@@V23@U?$less@VCZString@Value@Json@@@std@@V?$allocator@U?$pair@$$CBVCZString@Value@Json@@V23@@std@@@5@$0A@@std@@@std@@IAEXABV12@@Z 10017320 f i json_value.obj
 0001:00016390       ?_Erase@?$_Tree@V?$_Tmap_traits@VCZString@Value@Json@@V23@U?$less@VCZString@Value@Json@@@std@@V?$allocator@U?$pair@$$CBVCZString@Value@Json@@V23@@std@@@5@$0A@@std@@@std@@IAEXPAU_Node@?$_Tree_nod@V?$_Tmap_traits@VCZString@Value@Json@@V23@U?$less@VCZString@Value@Json@@@std@@V?$allocator@U?$pair@$$CBVCZString@Value@Json@@V23@@std@@@5@$0A@@std@@@2@@Z 10017390 f i json_value.obj
 0001:00016420       ?_Insert@?$_Tree@V?$_Tmap_traits@VCZString@Value@Json@@V23@U?$less@VCZString@Value@Json@@@std@@V?$allocator@U?$pair@$$CBVCZString@Value@Json@@V23@@std@@@5@$0A@@std@@@std@@IAE?AViterator@12@_NPAU_Node@?$_Tree_nod@V?$_Tmap_traits@VCZString@Value@Json@@V23@U?$less@VCZString@Value@Json@@@std@@V?$allocator@U?$pair@$$CBVCZString@Value@Json@@V23@@std@@@5@$0A@@std@@@2@ABU?$pair@$$CBVCZString@Value@Json@@V23@@2@@Z 10017420 f i json_value.obj
 0001:00016660       ?_Lbound@?$_Tree@V?$_Tmap_traits@VCZString@Value@Json@@V23@U?$less@VCZString@Value@Json@@@std@@V?$allocator@U?$pair@$$CBVCZString@Value@Json@@V23@@std@@@5@$0A@@std@@@std@@IBEPAU_Node@?$_Tree_nod@V?$_Tmap_traits@VCZString@Value@Json@@V23@U?$less@VCZString@Value@Json@@@std@@V?$allocator@U?$pair@$$CBVCZString@Value@Json@@V23@@std@@@5@$0A@@std@@@2@ABVCZString@Value@Json@@@Z 10017660 f i json_value.obj
 0001:000166d0       ?_Lrotate@?$_Tree@V?$_Tset_traits@V?$basic_string@DU?$char_traits@D@std@@V?$allocator@D@2@@std@@U?$less@V?$basic_string@DU?$char_traits@D@std@@V?$allocator@D@2@@std@@@2@V?$allocator@V?$basic_string@DU?$char_traits@D@std@@V?$allocator@D@2@@std@@@2@$0A@@std@@@std@@IAEXPAU_Node@?$_Tree_nod@V?$_Tset_traits@V?$basic_string@DU?$char_traits@D@std@@V?$allocator@D@2@@std@@U?$less@V?$basic_string@DU?$char_traits@D@std@@V?$allocator@D@2@@std@@@2@V?$allocator@V?$basic_string@DU?$char_traits@D@std@@V?$allocator@D@2@@std@@@2@$0A@@std@@@2@@Z 100176d0 f i CommonFrameMain.obj
 0001:000166d0       ?_Lrotate@?$_Tree@V?$_Tmap_traits@VCZString@Value@Json@@V23@U?$less@VCZString@Value@Json@@@std@@V?$allocator@U?$pair@$$CBVCZString@Value@Json@@V23@@std@@@5@$0A@@std@@@std@@IAEXPAU_Node@?$_Tree_nod@V?$_Tmap_traits@VCZString@Value@Json@@V23@U?$less@VCZString@Value@Json@@@std@@V?$allocator@U?$pair@$$CBVCZString@Value@Json@@V23@@std@@@5@$0A@@std@@@2@@Z 100176d0 f i json_value.obj
[...]
 0001:000409e0       __ehhandler$?IF_EventGetComponentStatus@@YG_NAAI@Z 100419e0 f    CIL library: CIL module
 0001:000409e0       __ehhandler$?IF_StartGetAccountInfo@@YG_NABH@Z 100419e0 f    CIL library: CIL module
 0001:000409e0       __ehhandler$?IF_GetComponentStatus@@YG_NAAI@Z 100419e0 f    CIL library: CIL module
 0001:00040a10       __unwindfunclet$?IF_GetLastErrorDesc@@YGPBDXZ$0 10041a10 f    CIL library: CIL module
 0001:00040a10       __unwindfunclet$?IF_EventGetLastErrorDesc@@YGPBDXZ$0 10041a10 f    CIL library: CIL module
 0001:00040a18       __unwindfunclet$?IF_EventGetLastErrorDesc@@YGPBDXZ$2 10041a18 f    CIL library: CIL module
 0001:00040a18       __unwindfunclet$?IF_GetLastErrorDesc@@YGPBDXZ$2 10041a18 f    CIL library: CIL module
 0001:00040a20       __ehhandler$?IF_GetLastErrorDesc@@YGPBDXZ 10041a20 f    CIL library: CIL module
 0001:00040a20       __ehhandler$?IF_EventGetLastErrorDesc@@YGPBDXZ 10041a20 f    CIL library: CIL module
 0001:00040a50       __unwindfunclet$?IF_EventInitEnvironment3@@YG_NABIABQAUHWND__@@0PBD222ABHPAXP6AXHH4@Z@Z$0 10041a50 f    CIL library: CIL module
 0001:00040a58       __unwindfunclet$?IF_EventInitEnvironment3@@YG_NABIABQAUHWND__@@0PBD222ABHPAXP6AXHH4@Z@Z$1 10041a58 f    CIL library: CIL module
 0001:00040a60       __ehhandler$?IF_EventInitEnvironment3@@YG_NABIABQAUHWND__@@0PBD222ABHPAXP6AXHH4@Z@Z 10041a60 f    CIL library: CIL module
 0001:00040a90       __unwindfunclet$?IF_GetAuditResult@@YG_NPADAAH@Z$0 10041a90 f    CIL library: CIL module
 0001:00040a90       __unwindfunclet$?IF_AuditPayIdenfitier@@YG_NPBDAAH@Z$0 10041a90 f    CIL library: CIL module
 0001:00040a90       __unwindfunclet$?IF_TMP_SetUnipayEncrypt@@YG_NHPBDPAD@Z$0 10041a90 f    CIL library: CIL module
 0001:00040a90       __unwindfunclet$?IF_GetServerTime@@YG_NAAIABH@Z$0 10041a90 f    CIL library: CIL module
 0001:00040a98       __unwindfunclet$?IF_TMP_SetUnipayEncrypt@@YG_NHPBDPAD@Z$1 10041a98 f    CIL library: CIL module
 0001:00040a98       __unwindfunclet$?IF_AuditPayIdenfitier@@YG_NPBDAAH@Z$1 10041a98 f    CIL library: CIL module
 0001:00040a98       __unwindfunclet$?IF_GetServerTime@@YG_NAAIABH@Z$1 10041a98 f    CIL library: CIL module
 0001:00040a98       __unwindfunclet$?IF_GetAuditResult@@YG_NPADAAH@Z$1 10041a98 f    CIL library: CIL module
 0001:00040aa0       __ehhandler$?IF_AuditPayIdenfitier@@YG_NPBDAAH@Z 10041aa0 f    CIL library: CIL module
 0001:00040aa0       __ehhandler$?IF_GetAuditResult@@YG_NPADAAH@Z 10041aa0 f    CIL library: CIL module
 0001:00040aa0       __ehhandler$?IF_GetServerTime@@YG_NAAIABH@Z 10041aa0 f    CIL library: CIL module
 0001:00040aa0       __ehhandler$?IF_TMP_SetUnipayEncrypt@@YG_NHPBDPAD@Z 10041aa0 f    CIL library: CIL module
 0001:00040ad0       __unwindfunclet$?IF_DebitMoneyEtcUp@@YGHPBDABH1PADAAHH@Z$0 10041ad0 f    CIL library: CIL module
 0001:00040ad0       __unwindfunclet$?IF_ITCEntryTrade@@YGHPBDABH1PADAAHH@Z$0 10041ad0 f    CIL library: CIL module
 0001:00040ad0       __unwindfunclet$?IF_GetParam@@YG_NPBDABH1PADAAH@Z$0 10041ad0 f    CIL library: CIL module
 0001:00040ad0       __unwindfunclet$?IF_ITCExitTrade@@YGHPBDABH1PADAAHH@Z$0 10041ad0 f    CIL library: CIL module
 0001:00040ad0       __unwindfunclet$?IF_QueryAgentDebit@@YG_NPBDABH1AAH@Z$0 10041ad0 f    CIL library: CIL module
 0001:00040ad0       __unwindfunclet$?IF_ITCExitQuery@@YGHPBDABH1PADAAHH_N@Z$0 10041ad0 f    CIL library: CIL module
 0001:00040ad0       __unwindfunclet$?IF_QueryAgentDebitResultEtcUp@@YGHPBDABH1PADAAHH@Z$0 10041ad0 f    CIL library: CIL module
 0001:00040ad0       __unwindfunclet$?IF_QueryVirtualCardDebit@@YG_NPBDABH1AAHPAD@Z$0 10041ad0 f    CIL library: CIL module
 0001:00040ad0       __unwindfunclet$?IF_ITCEntryQuery@@YGHPBDABH1PADAAHH_N@Z$0 10041ad0 f    CIL library: CIL module
 0001:00040ad0       __unwindfunclet$?IF_QueryAgentDebitEtcUp@@YGHPBDABH1AAH1@Z$0 10041ad0 f    CIL library: CIL module
 0001:00040ad0       __unwindfunclet$?IF_ITCQueryPath@@YGHPBDABH1PADAAHH@Z$0 10041ad0 f    CIL library: CIL module
 0001:00040ad8       __unwindfunclet$?IF_QueryAgentDebit@@YG_NPBDABH1AAH@Z$1 10041ad8 f    CIL library: CIL module
 0001:00040ad8       __unwindfunclet$?IF_QueryAgentDebitEtcUp@@YGHPBDABH1AAH1@Z$1 10041ad8 f    CIL library: CIL module
 0001:00040ad8       __unwindfunclet$?IF_ITCEntryQuery@@YGHPBDABH1PADAAHH_N@Z$1 10041ad8 f    CIL library: CIL module
 0001:00040ad8       __unwindfunclet$?IF_QueryAgentDebitResultEtcUp@@YGHPBDABH1PADAAHH@Z$1 10041ad8 f    CIL library: CIL module
 0001:00040ad8       __unwindfunclet$?IF_QueryVirtualCardDebit@@YG_NPBDABH1AAHPAD@Z$1 10041ad8 f    CIL library: CIL module
 0001:00040ad8       __unwindfunclet$?IF_ITCQueryPath@@YGHPBDABH1PADAAHH@Z$1 10041ad8 f    CIL library: CIL module
 0001:00040ad8       __unwindfunclet$?IF_GetParam@@YG_NPBDABH1PADAAH@Z$1 10041ad8 f    CIL library: CIL module
 0001:00040ad8       __unwindfunclet$?IF_ITCExitQuery@@YGHPBDABH1PADAAHH_N@Z$1 10041ad8 f    CIL library: CIL module
 0001:00040ad8       __unwindfunclet$?IF_ITCExitTrade@@YGHPBDABH1PADAAHH@Z$1 10041ad8 f    CIL library: CIL module
 0001:00040ad8       __unwindfunclet$?IF_DebitMoneyEtcUp@@YGHPBDABH1PADAAHH@Z$1 10041ad8 f    CIL library: CIL module
 0001:00040ad8       __unwindfunclet$?IF_ITCEntryTrade@@YGHPBDABH1PADAAHH@Z$1 10041ad8 f    CIL library: CIL module
 0001:00040ae0       __ehhandler$?IF_QueryAgentDebitEtcUp@@YGHPBDABH1AAH1@Z 10041ae0 f    CIL library: CIL module
 0001:00040ae0       __ehhandler$?IF_ITCExitTrade@@YGHPBDABH1PADAAHH@Z 10041ae0 f    CIL library: CIL module
 0001:00040ae0       __ehhandler$?IF_QueryAgentDebitResultEtcUp@@YGHPBDABH1PADAAHH@Z 10041ae0 f    CIL library: CIL module
 0001:00040ae0       __ehhandler$?IF_QueryAgentDebit@@YG_NPBDABH1AAH@Z 10041ae0 f    CIL library: CIL module
 0001:00040ae0       __ehhandler$?IF_DebitMoneyEtcUp@@YGHPBDABH1PADAAHH@Z 10041ae0 f    CIL library: CIL module
 0001:00040ae0       __ehhandler$?IF_ITCEntryQuery@@YGHPBDABH1PADAAHH_N@Z 10041ae0 f    CIL library: CIL module
 0001:00040ae0       __ehhandler$?IF_ITCExitQuery@@YGHPBDABH1PADAAHH_N@Z 10041ae0 f    CIL library: CIL module
 0001:00040ae0       __ehhandler$?IF_QueryVirtualCardDebit@@YG_NPBDABH1AAHPAD@Z 10041ae0 f    CIL library: CIL module
 0001:00040ae0       __ehhandler$?IF_ITCEntryTrade@@YGHPBDABH1PADAAHH@Z 10041ae0 f    CIL library: CIL module
 0001:00040ae0       __ehhandler$?IF_ITCQueryPath@@YGHPBDABH1PADAAHH@Z 10041ae0 f    CIL library: CIL module
 0001:00040ae0       __ehhandler$?IF_GetParam@@YG_NPBDABH1PADAAH@Z 10041ae0 f    CIL library: CIL module
 0001:00040b10       __unwindfunclet$?IF_GetCancelResult@@YG_NPADAAHABH@Z$0 10041b10 f    CIL library: CIL module
 0001:00040b10       __unwindfunclet$?IF_WriteCardInfo@@YG_NPADAAHABH@Z$0 10041b10 f    CIL library: CIL module
 0001:00040b10       __unwindfunclet$?IF_TranslateData@@YG_NPBDABH1@Z$0 10041b10 f    CIL library: CIL module
 0001:00040b10       __unwindfunclet$?IF_EventDealStart@@YG_NPBDABH1@Z$0 10041b10 f    CIL library: CIL module
 0001:00040b10       __unwindfunclet$?IF_ReadCardInfo@@YG_NPADAAHABH@Z$0 10041b10 f    CIL library: CIL module
 0001:00040b10       __unwindfunclet$?IF_EventCheckVehQueue@@YG_NPBDABH1@Z$0 10041b10 f    CIL library: CIL module
 0001:00040b10       __unwindfunclet$?IF_TransferImage@@YG_NPBDABH1@Z$0 10041b10 f    CIL library: CIL module
 0001:00040b10       __unwindfunclet$?IF_EventCheckVehInfo@@YG_NPBDABH1@Z$0 10041b10 f    CIL library: CIL module
 0001:00040b10       __unwindfunclet$?IF_EventCheckEntryInfo@@YG_NPBDABH1@Z$0 10041b10 f    CIL library: CIL module
 0001:00040b10       __unwindfunclet$?IF_EventShowFeeInfo@@YG_NPBDABH1@Z$0 10041b10 f    CIL library: CIL module
 0001:00040b10       __unwindfunclet$?IF_SetVehicleStatus@@YG_NPBDABH1@Z$0 10041b10 f    CIL library: CIL module
 0001:00040b10       __unwindfunclet$?IF_EventPayResultDisplay@@YG_NPBDABH1@Z$0 10041b10 f    CIL library: CIL module
 0001:00040b10       __unwindfunclet$?IF_EventDealStop@@YG_NPBDABH1@Z$0 10041b10 f    CIL library: CIL module
 0001:00040b10       __unwindfunclet$?IF_CompletionTicketNo@@YG_NPBDABH1@Z$0 10041b10 f    CIL library: CIL module
 0001:00040b10       __unwindfunclet$?IF_EventCardOperationNotify@@YG_NPBDABH1@Z$0 10041b10 f    CIL library: CIL module
 0001:00040b10       __unwindfunclet$?IF_EventModifyVehQueue@@YG_NPBDABH1@Z$0 10041b10 f    CIL library: CIL module
 0001:00040b10       __unwindfunclet$?IF_EventFeeAuthorize@@YG_NPBDABH1@Z$0 10041b10 f    CIL library: CIL module
 0001:00040b10       __unwindfunclet$?IF_SetMMI@@YG_NPBDABH1@Z$0 10041b10 f    CIL library: CIL module
 0001:00040b10       __unwindfunclet$?IF_GetDebitResult@@YG_NPADAAHABH@Z$0 10041b10 f    CIL library: CIL module
 0001:00040b10       __unwindfunclet$?IF_DebitCancel2@@YG_NPBDABH1@Z$0 10041b10 f    CIL library: CIL module
 0001:00040b10       __unwindfunclet$?IF_DebitCancel@@YG_NPBDABH1@Z$0 10041b10 f    CIL library: CIL module
 0001:00040b10       __unwindfunclet$?IF_DebitMoney@@YG_NPBDABH1@Z$0 10041b10 f    CIL library: CIL module
 0001:00040b10       __unwindfunclet$?IF_GetAccountInfo@@YG_NPADAAHABH@Z$0 10041b10 f    CIL library: CIL module
 0001:00040b10       __unwindfunclet$?IF_PrinterTicket@@YG_NPBDAAHABH@Z$0 10041b10 f    CIL library: CIL module
 0001:00040b18       __unwindfunclet$?IF_EventPayResultDisplay@@YG_NPBDABH1@Z$1 10041b18 f    CIL library: CIL module
 0001:00040b18       __unwindfunclet$?IF_DebitCancel@@YG_NPBDABH1@Z$1 10041b18 f    CIL library: CIL module
 0001:00040b18       __unwindfunclet$?IF_SetVehicleStatus@@YG_NPBDABH1@Z$1 10041b18 f    CIL library: CIL module
 0001:00040b18       __unwindfunclet$?IF_DebitCancel2@@YG_NPBDABH1@Z$1 10041b18 f    CIL library: CIL module
 0001:00040b18       __unwindfunclet$?IF_EventCheckEntryInfo@@YG_NPBDABH1@Z$1 10041b18 f    CIL library: CIL module
 0001:00040b18       __unwindfunclet$?IF_GetDebitResult@@YG_NPADAAHABH@Z$1 10041b18 f    CIL library: CIL module
 0001:00040b18       __unwindfunclet$?IF_EventCheckVehInfo@@YG_NPBDABH1@Z$1 10041b18 f    CIL library: CIL module
 0001:00040b18       __unwindfunclet$?IF_SetMMI@@YG_NPBDABH1@Z$1 10041b18 f    CIL library: CIL module
 0001:00040b18       __unwindfunclet$?IF_EventFeeAuthorize@@YG_NPBDABH1@Z$1 10041b18 f    CIL library: CIL module
 0001:00040b18       __unwindfunclet$?IF_DebitMoney@@YG_NPBDABH1@Z$1 10041b18 f    CIL library: CIL module
 0001:00040b18       __unwindfunclet$?IF_PrinterTicket@@YG_NPBDAAHABH@Z$1 10041b18 f    CIL library: CIL module
 0001:00040b18       __unwindfunclet$?IF_EventModifyVehQueue@@YG_NPBDABH1@Z$1 10041b18 f    CIL library: CIL module
 0001:00040b18       __unwindfunclet$?IF_EventCheckVehQueue@@YG_NPBDABH1@Z$1 10041b18 f    CIL library: CIL module
 0001:00040b18       __unwindfunclet$?IF_EventCardOperationNotify@@YG_NPBDABH1@Z$1 10041b18 f    CIL library: CIL module
 0001:00040b18       __unwindfunclet$?IF_EventDealStart@@YG_NPBDABH1@Z$1 10041b18 f    CIL library: CIL module
 0001:00040b18       __unwindfunclet$?IF_ReadCardInfo@@YG_NPADAAHABH@Z$1 10041b18 f    CIL library: CIL module
 0001:00040b18       __unwindfunclet$?IF_GetAccountInfo@@YG_NPADAAHABH@Z$1 10041b18 f    CIL library: CIL module
 0001:00040b18       __unwindfunclet$?IF_TransferImage@@YG_NPBDABH1@Z$1 10041b18 f    CIL library: CIL module
 0001:00040b18       __unwindfunclet$?IF_TranslateData@@YG_NPBDABH1@Z$1 10041b18 f    CIL library: CIL module
 0001:00040b18       __unwindfunclet$?IF_CompletionTicketNo@@YG_NPBDABH1@Z$1 10041b18 f    CIL library: CIL module
 0001:00040b18       __unwindfunclet$?IF_GetCancelResult@@YG_NPADAAHABH@Z$1 10041b18 f    CIL library: CIL module
 0001:00040b18       __unwindfunclet$?IF_WriteCardInfo@@YG_NPADAAHABH@Z$1 10041b18 f    CIL library: CIL module
 0001:00040b18       __unwindfunclet$?IF_EventDealStop@@YG_NPBDABH1@Z$1 10041b18 f    CIL library: CIL module
 0001:00040b18       __unwindfunclet$?IF_EventShowFeeInfo@@YG_NPBDABH1@Z$1 10041b18 f    CIL library: CIL module
 0001:00040b20       __ehhandler$?IF_GetAccountInfo@@YG_NPADAAHABH@Z 10041b20 f    CIL library: CIL module
 0001:00040b20       __ehhandler$?IF_CompletionTicketNo@@YG_NPBDABH1@Z 10041b20 f    CIL library: CIL module
 0001:00040b20       __ehhandler$?IF_GetCancelResult@@YG_NPADAAHABH@Z 10041b20 f    CIL library: CIL module
 0001:00040b20       __ehhandler$?IF_TranslateData@@YG_NPBDABH1@Z 10041b20 f    CIL library: CIL module
 0001:00040b20       __ehhandler$?IF_WriteCardInfo@@YG_NPADAAHABH@Z 10041b20 f    CIL library: CIL module
 0001:00040b20       __ehhandler$?IF_EventDealStart@@YG_NPBDABH1@Z 10041b20 f    CIL library: CIL module
 0001:00040b20       __ehhandler$?IF_EventCardOperationNotify@@YG_NPBDABH1@Z 10041b20 f    CIL library: CIL module
 0001:00040b20       __ehhandler$?IF_DebitMoney@@YG_NPBDABH1@Z 10041b20 f    CIL library: CIL module
 0001:00040b20       __ehhandler$?IF_EventCheckVehQueue@@YG_NPBDABH1@Z 10041b20 f    CIL library: CIL module
 0001:00040b20       __ehhandler$?IF_ReadCardInfo@@YG_NPADAAHABH@Z 10041b20 f    CIL library: CIL module
 0001:00040b20       __ehhandler$?IF_EventModifyVehQueue@@YG_NPBDABH1@Z 10041b20 f    CIL library: CIL module
 0001:00040b20       __ehhandler$?IF_EventCheckVehInfo@@YG_NPBDABH1@Z 10041b20 f    CIL library: CIL module
 0001:00040b20       __ehhandler$?IF_EventFeeAuthorize@@YG_NPBDABH1@Z 10041b20 f    CIL library: CIL module
 0001:00040b20       __ehhandler$?IF_SetMMI@@YG_NPBDABH1@Z 10041b20 f    CIL library: CIL module
 0001:00040b20       __ehhandler$?IF_EventCheckEntryInfo@@YG_NPBDABH1@Z 10041b20 f    CIL library: CIL module
 0001:00040b20       __ehhandler$?IF_PrinterTicket@@YG_NPBDAAHABH@Z 10041b20 f    CIL library: CIL module
 0001:00040b20       __ehhandler$?IF_GetDebitResult@@YG_NPADAAHABH@Z 10041b20 f    CIL library: CIL module
 0001:00040b20       __ehhandler$?IF_EventShowFeeInfo@@YG_NPBDABH1@Z 10041b20 f    CIL library: CIL module
 0001:00040b20       __ehhandler$?IF_DebitCancel2@@YG_NPBDABH1@Z 10041b20 f    CIL library: CIL module
 0001:00040b20       __ehhandler$?IF_TransferImage@@YG_NPBDABH1@Z 10041b20 f    CIL library: CIL module
 0001:00040b20       __ehhandler$?IF_EventPayResultDisplay@@YG_NPBDABH1@Z 10041b20 f    CIL library: CIL module
 0001:00040b20       __ehhandler$?IF_SetVehicleStatus@@YG_NPBDABH1@Z 10041b20 f    CIL library: CIL module
 0001:00040b20       __ehhandler$?IF_EventDealStop@@YG_NPBDABH1@Z 10041b20 f    CIL library: CIL module
 0001:00040b20       __ehhandler$?IF_DebitCancel@@YG_NPBDABH1@Z 10041b20 f    CIL library: CIL module
 0001:00040b50       __unwindfunclet$?IF_EventStopScan@@YG_NXZ$0 10041b50 f    CIL library: CIL module
 0001:00040b50       __unwindfunclet$?IF_StopGetAccountInfo@@YG_NXZ$0 10041b50 f    CIL library: CIL module
 0001:00040b50       __unwindfunclet$?IF_EventDestroy@@YG_NXZ$0 10041b50 f    CIL library: CIL module
 0001:00040b58       __unwindfunclet$?IF_EventStopScan@@YG_NXZ$1 10041b58 f    CIL library: CIL module
 0001:00040b58       __unwindfunclet$?IF_StopGetAccountInfo@@YG_NXZ$1 10041b58 f    CIL library: CIL module
 0001:00040b58       __unwindfunclet$?IF_EventDestroy@@YG_NXZ$1 10041b58 f    CIL library: CIL module
 0001:00040b60       __ehhandler$?IF_EventStopScan@@YG_NXZ 10041b60 f    CIL library: CIL module
 0001:00040b60       __ehhandler$?IF_EventDestroy@@YG_NXZ 10041b60 f    CIL library: CIL module
 0001:00040b60       __ehhandler$?IF_StopGetAccountInfo@@YG_NXZ 10041b60 f    CIL library: CIL module
 0001:00040b90       ??__Eitc_query_str@@YAXXZ  10041b90 f    CIL library: CIL module
 0001:00040ba0       ??__E?null@Value@Json@@2V12@B@@YAXXZ 10041ba0 f    CIL library: CIL module
 0001:00040bc0       ??__EdummyValueAllocatorInitializer@Json@@YAXXZ 10041bc0 f    CIL library: CIL module
 0001:00040be9       ??__E_afxTermDllState@@YAXXZ 10041be9 f   nafxcw:dllmodul.obj
 0001:00040bff       ??__E_afxThreadState@@YAXXZ 10041bff f   nafxcw:afxstate.obj
 0001:00040c0b       ??__E_afxBaseModuleState@@YAXXZ 10041c0b f   nafxcw:afxstate.obj
 0001:00040c17       ??__E_simpleMemoryException@@YAXXZ 10041c17 f   nafxcw:except.obj
 0001:00040c23       ??__E_simpleNotSupportedException@@YAXXZ 10041c23 f   nafxcw:except.obj
 0001:00040c2f       ??__E_simpleInvalidArgException@@YAXXZ 10041c2f f   nafxcw:except.obj
 0001:00040c3b       ??__EafxStringManager@@YAXXZ 10041c3b f   nafxcw:strcore.obj
 0001:00040c45       ??__EafxData@@YAXXZ        10041c45 f   nafxcw:auxdata.obj
 0001:00040c5b       ??__E_afxHtmlHelpState@@YAXXZ 10041c5b f   nafxcw:wincore.obj
 0001:00040c67       ??__E?m_nMsgDragList@CWnd@@1IB@@YAXXZ 10041c67 f   nafxcw:wincore.obj
 0001:00040c78       ??__E?wndTop@CWnd@@2V1@B@@YAXXZ 10041c78 f   nafxcw:wincore.obj
 0001:00040ce0       ??__E?wndBottom@CWnd@@2V1@B@@YAXXZ 10041ce0 f   nafxcw:wincore.obj
 0001:00040d4d       ??__E?wndTopMost@CWnd@@2V1@B@@YAXXZ 10041d4d f   nafxcw:wincore.obj
 0001:00040db7       ??__E?wndNoTopMost@CWnd@@2V1@B@@YAXXZ 10041db7 f   nafxcw:wincore.obj
 0001:00040e24       ??__E_simpleResourceException@@YAXXZ 10041e24 f   nafxcw:wingdi.obj
 0001:00040e5e       ??__E_simpleUserException@@YAXXZ 10041e5e f   nafxcw:wingdi.obj
 0001:00040e98       ??__E_init_CByteArray@@YAXXZ 10041e98 f   nafxcw:array_b.obj
 0001:00040ea3       ??__E_afxDBCS@@YAXXZ       10041ea3 f   nafxcw:afxdbcs.obj
 0001:00040eae       ??__Eclassic_locale@std@@YAXXZ 10041eae f   libcpmt:locale0.obj
 0001:00040eba       ??__Einitlocks@std@@YAXXZ  10041eba f   libcpmt:xlock.obj
 0001:00040ed0       ??__Einitlocks@std@@YAXXZ  10041ed0 f   libcpmt:iosptrs.obj
 0001:00040ee6       ??__Einit_atexit@@YAXXZ    10041ee6 f   libcpmt:iosptrs.obj
 0001:00040ef2       ??__E_AtlBaseModule@ATL@@YAXXZ 10041ef2 f   atls:atlbase.obj
 0001:00040f08       ??__E_AtlWinModule@ATL@@YAXXZ 10041f08 f   atls:atlbase.obj
 0001:00040f20       ??__FstrError@?1??IF_GetLastErrorDesc@@YGPBDXZ@YAXXZ 10041f20 f    CIL library: CIL module
 0001:00040f50       ??__Fitc_query_str@@YAXXZ  10041f50 f    CIL library: CIL module
 0001:00040f80       ??__FstrError@?1??IF_EventGetLastErrorDesc@@YGPBDXZ@YAXXZ 10041f80 f    CIL library: CIL module
 0001:00040fb0       ??__F?null@Value@Json@@2V12@B@@YAXXZ 10041fb0 f    CIL library: CIL module
 0001:00040fc0       ??__FdefaultAllocator@?1??valueAllocator@Json@@YAAAPAVValueAllocator@1@XZ@YAXXZ 10041fc0 f    CIL library: CIL module
 0001:00040fcb       ??__F_afxThreadState@@YAXXZ 10041fcb f   nafxcw:afxstate.obj
 0001:00040fd5       ??__F_afxBaseModuleState@@YAXXZ 10041fd5 f   nafxcw:afxstate.obj
 0001:00040fdf       ??__F_simpleMemoryException@@YAXXZ 10041fdf f   nafxcw:except.obj
 0001:00040fea       ??__F_simpleNotSupportedException@@YAXXZ 10041fea f   nafxcw:except.obj
 0001:00040ff5       ??__F_simpleInvalidArgException@@YAXXZ 10041ff5 f   nafxcw:except.obj
 0001:00041000       ??__FafxData@@YAXXZ        10042000 f   nafxcw:auxdata.obj
 0001:0004100a       ??__F_afxHtmlHelpState@@YAXXZ 1004200a f   nafxcw:wincore.obj
 0001:00041014       ??__F?wndTop@CWnd@@2V1@B@@YAXXZ 10042014 f   nafxcw:wincore.obj
 0001:0004101e       ??__F?wndBottom@CWnd@@2V1@B@@YAXXZ 1004201e f   nafxcw:wincore.obj
 0001:00041028       ??__F?wndTopMost@CWnd@@2V1@B@@YAXXZ 10042028 f   nafxcw:wincore.obj
 0001:00041032       ??__F?wndNoTopMost@CWnd@@2V1@B@@YAXXZ 10042032 f   nafxcw:wincore.obj
 0001:0004103c       ??__F_simpleResourceException@@YAXXZ 1004203c f   nafxcw:wingdi.obj
 0001:00041047       ??__F_simpleUserException@@YAXXZ 10042047 f   nafxcw:wingdi.obj
 0001:00041052       ??__Fclassic_locale@std@@YAXXZ 10042052 f   libcpmt:locale0.obj
 0001:0004105c       ??__Finitlocks@std@@YAXXZ  1004205c f   libcpmt:xlock.obj
 0001:00041066       ??__Finitlocks@std@@YAXXZ  10042066 f   libcpmt:iosptrs.obj
 0001:00041070       ??__Finit_atexit@@YAXXZ    10042070 f   libcpmt:iosptrs.obj
 0001:0004107a       ??__F_AtlBaseModule@ATL@@YAXXZ 1004207a f   atls:atlbase.obj
 0001:00041084       ??__F_AtlWinModule@ATL@@YAXXZ 10042084 f   atls:atlbase.obj
